01-01 01:00:21.185   835   961 D ConnectivityService: Got NetworkFactory Messenger for PhoneSwitcherNetworkRequstListener
01-01 01:00:21.190   835   961 D ConnectivityService: Got NetworkFactory Messenger for TelephonyNetworkFactory[0]
01-01 01:00:21.210   835  1612 D BluetoothManagerService: Trying to bind to profile: 1, while Bluetooth was disabled
01-01 01:00:21.298   835  1313 I ActivityManager: START u0 {act=android.settings.SETTINGS flg=0x14000000 cmp=com.android.settings/.Settings} from uid 10026 on display 0
01-01 01:00:21.305   835  1302 E ActivityManager: applyOptionsLocked: Unknown animationType=0
01-01 01:00:21.476  1330  1838 E ActivityThread: Failed to find provider info for com.qti.smq.qualcommFeedback.provider
01-01 01:00:21.679   835   865 I Telecom : PhoneAccountRegistrar: New phone account registered: [[ ] PhoneAccount: ComponentInfo{com.android.phone/com.android.services.telephony.TelephonyConnectionService}, [e0184adedf913b076626646d3f52c3b49c39ad6d], UserHandle{0} Capabilities: CallProvider MultiUser PlaceEmerg SimSub  Audio Routes: BESW Schemes: tel voicemail  Extras: null GroupId: [da39a3ee5e6b4b0d3255bfef95601890afd80709]]: TSI.rPA@AAo
01-01 01:00:21.681   835   865 I Telecom : : Sending phone-account registered intent as user: TSI.rPA@AAo
01-01 01:00:21.813   835  1033 I Telecom : PhoneAccountRegistrar: [ComponentInfo{com.android.phone/com.android.services.telephony.TelephonyConnectionService}, [e0184adedf913b076626646d3f52c3b49c39ad6d], UserHandle{0}(icon: Icon(typ=BITMAP size=38x48) -> Icon(typ=BITMAP size=38x48))]: TSI.rPA@AA0
01-01 01:00:21.815   835  1033 I Telecom : : Sending phone-account registered intent as user: TSI.rPA@AA0
01-01 01:00:21.829   835   865 I ActivityManager: Setting hasTopUi=false for pid=1038
01-01 01:00:21.918  1643  1643 I MediaUpgradeReceiver: ---> Start upgrade of media database external.db
01-01 01:00:21.937  1270  1270 D MccTable: updateMccMncConfiguration mccmnc='26207' fromServiceState=false
01-01 01:00:21.940  1270  1270 D MccTable: updateMccMncConfiguration defaultMccMnc=
01-01 01:00:21.940  1270  1270 D MccTable: updateMccMncConfiguration: mcc=262, mnc=7
01-01 01:00:21.949  1270  1270 D MccTable: timezone set to Europe/Berlin
01-01 01:00:21.949  1270  1270 D MccTable: updateMccMncConfiguration updateConfig config={1.0 262mcc7mnc ?localeList ?layoutDir ?swdp ?wdp ?hdp ?density ?lsize ?long ?orien ?uimode ?night ?touch ?keyb/?/? ?nav/?}
01-01 01:00:21.953   835   835 D ConditionProviders.SCP: onReceive android.intent.action.TIMEZONE_CHANGED
01-01 01:00:21.959   835  1613 I ActivityManager: Config changes=3 {1.0 262mcc7mnc [en_US] ldltr sw800dp w1280dp h776dp 320dpi xlrg land finger -keyb/v/h -nav/h s.7}
01-01 01:00:21.979   835   835 D ConditionProviders.SCP: notifyCondition condition://android/schedule?days=6.7&start=23.30&end=10.0&exitAtAlarm=false STATE_FALSE reason=!meetsSchedule
01-01 01:00:21.982   835   835 D ConditionProviders.SCP: notifyCondition condition://android/schedule?days=1.2.3.4.5&start=22.0&end=7.0&exitAtAlarm=false STATE_TRUE reason=meetsSchedule
01-01 01:00:21.982   835   835 D ConditionProviders.SCP: Scheduling evaluate for Wed Jan 01 07:00:00 GMT+01:00 2014 (1388556000000), in +5h59m38s47ms, now=Wed Jan 01 01:00:21 GMT+01:00 2014 (1388534421953)
01-01 01:00:22.139   835  1613 I Telecom : PhoneAccountRegistrar: [ComponentInfo{com.android.phone/com.android.services.telephony.TelephonyConnectionService}, [e0184adedf913b076626646d3f52c3b49c39ad6d], UserHandle{0}(addr: tel:************** -> tel:)(icon: Icon(typ=BITMAP size=38x48) -> Icon(typ=BITMAP size=38x48))(subAddr: tel:************** -> tel:)]: TSI.rPA@AA8
01-01 01:00:22.141   835  1613 I Telecom : : Sending phone-account registered intent as user: TSI.rPA@AA8
01-01 01:00:22.163   835  1034 I Telecom : PhoneAccountRegistrar: [ComponentInfo{com.android.phone/com.android.services.telephony.TelephonyConnectionService}, [e0184adedf913b076626646d3f52c3b49c39ad6d], UserHandle{0}(icon: Icon(typ=BITMAP size=38x48) -> Icon(typ=BITMAP size=38x48))]: TSI.rPA@ABI
01-01 01:00:22.164   835  1034 I Telecom : : Sending phone-account registered intent as user: TSI.rPA@ABI
01-01 01:00:22.202  1270  1270 D MccTable: updateMccMncConfiguration mccmnc='26207' fromServiceState=false
01-01 01:00:22.207  1270  1270 D MccTable: updateMccMncConfiguration defaultMccMnc=26207
01-01 01:00:22.207  1270  1270 D MccTable: updateMccMncConfiguration: mcc=262, mnc=7
01-01 01:00:22.207  1270  1270 D MccTable: updateMccMncConfiguration updateConfig config={1.0 262mcc7mnc ?localeList ?layoutDir ?swdp ?wdp ?hdp ?density ?lsize ?long ?orien ?uimode ?night ?touch ?keyb/?/? ?nav/?}
01-01 01:00:22.256  1330  1844 V FingerprintManager: FingerprintManagerService was null
01-01 01:00:22.310  1270  1270 D MccTable: updateMccMncConfiguration mccmnc='26207' fromServiceState=false
01-01 01:00:22.311  1270  1270 D MccTable: updateMccMncConfiguration defaultMccMnc=26207
01-01 01:00:22.311  1270  1270 D MccTable: updateMccMncConfiguration: mcc=262, mnc=7
01-01 01:00:22.311  1270  1270 D MccTable: updateMccMncConfiguration updateConfig config={1.0 262mcc7mnc ?localeList ?layoutDir ?swdp ?wdp ?hdp ?density ?lsize ?long ?orien ?uimode ?night ?touch ?keyb/?/? ?nav/?}
01-01 01:00:22.493   835   887 I WindowManager: Screen frozen for +524ms due to Window{317586 u0 com.android.settings/com.android.settings.Settings}
01-01 01:00:22.689   835   865 I Telecom : PhoneAccountRegistrar: New phone account registered: [[ ] PhoneAccount: ComponentInfo{com.android.phone/com.android.services.telephony.TelephonyConnectionService}, [356a192b7913b04c54574d18c28d46e6395428ab], UserHandle{0} Capabilities: CallProvider MultiUser PlaceEmerg SimSub  Audio Routes: BESW Schemes: tel voicemail  Extras: null GroupId: [da39a3ee5e6b4b0d3255bfef95601890afd80709]]: TSI.rPA@ABU
01-01 01:00:22.692   835   865 I Telecom : : Sending phone-account registered intent as user: TSI.rPA@ABU
01-01 01:00:22.698   835  1313 E Telecom : : Could not parse subId2 E: TSI.gCCPA@ABY
01-01 01:00:22.698   835  1313 E Telecom : java.lang.NumberFormatException: For input string: "E"
01-01 01:00:22.698   835  1313 E Telecom : 	at java.lang.Integer.parseInt(Integer.java:521)
01-01 01:00:22.698   835  1313 E Telecom : 	at java.lang.Integer.parseInt(Integer.java:556)
01-01 01:00:22.698   835  1313 E Telecom : 	at com.android.server.telecom.PhoneAccountRegistrar$6.compare(PhoneAccountRegistrar.java:902)
01-01 01:00:22.698   835  1313 E Telecom : 	at com.android.server.telecom.PhoneAccountRegistrar$6.compare(PhoneAccountRegistrar.java:887)
01-01 01:00:22.698   835  1313 E Telecom : 	at java.util.TimSort.countRunAndMakeAscending(TimSort.java:351)
01-01 01:00:22.698   835  1313 E Telecom : 	at java.util.TimSort.sort(TimSort.java:216)
01-01 01:00:22.698   835  1313 E Telecom : 	at java.util.Arrays.sort(Arrays.java:1523)
01-01 01:00:22.698   835  1313 E Telecom : 	at java.util.Collections.sort(Collections.java:238)
01-01 01:00:22.698   835  1313 E Telecom : 	at com.android.server.telecom.PhoneAccountRegistrar.getPhoneAccountHandles(PhoneAccountRegistrar.java:886)
01-01 01:00:22.698   835  1313 E Telecom : 	at com.android.server.telecom.PhoneAccountRegistrar.getCallCapablePhoneAccounts(PhoneAccountRegistrar.java:565)
01-01 01:00:22.698   835  1313 E Telecom : 	at com.android.server.telecom.TelecomServiceImpl$1.getCallCapablePhoneAccounts(TelecomServiceImpl.java:190)
01-01 01:00:22.698   835  1313 E Telecom : 	at com.android.internal.telecom.ITelecomService$Stub.onTransact(ITelecomService.java:114)
01-01 01:00:22.698   835  1313 E Telecom : 	at android.os.Binder.execTransact(Binder.java:565)
01-01 01:00:22.701   835  1612 I Telecom : : Sending phone-account unregistered intent as user: TSI.uPA@ABc
01-01 01:00:22.747   835  1613 I Telecom : PhoneAccountRegistrar: [ComponentInfo{com.android.phone/com.android.services.telephony.TelephonyConnectionService}, [356a192b7913b04c54574d18c28d46e6395428ab], UserHandle{0}(icon: Icon(typ=BITMAP size=38x48) -> Icon(typ=BITMAP size=38x48))]: TSI.rPA@ABk
01-01 01:00:22.749   835  1613 I Telecom : : Sending phone-account registered intent as user: TSI.rPA@ABk
01-01 01:00:22.792   835   865 I Telecom : PhoneAccountRegistrar: [ComponentInfo{com.android.phone/com.android.services.telephony.TelephonyConnectionService}, [356a192b7913b04c54574d18c28d46e6395428ab], UserHandle{0}(icon: Icon(typ=BITMAP size=38x48) -> Icon(typ=BITMAP size=38x48))]: TSI.rPA@AB8
01-01 01:00:22.793   835   865 I Telecom : : Sending phone-account registered intent as user: TSI.rPA@AB8
01-01 01:00:22.813   835  1612 I ActivityManager: Start proc 1890:com.android.carrierconfig/u0a0 for service com.android.carrierconfig/.DefaultCarrierConfigService
01-01 01:00:22.862   835  1033 I Telecom : PhoneAccountRegistrar: [ComponentInfo{com.android.phone/com.android.services.telephony.TelephonyConnectionService}, [356a192b7913b04c54574d18c28d46e6395428ab], UserHandle{0}(icon: Icon(typ=BITMAP size=38x48) -> Icon(typ=BITMAP size=38x48))]: TSI.rPA@ACQ
01-01 01:00:22.863   835  1033 I Telecom : : Sending phone-account registered intent as user: TSI.rPA@ACQ
01-01 01:00:22.899   835  1613 D ActivityManager: Sending BOOT_COMPLETE user #0
01-01 01:00:22.907   835  1612 I Telecom : PhoneAccountRegistrar: [ComponentInfo{com.android.phone/com.android.services.telephony.TelephonyConnectionService}, [356a192b7913b04c54574d18c28d46e6395428ab], UserHandle{0}(icon: Icon(typ=BITMAP size=38x48) -> Icon(typ=BITMAP size=38x48))]: TSI.rPA@ACs
01-01 01:00:22.909   835  1612 I Telecom : : Sending phone-account registered intent as user: TSI.rPA@ACs
01-01 01:00:22.927   835   865 I ActivityManager: Start proc 1910:com.android.messaging/u0a50 for broadcast com.android.messaging/.receiver.DefaultSmsSubscriptionChangeReceiver
01-01 01:00:22.940   835  1033 I Telecom : PhoneAccountRegistrar: [ComponentInfo{com.android.phone/com.android.services.telephony.TelephonyConnectionService}, [356a192b7913b04c54574d18c28d46e6395428ab], UserHandle{0}(icon: Icon(typ=BITMAP size=38x48) -> Icon(typ=BITMAP size=38x48))]: TSI.rPA@ADA
01-01 01:00:22.942   835  1033 I Telecom : : Sending phone-account registered intent as user: TSI.rPA@ADA
01-01 01:00:23.008   835   835 I Telecom : PhoneAccountRegistrar: SimCallManager queried, returning: null: TSI.gSCMFU@ADE
01-01 01:00:23.035   835   889 D LuxLevels: bright hysteresis constant= 0.1, threshold=27.950203, lux=25.409275
01-01 01:00:23.035   835   889 D LuxLevels: dark hysteresis constant= 0.2, threshold=20.327421, lux=25.409275
01-01 01:00:23.172   835  1939 E BootReceiver: Error reading /data/system/last-header.txt
01-01 01:00:23.172   835  1939 E BootReceiver: java.io.FileNotFoundException: /data/system/last-header.txt (No such file or directory)
01-01 01:00:23.172   835  1939 E BootReceiver: 	at java.io.FileInputStream.open(Native Method)
01-01 01:00:23.172   835  1939 E BootReceiver: 	at java.io.FileInputStream.<init>(FileInputStream.java:146)
01-01 01:00:23.172   835  1939 E BootReceiver: 	at android.os.FileUtils.readTextFile(FileUtils.java:263)
01-01 01:00:23.172   835  1939 E BootReceiver: 	at com.android.server.BootReceiver.getPreviousBootHeaders(BootReceiver.java:121)
01-01 01:00:23.172   835  1939 E BootReceiver: 	at com.android.server.BootReceiver.getBootHeadersToLogAndUpdate(BootReceiver.java:143)
01-01 01:00:23.172   835  1939 E BootReceiver: 	at com.android.server.BootReceiver.logBootEvents(BootReceiver.java:163)
01-01 01:00:23.172   835  1939 E BootReceiver: 	at com.android.server.BootReceiver.-wrap2(BootReceiver.java)
01-01 01:00:23.172   835  1939 E BootReceiver: 	at com.android.server.BootReceiver$1.run(BootReceiver.java:93)
01-01 01:00:23.174   835  1302 D MmsServiceBroker: getCarrierConfigValues() by com.android.messaging
01-01 01:00:23.174   835  1302 W MmsServiceBroker: MmsService not connected. Try connecting...
01-01 01:00:23.181   835   835 I ActivityManager: Start proc 1940:com.android.dialer/u0a13 for broadcast com.android.dialer/.calllog.CallLogReceiver
01-01 01:00:23.182   835   835 I MmsServiceBroker: Connecting to MmsService
01-01 01:00:23.183   835   835 W ContextImpl: Calling a method in the system process without a qualified user: android.app.ContextImpl.bindService:1421 com.android.server.MmsServiceBroker.tryConnecting:241 com.android.server.MmsServiceBroker.-wrap3:-1 com.android.server.MmsServiceBroker$1.handleMessage:83 android.os.Handler.dispatchMessage:102 
01-01 01:00:23.205   835  1939 I BootReceiver: No existing last log timestamp file /data/system/log-files.xml; starting empty
01-01 01:00:23.210   835  1939 I BootReceiver: Copying audit failures to DropBox
01-01 01:00:23.210   835  1939 I BootReceiver: Checking for fsck errors
01-01 01:00:23.218   835   835 I MmsServiceBroker: MmsService connected
01-01 01:00:23.260   835  1033 I ActivityManager: START u0 {flg=0x8000 cmp=com.android.settings/.Settings$WifiSettingsActivity (has extras)} from uid 1000 on display 0
01-01 01:00:23.290   835   865 D MmsServiceBroker: getCarrierConfigValues() by com.android.messaging
01-01 01:00:23.396   835   866 D MmsServiceBroker: getCarrierConfigValues() by com.android.messaging
01-01 01:00:23.454   835   866 I ActivityManager: Start proc 1971:com.android.camera2/u0a35 for broadcast com.android.camera2/com.android.camera.DisableCameraReceiver
01-01 01:00:23.484   835   835 I Telecom : PhoneAccountRegistrar: SimCallManager queried, returning: null: TSI.gSCMFU@ADc
01-01 01:00:23.525   835  1613 D MmsServiceBroker: getCarrierConfigValues() by com.android.messaging
01-01 01:00:23.732   835  1613 I ActivityManager: Start proc 1999:com.android.gallery3d/u0a43 for broadcast com.android.gallery3d/com.android.camera.DisableCameraReceiver
01-01 01:00:23.918   835  1033 D CountryDetector: The first listener is added
01-01 01:00:23.930   835  1613 I ActivityManager: Start proc 2021:com.android.onetimeinitializer/u0a15 for broadcast com.android.onetimeinitializer/.OneTimeInitializerReceiver
--------- beginning of main
01-01 01:00:24.052  1270  1284 D IccSmsInterfaceManager: [IccSmsInterfaceManager] Added GSM cell broadcast subscription for MID range 4386 to 4391 from client com.android.cellbroadcastreceiver
01-01 01:00:24.052  1270  1284 D IccSmsInterfaceManager: [IccSmsInterfaceManager] Calling setCellBroadcastActivation(true)
01-01 01:00:24.054  2036  2036 E cutils-trace: Error opening trace file: Permission denied (13)
01-01 01:00:24.056  2036  2036 E patchoat: Failed to open output oat file /data/dalvik-cache/arm/system@priv-app@OneTimeInitializer@OneTimeInitializer.apk@classes.dex: Permission denied(13)
01-01 01:00:24.058  2021  2021 W art     : Failed execv(/system/bin/patchoat --instruction-set=arm --input-oat-file=/system/priv-app/OneTimeInitializer/oat/arm/OneTimeInitializer.odex --output-oat-file=/data/dalvik-cache/arm/system@priv-app@OneTimeInitializer@OneTimeInitializer.apk@classes.dex --patched-image-location=/system/framework/boot.art) because non-0 exit status
01-01 01:00:24.060  2021  2021 W System  : ClassLoader referenced unknown path: /system/priv-app/OneTimeInitializer/lib/arm
01-01 01:00:24.063  1270  1285 D IccSmsInterfaceManager: [IccSmsInterfaceManager] Calling setGsmBroadcastConfig with 5 configurations
01-01 01:00:24.083  2021  2021 V OneTimeInitializerRece: OneTimeInitializerReceiver.onReceive
01-01 01:00:24.085   835  1313 D CompatibilityInfo: mCompatibilityFlags - 4
01-01 01:00:24.085   835  1313 D CompatibilityInfo: applicationDensity - 320
01-01 01:00:24.085   835  1313 D CompatibilityInfo: applicationScale - 1.0
01-01 01:00:24.086   835  1613 D CompatibilityInfo: mCompatibilityFlags - 4
01-01 01:00:24.087   835  1613 D CompatibilityInfo: applicationDensity - 320
01-01 01:00:24.087   835  1613 D CompatibilityInfo: applicationScale - 1.0
01-01 01:00:24.096  2021  2039 I OneTimeInitializerServ: Updating to version 1.
01-01 01:00:24.096  2021  2039 E ActivityThread: Failed to find provider info for com.android.launcher2.settings
01-01 01:00:24.099   835  1034 D CompatibilityInfo: mCompatibilityFlags - 4
01-01 01:00:24.099   835  1034 D CompatibilityInfo: applicationDensity - 320
01-01 01:00:24.099   835  1034 D CompatibilityInfo: applicationScale - 1.0
01-01 01:00:24.110  1270  1270 V VvmBootCompletedRcvr: processing subId list
01-01 01:00:24.114  1270  1270 V VvmBootCompletedRcvr: processing subId 1
01-01 01:00:24.118  1270  1270 D VvmSimChangeReceiver: visual voicemail not supported for carrier 26207 on subId 1
01-01 01:00:24.153   835  1313 D CompatibilityInfo: mCompatibilityFlags - 4
01-01 01:00:24.153   835  1313 D CompatibilityInfo: applicationDensity - 320
01-01 01:00:24.154   835  1313 D CompatibilityInfo: applicationScale - 1.0
01-01 01:00:24.169  1270  1285 D IccSmsInterfaceManager: [IccSmsInterfaceManager] Added GSM cell broadcast subscription for MID range 4392 to 4392 from client com.android.cellbroadcastreceiver
01-01 01:00:24.169  1270  1285 D IccSmsInterfaceManager: [IccSmsInterfaceManager] Calling setCellBroadcastActivation(true)
01-01 01:00:24.170   835  1033 D CompatibilityInfo: mCompatibilityFlags - 4
01-01 01:00:24.170   835  1033 D CompatibilityInfo: applicationDensity - 320
01-01 01:00:24.171   835  1033 D CompatibilityInfo: applicationScale - 1.0
01-01 01:00:24.178  1745  1745 I BootCompletedReceiver: Boot complete, newly created contact database detected. Pref Time:  DB Time: 1388534419886
01-01 01:00:24.180  1270  1869 D IccSmsInterfaceManager: [IccSmsInterfaceManager] Failed to remove GSM cell broadcast subscription for MID range 4393 to 4395 from client com.android.cellbroadcastreceiver
01-01 01:00:24.189  1270  1825 D IccSmsInterfaceManager: [IccSmsInterfaceManager] Failed to remove GSM cell broadcast subscription for MID range 50 to 50 from client com.android.cellbroadcastreceiver
01-01 01:00:24.198  1270  1869 D IccSmsInterfaceManager: [IccSmsInterfaceManager] Failed to remove GSM cell broadcast subscription for MID range 60 to 60 from client com.android.cellbroadcastreceiver
01-01 01:00:24.201  1804  1909 D CellBroadcastOtherChannelsManager: No additional channels configured. subId = 1
01-01 01:00:24.204  1745  1745 I ContactsProvider: onContactsDbCreated
01-01 01:00:24.206   835   866 D CompatibilityInfo: mCompatibilityFlags - 4
01-01 01:00:24.206   835   866 D CompatibilityInfo: applicationDensity - 320
01-01 01:00:24.206   835   866 D CompatibilityInfo: applicationScale - 1.0
01-01 01:00:24.217   835  1613 D CompatibilityInfo: mCompatibilityFlags - 4
01-01 01:00:24.217   835  1613 D CompatibilityInfo: applicationDensity - 320
01-01 01:00:24.217   835  1613 D CompatibilityInfo: applicationScale - 1.0
01-01 01:00:24.221   835  1033 D CompatibilityInfo: mCompatibilityFlags - 4
01-01 01:00:24.221   835  1033 D CompatibilityInfo: applicationDensity - 320
01-01 01:00:24.221   835  1033 D CompatibilityInfo: applicationScale - 1.0
01-01 01:00:24.224   835   865 D CompatibilityInfo: mCompatibilityFlags - 4
01-01 01:00:24.224   835   865 D CompatibilityInfo: applicationDensity - 320
01-01 01:00:24.224   835   865 D CompatibilityInfo: applicationScale - 1.0
01-01 01:00:24.388   835  1612 D CompatibilityInfo: mCompatibilityFlags - 4
01-01 01:00:24.388   835  1612 D CompatibilityInfo: applicationDensity - 320
01-01 01:00:24.388   835  1612 D CompatibilityInfo: applicationScale - 1.0
01-01 01:00:24.402   835   957 D WifiNative-HAL: Failing getSupportedFeatureset because HAL isn't started
01-01 01:00:24.404   835  1033 I ActivityManager: Start proc 2046:projekt.substratum/u0a49 for broadcast projekt.substratum/.services.system.BootCompletedDetector
01-01 01:00:24.408   835  1613 E BatteryStatsService: no controller energy info supplied
01-01 01:00:24.408   835  1613 E BatteryStatsService: no controller energy info supplied
01-01 01:00:24.440  1643  2045 I MediaProvider: Upgrading media database from version 0 to 800, which will destroy all old data
01-01 01:00:24.443   835  1033 D CompatibilityInfo: mCompatibilityFlags - 4
01-01 01:00:24.443   835  1033 D CompatibilityInfo: applicationDensity - 320
01-01 01:00:24.443   835  1033 D CompatibilityInfo: applicationScale - 1.0
01-01 01:00:24.444   835  1613 E BatteryStatsService: modem info is invalid: ModemActivityInfo{ mTimestamp=0 mSleepTimeMs=0 mIdleTimeMs=0 mTxTimeMs[]=[0, 0, 0, 0, 0] mRxTimeMs=0 mEnergyUsed=0}
01-01 01:00:24.452   835  1033 D CompatibilityInfo: mCompatibilityFlags - 4
01-01 01:00:24.452   835  1033 D CompatibilityInfo: applicationDensity - 320
01-01 01:00:24.452   835  1033 D CompatibilityInfo: applicationScale - 1.0
01-01 01:00:24.468  2046  2046 W System  : ClassLoader referenced unknown path: /system/app/Substratum/lib/arm
01-01 01:00:24.503   835   887 I art     : Starting a blocking GC Explicit
01-01 01:00:24.519  2046  2046 D FirebaseApp: com.google.firebase.auth.FirebaseAuth is not linked. Skipping initialization.
01-01 01:00:24.533  2046  2046 W InstanceID/Rpc: Failed to resolve IID implementation package, falling back
01-01 01:00:24.534  2046  2046 W InstanceID/Rpc: Google Play services is missing, unable to get tokens
01-01 01:00:24.553   835   887 I art     : Explicit concurrent mark sweep GC freed 7202(506KB) AllocSpace objects, 15(836KB) LOS objects, 33% free, 5MB/7MB, paused 1.902ms total 49.952ms
01-01 01:00:24.593  1643  2045 D MediaProvider: Adjusting external storage paths to: /storage/emulated/0
01-01 01:00:24.604  1330  1838 E ActivityThread: Failed to find provider info for com.qti.smq.qualcommFeedback.provider
01-01 01:00:24.643  1643  2045 E SQLiteLog: (1) no such table: files
01-01 01:00:24.660  1643  2045 I MediaScanner: forcing rescan of /system/media/audio/alarms/Alarm_Beep_01.ogg since build fingerprint changed
01-01 01:00:24.699  1643  2045 I MediaScanner: forcing rescan of /system/media/audio/alarms/Alarm_Beep_02.ogg since build fingerprint changed
01-01 01:00:24.731  1643  2045 I MediaScanner: forcing rescan of /system/media/audio/alarms/Alarm_Beep_03.ogg since build fingerprint changed
01-01 01:00:24.771  1643  2045 I MediaScanner: forcing rescan of /system/media/audio/alarms/Alarm_Buzzer.ogg since build fingerprint changed
01-01 01:00:24.796   835   957 D WifiNative-HAL: Failing getSupportedFeatureset because HAL isn't started
01-01 01:00:24.797   835  1612 E BatteryStatsService: no controller energy info supplied
01-01 01:00:24.797   835  1612 E BatteryStatsService: no controller energy info supplied
01-01 01:00:24.810  1643  2045 W MediaScanner: forcing rescan of /system/media/audio/alarms/Alarm_Classic.oggsince ringtone setting didn't finish
01-01 01:00:24.812   835  1612 E BatteryStatsService: modem info is invalid: ModemActivityInfo{ mTimestamp=0 mSleepTimeMs=0 mIdleTimeMs=0 mTxTimeMs[]=[0, 0, 0, 0, 0] mRxTimeMs=0 mEnergyUsed=0}
01-01 01:00:24.853  1643  2045 W MediaProvider: Missing volume for /system; assuming invalid
01-01 01:00:24.859  1643  2045 W MediaProvider: Missing volume for /system/media; assuming invalid
01-01 01:00:24.863  1643  2045 W MediaProvider: Missing volume for /system/media/audio; assuming invalid
01-01 01:00:24.868  1643  2045 W MediaProvider: Missing volume for /system/media/audio/alarms; assuming invalid
01-01 01:00:24.887  1330  1838 E ActivityThread: Failed to find provider info for com.qti.smq.qualcommFeedback.provider
01-01 01:00:24.916  1643  2045 W MediaProvider: Missing volume for /system/media/audio/alarms/Alarm_Beep_01.ogg; assuming invalid
01-01 01:00:24.922  1643  2045 W MediaProvider: Missing volume for /system/media/audio/alarms/Alarm_Beep_02.ogg; assuming invalid
01-01 01:00:24.924   403  1123 E MetadataRetrieverClient: failed to extract an album art
01-01 01:00:24.930  1330  1838 D Index   : Locale 'en_US' is already indexed
01-01 01:00:24.931  1643  2045 W MediaProvider: Missing volume for /system/media/audio/alarms/Alarm_Beep_03.ogg; assuming invalid
01-01 01:00:24.937  1643  2045 W MediaProvider: Missing volume for /system/media/audio/alarms/Alarm_Buzzer.ogg; assuming invalid
01-01 01:00:24.938  1330  1838 D Index   : Indexing locale 'en_US' took 7 millis
01-01 01:00:24.956  1643  2045 W MediaProvider: Missing volume for /system/media/audio/alarms/Alarm_Classic.ogg; assuming invalid
01-01 01:00:24.966  1330  1838 D Index   : Indexing locale 'en_US' took 7 millis
01-01 01:00:24.973  1505  1505 I AlarmClock: Detected change to system default alarm ringtone; clearing caches
01-01 01:00:24.980  1330  1838 D Index   : Deleting data for locale 'en_US' took 2 millis
01-01 01:00:24.983  1643  2045 I MediaScanner: forcing rescan of /system/media/audio/alarms/Alarm_Rooster_02.ogg since build fingerprint changed
01-01 01:00:24.983  1330  1838 D Index   : Indexing locale 'en_US' took 3 millis
01-01 01:00:24.996  1643  2045 I MediaScanner: forcing rescan of /system/media/audio/alarms/Argon.ogg since build fingerprint changed
01-01 01:00:25.022  1643  2045 I MediaScanner: forcing rescan of /system/media/audio/alarms/Barium.ogg since build fingerprint changed
01-01 01:00:25.043  1643  2045 I MediaScanner: forcing rescan of /system/media/audio/alarms/Carbon.ogg since build fingerprint changed
01-01 01:00:25.068  1643  2045 I MediaScanner: forcing rescan of /system/media/audio/alarms/Hassium.ogg since build fingerprint changed
01-01 01:00:25.099  1643  2045 I MediaScanner: forcing rescan of /system/media/audio/alarms/Krypton.ogg since build fingerprint changed
01-01 01:00:25.129  1643  2045 I MediaScanner: forcing rescan of /system/media/audio/alarms/Neon.ogg since build fingerprint changed
01-01 01:00:25.160  1643  2045 I MediaScanner: forcing rescan of /system/media/audio/alarms/Neptunium.ogg since build fingerprint changed
01-01 01:00:25.185  1643  2045 I MediaScanner: forcing rescan of /system/media/audio/alarms/Osmium.ogg since build fingerprint changed
01-01 01:00:25.205  1643  2045 I MediaScanner: forcing rescan of /system/media/audio/alarms/Platinum.ogg since build fingerprint changed
01-01 01:00:25.235  1643  2045 I MediaScanner: forcing rescan of /system/media/audio/alarms/Plutonium.ogg since build fingerprint changed
01-01 01:00:25.265  1643  2045 I MediaScanner: forcing rescan of /system/media/audio/alarms/Scandium.ogg since build fingerprint changed
01-01 01:00:25.313  1643  2045 I MediaScanner: forcing rescan of /system/media/audio/notifications/Adara.ogg since build fingerprint changed
01-01 01:00:25.330  1643  2045 I MediaScanner: forcing rescan of /system/media/audio/notifications/Aldebaran.ogg since build fingerprint changed
01-01 01:00:25.345  1643  2045 I MediaScanner: forcing rescan of /system/media/audio/notifications/Altair.ogg since build fingerprint changed
01-01 01:00:25.358  1643  2045 I MediaScanner: forcing rescan of /system/media/audio/notifications/Alya.ogg since build fingerprint changed
01-01 01:00:25.371  1643  2045 I MediaScanner: forcing rescan of /system/media/audio/notifications/Antares.ogg since build fingerprint changed
01-01 01:00:25.387  1643  2045 I MediaScanner: forcing rescan of /system/media/audio/notifications/Antimony.ogg since build fingerprint changed
01-01 01:00:25.404  1643  2045 I MediaScanner: forcing rescan of /system/media/audio/notifications/Arcturus.ogg since build fingerprint changed
01-01 01:00:25.418  1643  2045 I MediaScanner: forcing rescan of /system/media/audio/notifications/Argon.ogg since build fingerprint changed
01-01 01:00:25.432  1643  2045 I MediaScanner: forcing rescan of /system/media/audio/notifications/Beat_Box_Android.ogg since build fingerprint changed
01-01 01:00:25.453  1643  2045 I MediaScanner: forcing rescan of /system/media/audio/notifications/Bellatrix.ogg since build fingerprint changed
01-01 01:00:25.470  1643  2045 I MediaScanner: forcing rescan of /system/media/audio/notifications/Beryllium.ogg since build fingerprint changed
01-01 01:00:25.481  2046  2066 E ActivityThread: Failed to find provider info for com.google.android.gms.chimera
01-01 01:00:25.481  2046  2066 W DynamiteModule: Failed to retrieve remote module version.
01-01 01:00:25.485  2046  2066 W GooglePlayServicesUtil: Google Play Store is missing.
01-01 01:00:25.485  2046  2066 I DynamiteModule: Considering local module com.google.android.gms.flags:2 and remote module com.google.android.gms.flags:0
01-01 01:00:25.485  2046  2066 I DynamiteModule: Selected local version of com.google.android.gms.flags
01-01 01:00:25.487  2046  2066 W DynamiteModule: Local module descriptor class for com.google.android.gms.crash not found.
01-01 01:00:25.487  2046  2066 W GooglePlayServicesUtil: Google Play Store is missing.
01-01 01:00:25.488  2046  2066 I DynamiteModule: Considering local module com.google.android.gms.crash:0 and remote module com.google.android.gms.crash:0
01-01 01:00:25.490  2046  2066 E FirebaseCrash: Failed to load crash reporting
01-01 01:00:25.490  2046  2066 E FirebaseCrash: com.google.android.gms.internal.w: com.google.android.gms.dynamite.DynamiteModule$c: No acceptable module found. Local version is 0 and remote version is 0.
01-01 01:00:25.490  2046  2066 E FirebaseCrash: 	at com.google.android.gms.internal.v.b(Unknown Source)
01-01 01:00:25.490  2046  2066 E FirebaseCrash: 	at com.google.firebase.crash.c.a(Unknown Source)
01-01 01:00:25.490  2046  2066 E FirebaseCrash: 	at com.google.firebase.crash.d.call(Unknown Source)
01-01 01:00:25.490  2046  2066 E FirebaseCrash: 	at java.util.concurrent.FutureTask.run(FutureTask.java:237)
01-01 01:00:25.490  2046  2066 E FirebaseCrash: 	at java.util.concurrent.ThreadPoolExecutor.runWorker(ThreadPoolExecutor.java:1133)
01-01 01:00:25.490  2046  2066 E FirebaseCrash: 	at java.util.concurrent.ThreadPoolExecutor$Worker.run(ThreadPoolExecutor.java:607)
01-01 01:00:25.490  2046  2066 E FirebaseCrash: 	at java.lang.Thread.run(Thread.java:761)
01-01 01:00:25.490  2046  2066 E FirebaseCrash: Caused by: com.google.android.gms.dynamite.DynamiteModule$c: No acceptable module found. Local version is 0 and remote version is 0.
01-01 01:00:25.490  2046  2066 E FirebaseCrash: 	at com.google.android.gms.dynamite.DynamiteModule.a(Unknown Source)
01-01 01:00:25.490  2046  2066 E FirebaseCrash: 	... 7 more
01-01 01:00:25.491  2046  2046 I FA      : App measurement is starting up, version: 11011
01-01 01:00:25.491  2046  2046 I FA      : To enable debug logging run: adb shell setprop log.tag.FA VERBOSE
01-01 01:00:25.491  2046  2068 E FirebaseCrash: Failed waiting for crash api to load.
01-01 01:00:25.491  2046  2068 E FirebaseCrash: java.lang.InterruptedException
01-01 01:00:25.491  2046  2068 E FirebaseCrash: 	at java.util.concurrent.locks.AbstractQueuedSynchronizer.doAcquireSharedNanos(AbstractQueuedSynchronizer.java:1036)
01-01 01:00:25.491  2046  2068 E FirebaseCrash: 	at java.util.concurrent.locks.AbstractQueuedSynchronizer.tryAcquireSharedNanos(AbstractQueuedSynchronizer.java:1327)
01-01 01:00:25.491  2046  2068 E FirebaseCrash: 	at java.util.concurrent.CountDownLatch.await(CountDownLatch.java:249)
01-01 01:00:25.491  2046  2068 E FirebaseCrash: 	at com.google.firebase.crash.FirebaseCrash.a(Unknown Source)
01-01 01:00:25.491  2046  2068 E FirebaseCrash: 	at com.google.firebase.crash.a.run(Unknown Source)
01-01 01:00:25.491  2046  2068 E FirebaseCrash: 	at java.util.concurrent.ThreadPoolExecutor.runWorker(ThreadPoolExecutor.java:1133)
01-01 01:00:25.491  2046  2068 E FirebaseCrash: 	at java.util.concurrent.ThreadPoolExecutor$Worker.run(ThreadPoolExecutor.java:607)
01-01 01:00:25.491  2046  2068 E FirebaseCrash: 	at java.lang.Thread.run(Thread.java:761)
01-01 01:00:25.495  1643  2045 I MediaScanner: forcing rescan of /system/media/audio/notifications/Betelgeuse.ogg since build fingerprint changed
01-01 01:00:25.499  2046  2046 I FA      : To enable faster debug mode event logging run:
01-01 01:00:25.499  2046  2046 I FA      :   adb shell setprop debug.firebase.analytics.app projekt.substratum
01-01 01:00:25.506  2046  2046 I FirebaseInitProvider: FirebaseApp initialization successful
01-01 01:00:25.516  2046  2071 W GooglePlayServicesUtil: Google Play Store is missing.
01-01 01:00:25.516  2046  2071 W FA      : Service invalid
01-01 01:00:25.517  2046  2046 D BinderService: Substratum is now connecting to the Binder service...
01-01 01:00:25.518   835  1033 D CompatibilityInfo: mCompatibilityFlags - 4
01-01 01:00:25.518   835  1033 D CompatibilityInfo: applicationDensity - 320
01-01 01:00:25.518   835  1033 D CompatibilityInfo: applicationScale - 1.0
01-01 01:00:25.519   835  1034 D CompatibilityInfo: mCompatibilityFlags - 4
01-01 01:00:25.519   835  1034 D CompatibilityInfo: applicationDensity - 320
01-01 01:00:25.519   835  1034 D CompatibilityInfo: applicationScale - 1.0
01-01 01:00:25.526  1643  2045 I MediaScanner: forcing rescan of /system/media/audio/notifications/CaffeineSnake.ogg since build fingerprint changed
01-01 01:00:25.529  2046  2046 D SubstratumLogger: Successfully registered broadcast receivers for Substratum functionality!
01-01 01:00:25.541  2046  2046 D SubstratumDelete: Using rootless operation to delete /storage/emulated/0/.substratum
01-01 01:00:25.547  2046  2046 D SubstratumDelete: File already deleted.
01-01 01:00:25.549  2046  2046 D SubstratumDelete: Operation succeeded
01-01 01:00:25.549  2046  2046 D SubstratumBoot: Successfully cleared the temporary compilation folder on the external storage.
01-01 01:00:25.551   835  1302 D CompatibilityInfo: mCompatibilityFlags - 4
01-01 01:00:25.551   835  1302 D CompatibilityInfo: applicationDensity - 320
01-01 01:00:25.551   835  1302 D CompatibilityInfo: applicationScale - 1.0
01-01 01:00:25.551  1643  2045 I MediaScanner: forcing rescan of /system/media/audio/notifications/Canopus.ogg since build fingerprint changed
01-01 01:00:25.554   835  1034 D CompatibilityInfo: mCompatibilityFlags - 4
01-01 01:00:25.554   835  1034 D CompatibilityInfo: applicationDensity - 320
01-01 01:00:25.554   835  1034 D CompatibilityInfo: applicationScale - 1.0
01-01 01:00:25.558   835  1034 D CompatibilityInfo: mCompatibilityFlags - 4
01-01 01:00:25.558   835  1034 D CompatibilityInfo: applicationDensity - 320
01-01 01:00:25.558   835  1034 D CompatibilityInfo: applicationScale - 1.0
01-01 01:00:25.560  1270  1270 D VvmSimChangeReceiver: Carrier config changed
01-01 01:00:25.566  1270  1270 D VvmSimChangeReceiver: visual voicemail not supported for carrier 26207 on subId 1
01-01 01:00:25.587   835  1034 I ActivityManager: Start proc 2074:projekt.interfacer/1000 for service projekt.interfacer/.services.JobService
01-01 01:00:25.599  1643  2045 I MediaScanner: forcing rescan of /system/media/audio/notifications/Capella.ogg since build fingerprint changed
01-01 01:00:25.604   835  1313 D CompatibilityInfo: mCompatibilityFlags - 4
01-01 01:00:25.604   835  1313 D CompatibilityInfo: applicationDensity - 320
01-01 01:00:25.604   835  1313 D CompatibilityInfo: applicationScale - 1.0
01-01 01:00:25.611  1270  1270 D VvmSimChangeReceiver: Carrier config changed
01-01 01:00:25.614  1270  1270 D VvmSimChangeReceiver: visual voicemail not supported for carrier 26207 on subId 1
01-01 01:00:25.615   835  1033 D CompatibilityInfo: mCompatibilityFlags - 4
01-01 01:00:25.615   835  1033 D CompatibilityInfo: applicationDensity - 320
01-01 01:00:25.615   835  1033 D CompatibilityInfo: applicationScale - 1.0
01-01 01:00:25.616  2046  2071 I FA      : This instance being marked as an uploader
01-01 01:00:25.617   835  1033 D CompatibilityInfo: mCompatibilityFlags - 4
01-01 01:00:25.617   835  1033 D CompatibilityInfo: applicationDensity - 320
01-01 01:00:25.617   835  1033 D CompatibilityInfo: applicationScale - 1.0
01-01 01:00:25.637  2074  2074 W System  : ClassLoader referenced unknown path: /system/priv-app/ThemeInterfacer/lib/arm
01-01 01:00:25.639  1643  2045 I MediaScanner: forcing rescan of /system/media/audio/notifications/Castor.ogg since build fingerprint changed
01-01 01:00:25.650   835  1034 D CompatibilityInfo: mCompatibilityFlags - 4
01-01 01:00:25.650   835  1034 D CompatibilityInfo: applicationDensity - 320
01-01 01:00:25.650   835  1034 D CompatibilityInfo: applicationScale - 1.0
01-01 01:00:25.671  2074  2074 W System  : ClassLoader referenced unknown path: 
01-01 01:00:25.671  2074  2074 W System  : ClassLoader referenced unknown path: /system/app/Substratum/lib/arm
01-01 01:00:25.672  2074  2074 D ApplicationLoaders: ignored Vulkan layer search path /system/app/Substratum/lib/arm:/system/lib:/vendor/lib for namespace 0xb6ec5090
01-01 01:00:25.676  1643  2045 I MediaScanner: forcing rescan of /system/media/audio/notifications/CetiAlpha.ogg since build fingerprint changed
01-01 01:00:25.686  2046  2046 D BinderService: Substratum has successfully binded with the Interfacer module.
01-01 01:00:25.722  1643  2045 I MediaScanner: forcing rescan of /system/media/audio/notifications/Cobalt.ogg since build fingerprint changed
01-01 01:00:25.756  1643  2045 I MediaScanner: forcing rescan of /system/media/audio/notifications/Cricket.ogg since build fingerprint changed
01-01 01:00:25.778  1643  2045 I MediaScanner: forcing rescan of /system/media/audio/notifications/DearDeer.ogg since build fingerprint changed
01-01 01:00:25.802  1643  2045 I MediaScanner: forcing rescan of /system/media/audio/notifications/Deneb.ogg since build fingerprint changed
01-01 01:00:25.833  1643  2045 I MediaScanner: forcing rescan of /system/media/audio/notifications/Doink.ogg since build fingerprint changed
01-01 01:00:25.867  1643  2045 I MediaScanner: forcing rescan of /system/media/audio/notifications/DontPanic.ogg since build fingerprint changed
01-01 01:00:25.915  1643  2045 I MediaScanner: forcing rescan of /system/media/audio/notifications/Drip.ogg since build fingerprint changed
01-01 01:00:25.961  1643  2045 I MediaScanner: forcing rescan of /system/media/audio/notifications/Electra.ogg since build fingerprint changed
01-01 01:00:25.993  1643  2045 I MediaScanner: forcing rescan of /system/media/audio/notifications/F1_MissedCall.ogg since build fingerprint changed
01-01 01:00:26.027  1643  2045 I MediaScanner: forcing rescan of /system/media/audio/notifications/F1_New_MMS.ogg since build fingerprint changed
01-01 01:00:26.066  1643  2045 I MediaScanner: forcing rescan of /system/media/audio/notifications/F1_New_SMS.ogg since build fingerprint changed
01-01 01:00:26.081  1643  2045 I MediaScanner: forcing rescan of /system/media/audio/notifications/Fluorine.ogg since build fingerprint changed
01-01 01:00:26.103  1643  2045 I MediaScanner: forcing rescan of /system/media/audio/notifications/Fomalhaut.ogg since build fingerprint changed
01-01 01:00:26.126  1643  2045 I MediaScanner: forcing rescan of /system/media/audio/notifications/Gallium.ogg since build fingerprint changed
01-01 01:00:26.144  1643  2045 I MediaScanner: forcing rescan of /system/media/audio/notifications/Heaven.ogg since build fingerprint changed
01-01 01:00:26.177  1643  2045 I MediaScanner: forcing rescan of /system/media/audio/notifications/Helium.ogg since build fingerprint changed
01-01 01:00:26.200  1643  2045 I MediaScanner: forcing rescan of /system/media/audio/notifications/Highwire.ogg since build fingerprint changed
01-01 01:00:26.229  1643  2045 I MediaScanner: forcing rescan of /system/media/audio/notifications/Hojus.ogg since build fingerprint changed
01-01 01:00:26.271  1643  2045 I MediaScanner: forcing rescan of /system/media/audio/notifications/Iridium.ogg since build fingerprint changed
01-01 01:00:26.339  1643  2045 I MediaScanner: forcing rescan of /system/media/audio/notifications/Krypton.ogg since build fingerprint changed
01-01 01:00:26.395   396   538 D audio_hw_primary: out_standby: enter: stream (0xb6244380) usecase(1: low-latency-playback)
01-01 01:00:26.397  1643  2045 I MediaScanner: forcing rescan of /system/media/audio/notifications/KzurbSonar.ogg since build fingerprint changed
01-01 01:00:26.442  1643  2045 I MediaScanner: forcing rescan of /system/media/audio/notifications/Lalande.ogg since build fingerprint changed
01-01 01:00:26.462   396   538 D hardware_info: hw_info_append_hw_type : device_name = speaker-cdp
01-01 01:00:26.500  1643  2045 I MediaScanner: forcing rescan of /system/media/audio/notifications/Merope.ogg since build fingerprint changed
01-01 01:00:26.545  1643  2045 I MediaScanner: forcing rescan of /system/media/audio/notifications/Mira.ogg since build fingerprint changed
01-01 01:00:26.558   835   939 I InputReader: Reconfiguring input devices.  changes=0x00000010
01-01 01:00:26.564   835   939 I InputReader: Reconfiguring input devices.  changes=0x00000010
01-01 01:00:26.565   835   939 I InputReader: Reconfiguring input devices.  changes=0x00000010
01-01 01:00:26.573   835   939 I InputReader: Reconfiguring input devices.  changes=0x00000010
01-01 01:00:26.581   835   939 I InputReader: Reconfiguring input devices.  changes=0x00000010
01-01 01:00:26.587   835   939 I InputReader: Reconfiguring input devices.  changes=0x00000010
01-01 01:00:26.598   835   939 I InputReader: Reconfiguring input devices.  changes=0x00000010
01-01 01:00:26.602  1270  1270 D CarrierSvcBindHelper: No carrier app for: 0
01-01 01:00:26.602   835   868 W Searchables: No global search activity found
01-01 01:00:26.623  1270  1270 D CarrierSvcBindHelper: No carrier app for: 0
01-01 01:00:26.660   835   868 W Searchables: No global search activity found
01-01 01:00:26.670   835   868 W Searchables: No global search activity found
01-01 01:00:26.674  1643  2045 I MediaScanner: forcing rescan of /system/media/audio/notifications/OnTheHunt.ogg since build fingerprint changed
01-01 01:00:26.676  1270  1270 D CarrierSvcBindHelper: No carrier app for: 0
01-01 01:00:26.679   835   868 W Searchables: No global search activity found
01-01 01:00:26.683   835   868 W Searchables: No global search activity found
01-01 01:00:26.704  1270  1270 D CarrierSvcBindHelper: No carrier app for: 0
01-01 01:00:26.706  1643  2045 I MediaScanner: forcing rescan of /system/media/audio/notifications/Palladium.ogg since build fingerprint changed
01-01 01:00:26.712   835   868 W Searchables: No global search activity found
01-01 01:00:26.719   835   868 W ResourceType: No known package when getting value for resource number 0x7f02010e
01-01 01:00:26.720   835   868 W ResourceType: No known package when getting value for resource number 0x7f0e03c4
01-01 01:00:26.720   835   868 W ResourceType: No known package when getting value for resource number 0x7f02010d
01-01 01:00:26.720   835   868 W ResourceType: No known package when getting value for resource number 0x7f0e0959
01-01 01:00:26.720   835   868 W ResourceType: No known package when getting value for resource number 0x7f02010c
01-01 01:00:26.722   835   868 W ResourceType: No known package when getting value for resource number 0x7f0e0813
01-01 01:00:26.728   835   868 W Searchables: No global search activity found
01-01 01:00:26.729  1270  1270 D CarrierSvcBindHelper: No carrier app for: 0
01-01 01:00:26.735  1643  2045 I MediaScanner: forcing rescan of /system/media/audio/notifications/Plastic_Pipe.ogg since build fingerprint changed
01-01 01:00:26.755  1270  1270 D CarrierSvcBindHelper: No carrier app for: 0
01-01 01:00:26.768  1643  2045 I MediaScanner: forcing rescan of /system/media/audio/notifications/Polaris.ogg since build fingerprint changed
01-01 01:00:26.779  1270  1270 D CarrierSvcBindHelper: No carrier app for: 0
01-01 01:00:26.792  1643  2045 I MediaScanner: forcing rescan of /system/media/audio/notifications/Pollux.ogg since build fingerprint changed
01-01 01:00:26.811  1643  2045 I MediaScanner: forcing rescan of /system/media/audio/notifications/Procyon.ogg since build fingerprint changed
01-01 01:00:26.837  1643  2045 I MediaScanner: forcing rescan of /system/media/audio/notifications/Proxima.ogg since build fingerprint changed
01-01 01:00:26.869  1643  2045 I MediaScanner: forcing rescan of /system/media/audio/notifications/Radon.ogg since build fingerprint changed
01-01 01:00:26.915  1643  2045 I MediaScanner: forcing rescan of /system/media/audio/notifications/Rubidium.ogg since build fingerprint changed
01-01 01:00:26.940  1643  2045 I MediaScanner: forcing rescan of /system/media/audio/notifications/Selenium.ogg since build fingerprint changed
01-01 01:00:26.991  1643  2045 I MediaScanner: forcing rescan of /system/media/audio/notifications/Shaula.ogg since build fingerprint changed
01-01 01:00:27.044  1643  2045 I MediaScanner: forcing rescan of /system/media/audio/notifications/Sirrah.ogg since build fingerprint changed
01-01 01:00:27.112  1643  2045 I MediaScanner: forcing rescan of /system/media/audio/notifications/SpaceSeed.ogg since build fingerprint changed
01-01 01:00:27.170  1643  2045 I MediaScanner: forcing rescan of /system/media/audio/notifications/Spica.ogg since build fingerprint changed
01-01 01:00:27.226  1643  2045 I MediaScanner: forcing rescan of /system/media/audio/notifications/Strontium.ogg since build fingerprint changed
01-01 01:00:27.294  1643  2045 I MediaScanner: forcing rescan of /system/media/audio/notifications/Syrma.ogg since build fingerprint changed
01-01 01:00:27.357  1643  2045 I MediaScanner: forcing rescan of /system/media/audio/notifications/TaDa.ogg since build fingerprint changed
01-01 01:00:27.464  1643  2045 I MediaScanner: forcing rescan of /system/media/audio/notifications/Talitha.ogg since build fingerprint changed
01-01 01:00:27.506  1643  2045 I MediaScanner: forcing rescan of /system/media/audio/notifications/Tejat.ogg since build fingerprint changed
01-01 01:00:27.523  1643  2045 I MediaScanner: forcing rescan of /system/media/audio/notifications/Thallium.ogg since build fingerprint changed
01-01 01:00:27.541  1643  2045 I MediaScanner: forcing rescan of /system/media/audio/notifications/Tinkerbell.ogg since build fingerprint changed
01-01 01:00:27.559  1643  2045 I MediaScanner: forcing rescan of /system/media/audio/notifications/Upsilon.ogg since build fingerprint changed
01-01 01:00:27.576  1643  2045 I MediaScanner: forcing rescan of /system/media/audio/notifications/Vega.ogg since build fingerprint changed
01-01 01:00:27.603  1643  2045 I MediaScanner: forcing rescan of /system/media/audio/notifications/Voila.ogg since build fingerprint changed
01-01 01:00:27.626  1643  2045 I MediaScanner: forcing rescan of /system/media/audio/notifications/Xenon.ogg since build fingerprint changed
01-01 01:00:27.640  1643  2045 I MediaScanner: forcing rescan of /system/media/audio/notifications/Zirconium.ogg since build fingerprint changed
01-01 01:00:27.660  1643  2045 I MediaScanner: forcing rescan of /system/media/audio/notifications/arcturus.ogg since build fingerprint changed
01-01 01:00:27.684  1643  2045 I MediaScanner: forcing rescan of /system/media/audio/notifications/moonbeam.ogg since build fingerprint changed
01-01 01:00:27.708  1643  2045 W MediaScanner: forcing rescan of /system/media/audio/notifications/pixiedust.oggsince ringtone setting didn't finish
01-01 01:00:27.726  1643  2045 W MediaProvider: Missing volume for /system/media/audio/notifications; assuming invalid
01-01 01:00:27.753  1643  2045 W MediaProvider: Missing volume for /system/media/audio/alarms/Alarm_Rooster_02.ogg; assuming invalid
01-01 01:00:27.761  1643  2045 W MediaProvider: Missing volume for /system/media/audio/alarms/Argon.ogg; assuming invalid
01-01 01:00:27.770  1643  2045 W MediaProvider: Missing volume for /system/media/audio/alarms/Barium.ogg; assuming invalid
01-01 01:00:27.779  1643  2045 W MediaProvider: Missing volume for /system/media/audio/alarms/Carbon.ogg; assuming invalid
01-01 01:00:27.788  1643  2045 W MediaProvider: Missing volume for /system/media/audio/alarms/Hassium.ogg; assuming invalid
01-01 01:00:27.797  1643  2045 W MediaProvider: Missing volume for /system/media/audio/alarms/Krypton.ogg; assuming invalid
01-01 01:00:27.806  1643  2045 W MediaProvider: Missing volume for /system/media/audio/alarms/Neon.ogg; assuming invalid
01-01 01:00:27.813  1643  2045 W MediaProvider: Missing volume for /system/media/audio/alarms/Neptunium.ogg; assuming invalid
01-01 01:00:27.833  1643  2045 W MediaProvider: Missing volume for /system/media/audio/alarms/Osmium.ogg; assuming invalid
01-01 01:00:27.845  1643  2045 W MediaProvider: Missing volume for /system/media/audio/alarms/Platinum.ogg; assuming invalid
01-01 01:00:27.853  1643  2045 W MediaProvider: Missing volume for /system/media/audio/alarms/Plutonium.ogg; assuming invalid
01-01 01:00:27.860  1643  2045 W MediaProvider: Missing volume for /system/media/audio/alarms/Scandium.ogg; assuming invalid
01-01 01:00:27.873  1643  2045 W MediaProvider: Missing volume for /system/media/audio/notifications/Adara.ogg; assuming invalid
01-01 01:00:27.883  1643  2045 W MediaProvider: Missing volume for /system/media/audio/notifications/Aldebaran.ogg; assuming invalid
01-01 01:00:27.888  1643  2045 W MediaProvider: Missing volume for /system/media/audio/notifications/Altair.ogg; assuming invalid
01-01 01:00:27.895  1643  2045 W MediaProvider: Missing volume for /system/media/audio/notifications/Alya.ogg; assuming invalid
01-01 01:00:27.901   403  1083 E MetadataRetrieverClient: failed to extract an album art
01-01 01:00:27.901  1643  2045 W MediaProvider: Missing volume for /system/media/audio/notifications/Antares.ogg; assuming invalid
01-01 01:00:27.911  1643  2045 W MediaProvider: Missing volume for /system/media/audio/notifications/Antimony.ogg; assuming invalid
01-01 01:00:27.923  1643  2045 W MediaProvider: Missing volume for /system/media/audio/notifications/Arcturus.ogg; assuming invalid
01-01 01:00:27.931  1643  2045 W MediaProvider: Missing volume for /system/media/audio/notifications/Argon.ogg; assuming invalid
01-01 01:00:27.938  1643  2045 W MediaProvider: Missing volume for /system/media/audio/notifications/Beat_Box_Android.ogg; assuming invalid
01-01 01:00:27.946  1643  2045 W MediaProvider: Missing volume for /system/media/audio/notifications/Bellatrix.ogg; assuming invalid
