01-01 01:00:14.432   835   835 D VoldConnector: SND -> {6 volume remount_uid 1000 none}
01-01 01:00:14.432   363   377 D vold    : Remounting 1000 as mode none
01-01 01:00:14.439   363   377 D vold    : Found matching PID 383
01-01 01:00:14.439   363   377 W vold    : Skipping due to root namespace
01-01 01:00:14.439   363   377 D vold    : Found matching PID 386
01-01 01:00:14.439   363   377 W vold    : Skipping due to root namespace
01-01 01:00:14.439   363   377 D vold    : Found matching PID 387
01-01 01:00:14.439   363   377 W vold    : Skipping due to root namespace
01-01 01:00:14.440   363   377 D vold    : Found matching PID 410
01-01 01:00:14.440   363   377 W vold    : Skipping due to root namespace
01-01 01:00:14.440   363   377 D vold    : Found matching PID 412
01-01 01:00:14.440   363   377 W vold    : Skipping due to root namespace
01-01 01:00:14.440   363   377 D vold    : Found matching PID 413
01-01 01:00:14.440   363   377 W vold    : Skipping due to root namespace
01-01 01:00:14.440   363   377 D vold    : Found matching PID 414
01-01 01:00:14.440   363   377 W vold    : Skipping due to root namespace
01-01 01:00:14.440   363   377 D vold    : Found matching PID 463
01-01 01:00:14.440   363   377 W vold    : Skipping due to root namespace
01-01 01:00:14.440   363   377 D vold    : Found matching PID 835
01-01 01:00:14.471   835   943 D VoldConnector: RCV <- {200 6 Command succeeded}
01-01 01:00:14.472   835   835 D VoldConnector: SND -> {7 volume remount_uid 1000 none}
01-01 01:00:14.472   363   377 D vold    : Remounting 1000 as mode none
01-01 01:00:14.478   363   377 D vold    : Found matching PID 383
01-01 01:00:14.478   363   377 W vold    : Skipping due to root namespace
01-01 01:00:14.478   363   377 D vold    : Found matching PID 386
01-01 01:00:14.478   363   377 W vold    : Skipping due to root namespace
01-01 01:00:14.478   363   377 D vold    : Found matching PID 387
01-01 01:00:14.478   363   377 W vold    : Skipping due to root namespace
01-01 01:00:14.478   363   377 D vold    : Found matching PID 410
01-01 01:00:14.478   363   377 W vold    : Skipping due to root namespace
01-01 01:00:14.478   363   377 D vold    : Found matching PID 412
01-01 01:00:14.478   363   377 W vold    : Skipping due to root namespace
01-01 01:00:14.478   363   377 D vold    : Found matching PID 413
01-01 01:00:14.478   363   377 W vold    : Skipping due to root namespace
01-01 01:00:14.478   363   377 D vold    : Found matching PID 414
01-01 01:00:14.479   363   377 W vold    : Skipping due to root namespace
01-01 01:00:14.479   363   377 D vold    : Found matching PID 463
01-01 01:00:14.479   363   377 W vold    : Skipping due to root namespace
01-01 01:00:14.479   363   377 D vold    : Found matching PID 835
01-01 01:00:14.494   835   943 D VoldConnector: RCV <- {200 7 Command succeeded}
01-01 01:00:14.495   835   835 D VoldConnector: SND -> {8 volume remount_uid 1002 none}
01-01 01:00:14.496   363   377 D vold    : Remounting 1002 as mode none
01-01 01:00:14.502   835   943 D VoldConnector: RCV <- {200 8 Command succeeded}
01-01 01:00:14.502   835   835 D VoldConnector: SND -> {9 volume remount_uid 1002 none}
01-01 01:00:14.503   363   377 D vold    : Remounting 1002 as mode none
01-01 01:00:14.509   835   943 D VoldConnector: RCV <- {200 9 Command succeeded}
01-01 01:00:14.512   835   835 D VoldConnector: SND -> {10 volume remount_uid 2000 none}
01-01 01:00:14.512   363   377 D vold    : Remounting 2000 as mode none
01-01 01:00:14.518   363   377 D vold    : Found matching PID 388
01-01 01:00:14.518   363   377 W vold    : Skipping due to root namespace
01-01 01:00:14.519   835   943 D VoldConnector: RCV <- {200 10 Command succeeded}
01-01 01:00:14.520   835   835 D VoldConnector: SND -> {11 volume remount_uid 2000 none}
01-01 01:00:14.520   363   377 D vold    : Remounting 2000 as mode none
01-01 01:00:14.526   363   377 D vold    : Found matching PID 388
01-01 01:00:14.526   363   377 W vold    : Skipping due to root namespace
01-01 01:00:14.527   835   943 D VoldConnector: RCV <- {200 11 Command succeeded}
01-01 01:00:14.528   835   835 D VoldConnector: SND -> {12 volume remount_uid 10026 none}
01-01 01:00:14.528   363   377 D vold    : Remounting 10026 as mode none
01-01 01:00:14.534   835   943 D VoldConnector: RCV <- {200 12 Command succeeded}
01-01 01:00:14.534   835   835 D VoldConnector: SND -> {13 volume remount_uid 10026 none}
01-01 01:00:14.535   363   377 D vold    : Remounting 10026 as mode none
01-01 01:00:14.541   835   943 D VoldConnector: RCV <- {200 13 Command succeeded}
01-01 01:00:14.543   835   835 W VoiceInteractionManagerService: no available voice interaction services found for user 0
01-01 01:00:14.543   835   835 W VoiceInteractionManagerService: no available voice recognition services found for user 0
01-01 01:00:14.546   835   835 I SyncManager: No initial accounts
01-01 01:00:14.546   835   835 I SyncManager: No initial status
01-01 01:00:14.546   835   835 I SyncManager: No initial statistics
01-01 01:00:14.605   835   835 D VoldConnector: SND -> {14 volume remount_uid 10022 none}
01-01 01:00:14.606   363   377 D vold    : Remounting 10022 as mode none
01-01 01:00:14.612   835   943 D VoldConnector: RCV <- {200 14 Command succeeded}
01-01 01:00:14.613   835   835 D VoldConnector: SND -> {15 volume remount_uid 10035 none}
01-01 01:00:14.613   363   377 D vold    : Remounting 10035 as mode none
01-01 01:00:14.619   835   943 D VoldConnector: RCV <- {200 15 Command succeeded}
01-01 01:00:14.620   835   835 D VoldConnector: SND -> {16 volume remount_uid 10035 none}
01-01 01:00:14.620   363   377 D vold    : Remounting 10035 as mode none
01-01 01:00:14.626   835   943 D VoldConnector: RCV <- {200 16 Command succeeded}
01-01 01:00:14.627   835   835 D VoldConnector: SND -> {17 volume remount_uid 10009 none}
01-01 01:00:14.627   363   377 D vold    : Remounting 10009 as mode none
01-01 01:00:14.633   835   943 D VoldConnector: RCV <- {200 17 Command succeeded}
01-01 01:00:14.634   835   835 D VoldConnector: SND -> {18 volume remount_uid 10009 none}
01-01 01:00:14.634   363   377 D vold    : Remounting 10009 as mode none
01-01 01:00:14.640   835   943 D VoldConnector: RCV <- {200 18 Command succeeded}
01-01 01:00:14.641   835   835 D VoldConnector: SND -> {19 volume remount_uid 10008 none}
01-01 01:00:14.641   363   377 D vold    : Remounting 10008 as mode none
01-01 01:00:14.647   835   943 D VoldConnector: RCV <- {200 19 Command succeeded}
01-01 01:00:14.648   835   835 D VoldConnector: SND -> {20 volume remount_uid 10008 none}
01-01 01:00:14.649   363   377 D vold    : Remounting 10008 as mode none
01-01 01:00:14.655   835   943 D VoldConnector: RCV <- {200 20 Command succeeded}
01-01 01:00:14.658   835   835 D VoldConnector: SND -> {21 volume remount_uid 10003 none}
01-01 01:00:14.658   363   377 D vold    : Remounting 10003 as mode none
01-01 01:00:14.664   835   943 D VoldConnector: RCV <- {200 21 Command succeeded}
01-01 01:00:14.665   835   835 D VoldConnector: SND -> {22 volume remount_uid 10003 none}
01-01 01:00:14.665   363   377 D vold    : Remounting 10003 as mode none
01-01 01:00:14.671   835   943 D VoldConnector: RCV <- {200 22 Command succeeded}
01-01 01:00:14.673   835   835 D VoldConnector: SND -> {23 volume remount_uid 10043 none}
01-01 01:00:14.673   363   377 D vold    : Remounting 10043 as mode none
01-01 01:00:14.680   835   943 D VoldConnector: RCV <- {200 23 Command succeeded}
01-01 01:00:14.681   835   835 D VoldConnector: SND -> {24 volume remount_uid 10043 none}
01-01 01:00:14.681   363   377 D vold    : Remounting 10043 as mode none
01-01 01:00:14.688   835   943 D VoldConnector: RCV <- {200 24 Command succeeded}
01-01 01:00:14.690   835   835 D VoldConnector: SND -> {25 volume remount_uid 10038 none}
01-01 01:00:14.690   363   377 D vold    : Remounting 10038 as mode none
01-01 01:00:14.697   835   943 D VoldConnector: RCV <- {200 25 Command succeeded}
01-01 01:00:14.698   835   835 D VoldConnector: SND -> {26 volume remount_uid 10038 none}
01-01 01:00:14.698   363   377 D vold    : Remounting 10038 as mode none
01-01 01:00:14.704   835   943 D VoldConnector: RCV <- {200 26 Command succeeded}
01-01 01:00:14.706   835   835 D VoldConnector: SND -> {27 volume remount_uid 10023 none}
01-01 01:00:14.706   363   377 D vold    : Remounting 10023 as mode none
01-01 01:00:14.712   835   943 D VoldConnector: RCV <- {200 27 Command succeeded}
01-01 01:00:14.713   835   835 D VoldConnector: SND -> {28 volume remount_uid 10023 none}
01-01 01:00:14.713   363   377 D vold    : Remounting 10023 as mode none
01-01 01:00:14.719   835   943 D VoldConnector: RCV <- {200 28 Command succeeded}
01-01 01:00:14.721   835   835 V UserManagerService: Found /data/user_de/0 with serial number -1
01-01 01:00:14.721   835   835 D UserManagerService: Serial number missing on /data/user_de/0; assuming current is valid
01-01 01:00:14.722   835   835 V UserManagerService: Found /data/user/0 with serial number -1
01-01 01:00:14.722   835   835 D UserManagerService: Serial number missing on /data/user/0; assuming current is valid
01-01 01:00:14.722   835   835 V UserManagerService: Found /data/system_de/0 with serial number -1
01-01 01:00:14.722   835   835 D UserManagerService: Serial number missing on /data/system_de/0; assuming current is valid
01-01 01:00:14.724   835   835 I ActivityManager: System now ready
01-01 01:00:14.728   835   835 I SystemServer: Making services ready
01-01 01:00:14.729   835   835 I SystemServiceManager: Starting phase 550
01-01 01:00:14.732   835   835 D BluetoothManagerService: Bluetooth boot completed
01-01 01:00:14.732   835   835 D BluetoothManagerService: Getting adapter name and address
01-01 01:00:14.732   835   886 D BluetoothManagerService: MESSAGE_GET_NAME_AND_ADDRESS
01-01 01:00:14.732   835   886 D BluetoothManagerService: Binding to service to get name and address
01-01 01:00:14.732   835   835 E InputMethodManagerService: Ignoring updateSystemUiLocked due to an invalid token. uid:1000 token:null
01-01 01:00:14.760   835   886 I ActivityManager: Start proc 991:com.android.bluetooth/1002 for service com.android.bluetooth/.btservice.AdapterService
01-01 01:00:14.773   835   835 W InputMethodManagerService: Reset the default IME as "Resource" is ready here.
01-01 01:00:14.801   835   835 I InputMethodManagerService: Default found, using com.android.inputmethod.latin/.LatinIME
01-01 01:00:14.801   835   835 W InputMethodManagerService: Illegal subtype state: old subtype = null, new subtype = android.view.inputmethod.InputMethodSubtype@c9194f98
01-01 01:00:14.809   835   835 I ActivityManager: Start proc 1007:com.android.inputmethod.latin/u0a48 for service com.android.inputmethod.latin/.LatinIME
01-01 01:00:14.809   835   835 V InputMethodManagerService: Adding window token: android.os.Binder@1d514db
01-01 01:00:14.810   835   942 D MountService: Thinking about init, mSystemReady=true, mDaemonConnected=true
01-01 01:00:14.810   835   942 D MountService: Setting up emulation state, initlocked=false
01-01 01:00:14.810   835   942 D CryptdConnector: SND -> {2 cryptfs unlock_user_key 0 0 ! !}
01-01 01:00:14.810   363   378 D vold    : e4crypt_unlock_user_key 0 serial=0 token_present=0
01-01 01:00:14.810   363   378 E vold    : Failed to chmod /data/system_ce/0: No such file or directory
01-01 01:00:14.811   363   378 E vold    : Failed to chmod /data/misc_ce/0: No such file or directory
01-01 01:00:14.811   835   944 D CryptdConnector: RCV <- {200 2 Command succeeded}
01-01 01:00:14.811   835   942 D MountService: Thinking about reset, mSystemReady=true, mDaemonConnected=true
01-01 01:00:14.811   835   942 D VoldConnector: SND -> {29 volume reset}
01-01 01:00:14.812   835   869 I ActivityManager: Force stopping com.android.providers.media appid=10009 user=-1: vold reset
01-01 01:00:14.812   363   377 V vold    : /system/bin/sgdisk
01-01 01:00:14.812   363   377 V vold    :     --android-dump
01-01 01:00:14.812   363   377 V vold    :     /dev/block/vold/disk:179_64
01-01 01:00:14.813   835   943 D VoldConnector: RCV <- {651 emulated 7}
01-01 01:00:14.813   835   943 D VoldConnector: RCV <- {659 emulated}
01-01 01:00:14.814   835   943 D VoldConnector: RCV <- {650 emulated 2 "" ""}
01-01 01:00:14.814   835   943 D VoldConnector: RCV <- {654 emulated emulated}
01-01 01:00:14.814   835   943 D VoldConnector: RCV <- {651 emulated 0}
01-01 01:00:14.814   835   943 D VoldConnector: RCV <- {651 public:179_65 7}
01-01 01:00:14.815   835   943 D VoldConnector: RCV <- {659 public:179_65}
01-01 01:00:14.815   835   943 D VoldConnector: RCV <- {649 disk:179_64}
01-01 01:00:14.815   835   943 D VoldConnector: RCV <- {640 disk:179_64 5}
01-01 01:00:14.815   835   885 V MountService: Found primary storage at VolumeInfo{emulated}:
01-01 01:00:14.815   835   885 V MountService:     type=EMULATED diskId=null partGuid=null mountFlags=0 mountUserId=-1 
01-01 01:00:14.815   835   885 V MountService:     state=UNMOUNTED 
01-01 01:00:14.815   835   885 V MountService:     fsType=null fsUuid=null fsLabel=null 
01-01 01:00:14.815   835   885 V MountService:     path=null internalPath=null 
01-01 01:00:14.815   835   943 D VoldConnector: RCV <- {641 disk:179_64 63864569856}
01-01 01:00:14.816   835   943 D VoldConnector: RCV <- {642 disk:179_64 SanDisk}
01-01 01:00:14.816   835   943 D VoldConnector: RCV <- {644 disk:179_64 /sys//devices/msm_sdcc.3/mmc_host/mmc2/mmc2:aaaa/block/mmcblk1}
01-01 01:00:14.817   835   835 D UsbAlsaManager: Adding ALSA device AlsaDevice: [card: 0, device: 0, type: 2]
01-01 01:00:14.817   835   835 D UsbAlsaManager: Adding ALSA device AlsaDevice: [card: 0, device: 0, type: 1]
01-01 01:00:14.817   835   835 D UsbAlsaManager: Adding ALSA device AlsaDevice: [card: 0, device: 1, type: 2]
01-01 01:00:14.817   835   835 D UsbAlsaManager: Adding ALSA device AlsaDevice: [card: 0, device: 1, type: 1]
01-01 01:00:14.817   835   835 D UsbAlsaManager: Adding ALSA device AlsaDevice: [card: 0, device: 2, type: 2]
01-01 01:00:14.817   835   835 D UsbAlsaManager: Adding ALSA device AlsaDevice: [card: 0, device: 2, type: 1]
01-01 01:00:14.817   835   835 D UsbAlsaManager: Adding ALSA device AlsaDevice: [card: 0, device: 3, type: 2]
01-01 01:00:14.817   835   835 D UsbAlsaManager: Adding ALSA device AlsaDevice: [card: 0, device: 3, type: 1]
01-01 01:00:14.817   835   835 D UsbAlsaManager: Adding ALSA device AlsaDevice: [card: 0, device: 4, type: 1]
01-01 01:00:14.817   835   835 D UsbAlsaManager: Adding ALSA device AlsaDevice: [card: 0, device: 5, type: 2]
01-01 01:00:14.817   835   968 D BluetoothManagerService: Trying to bind to profile: 1, while Bluetooth was disabled
01-01 01:00:14.817   835   835 D UsbAlsaManager: Adding ALSA device AlsaDevice: [card: 0, device: 5, type: 1]
01-01 01:00:14.817   835   835 D UsbAlsaManager: Adding ALSA device AlsaDevice: [card: 0, device: 6, type: 2]
01-01 01:00:14.817   835   835 D UsbAlsaManager: Adding ALSA device AlsaDevice: [card: 0, device: 6, type: 1]
01-01 01:00:14.817   835   835 D UsbAlsaManager: Adding ALSA device AlsaDevice: [card: 0, device: 7, type: 1]
01-01 01:00:14.818   835   835 D UsbAlsaManager: Adding ALSA device AlsaDevice: [card: 0, device: 8, type: 2]
01-01 01:00:14.818   835   835 D UsbAlsaManager: Adding ALSA device AlsaDevice: [card: 0, device: 10, type: 2]
01-01 01:00:14.818   835   835 D UsbAlsaManager: Adding ALSA device AlsaDevice: [card: 0, device: 10, type: 1]
01-01 01:00:14.818   835   835 D UsbAlsaManager: Adding ALSA device AlsaDevice: [card: 0, device: 11, type: 2]
01-01 01:00:14.818   835   835 D UsbAlsaManager: Adding ALSA device AlsaDevice: [card: 0, device: 11, type: 1]
01-01 01:00:14.818   835   835 D UsbAlsaManager: Adding ALSA device AlsaDevice: [card: 0, device: 12, type: 2]
01-01 01:00:14.818   835   835 D UsbAlsaManager: Adding ALSA device AlsaDevice: [card: 0, device: 12, type: 1]
01-01 01:00:14.818   835   835 D UsbAlsaManager: Adding ALSA device AlsaDevice: [card: 0, device: 13, type: 2]
01-01 01:00:14.818   835   835 D UsbAlsaManager: Adding ALSA device AlsaDevice: [card: 0, device: 13, type: 1]
01-01 01:00:14.818   835   835 D UsbAlsaManager: Adding ALSA device AlsaDevice: [card: 0, device: 14, type: 2]
01-01 01:00:14.818   835   835 D UsbAlsaManager: Adding ALSA device AlsaDevice: [card: 0, device: 14, type: 1]
01-01 01:00:14.818   835   835 D UsbAlsaManager: Adding ALSA device AlsaDevice: [card: 0, device: 15, type: 2]
01-01 01:00:14.818   835   835 D UsbAlsaManager: Adding ALSA device AlsaDevice: [card: 0, device: 15, type: 1]
01-01 01:00:14.818   835   835 D UsbAlsaManager: Adding ALSA device AlsaDevice: [card: 0, device: 16, type: 2]
01-01 01:00:14.818   835   835 D UsbAlsaManager: Adding ALSA device AlsaDevice: [card: 0, device: 17, type: 2]
01-01 01:00:14.818   835   835 D UsbAlsaManager: Adding ALSA device AlsaDevice: [card: 0, device: 17, type: 1]
01-01 01:00:14.818   835   835 D UsbAlsaManager: Adding ALSA device AlsaDevice: [card: 0, device: 18, type: 1]
01-01 01:00:14.818   835   835 D UsbAlsaManager: Adding ALSA device AlsaDevice: [card: 0, device: 19, type: 2]
01-01 01:00:14.818   835   835 D UsbAlsaManager: Adding ALSA device AlsaDevice: [card: 0, device: 19, type: 1]
01-01 01:00:14.818   835   835 D UsbAlsaManager: Adding ALSA device AlsaDevice: [card: 0, device: 20, type: 2]
01-01 01:00:14.818   835   835 D UsbAlsaManager: Adding ALSA device AlsaDevice: [card: 0, device: 20, type: 1]
01-01 01:00:14.818   835   835 D UsbAlsaManager: Adding ALSA device AlsaDevice: [card: 0, device: 21, type: 1]
01-01 01:00:14.818   835   835 D UsbAlsaManager: Adding ALSA device AlsaDevice: [card: 0, device: 22, type: 2]
01-01 01:00:14.818   835   835 D UsbAlsaManager: Adding ALSA device AlsaDevice: [card: 0, device: 22, type: 1]
01-01 01:00:14.818   835   835 D UsbAlsaManager: Adding ALSA device AlsaDevice: [card: 0, device: 23, type: 2]
01-01 01:00:14.819   835   835 D UsbAlsaManager: Adding ALSA device AlsaDevice: [card: 0, device: 23, type: 1]
01-01 01:00:14.819   835   835 D UsbAlsaManager: Adding ALSA device AlsaDevice: [card: 0, device: 24, type: 2]
01-01 01:00:14.819   835   835 D UsbAlsaManager: Adding ALSA device AlsaDevice: [card: 0, device: 24, type: 1]
01-01 01:00:14.819   835   835 D UsbAlsaManager: Adding ALSA device AlsaDevice: [card: 0, device: 25, type: 2]
01-01 01:00:14.819   835   835 D UsbAlsaManager: Adding ALSA device AlsaDevice: [card: 0, device: 26, type: 2]
01-01 01:00:14.819   835   835 D UsbAlsaManager: Adding ALSA device AlsaDevice: [card: 0, device: 27, type: 2]
01-01 01:00:14.819   835   835 D UsbAlsaManager: Adding ALSA device AlsaDevice: [card: 0, device: 28, type: 2]
01-01 01:00:14.819   835   835 D UsbAlsaManager: Adding ALSA device AlsaDevice: [card: 0, device: 29, type: 2]
01-01 01:00:14.819   835   835 D UsbAlsaManager: Adding ALSA device AlsaDevice: [card: 0, device: 30, type: 2]
01-01 01:00:14.819   835   835 D UsbAlsaManager: Adding ALSA device AlsaDevice: [card: 0, device: 31, type: 2]
01-01 01:00:14.819   835   835 D UsbAlsaManager: Adding ALSA device AlsaDevice: [card: 0, device: 32, type: 2]
01-01 01:00:14.819   835   835 D UsbAlsaManager: Adding ALSA device AlsaDevice: [card: 0, device: 33, type: 1]
01-01 01:00:14.819   835   835 D UsbAlsaManager: Adding ALSA device AlsaDevice: [card: 0, device: 34, type: 2]
01-01 01:00:14.819   835   835 D UsbAlsaManager: Adding ALSA device AlsaDevice: [card: 0, device: 35, type: 2]
01-01 01:00:14.819   835   835 D UsbAlsaManager: Adding ALSA device AlsaDevice: [card: 0, device: 35, type: 1]
01-01 01:00:14.819   835   835 D UsbAlsaManager: Adding ALSA device AlsaDevice: [card: 0, device: 36, type: 2]
01-01 01:00:14.819   835   835 D UsbAlsaManager: Adding ALSA device AlsaDevice: [card: 0, device: 36, type: 1]
01-01 01:00:14.819   835   835 D UsbAlsaManager: Adding ALSA device AlsaDevice: [card: 0, device: 43, type: 2]
01-01 01:00:14.819   835   835 D UsbAlsaManager: Adding ALSA device AlsaDevice: [card: 0, device: 43, type: 1]
01-01 01:00:14.826   835   835 I SystemServer: WebViewFactory preparation
01-01 01:00:14.846   363   377 V vold    : DISK mbr
01-01 01:00:14.846   363   377 V vold    : 
01-01 01:00:14.846   363   377 V vold    : PART 1 c
01-01 01:00:14.846   363   377 V vold    : 
01-01 01:00:14.846   835   943 D VoldConnector: RCV <- {650 public:179_65 0 "disk:179_64" ""}
01-01 01:00:14.847   835   943 D VoldConnector: RCV <- {654 public:179_65 sdcard1}
01-01 01:00:14.848   835   943 D VoldConnector: RCV <- {651 public:179_65 0}
01-01 01:00:14.848   835   943 D VoldConnector: RCV <- {643 disk:179_64}
01-01 01:00:14.848   835   943 D VoldConnector: RCV <- {200 29 Command succeeded}
01-01 01:00:14.849   835   942 D VoldConnector: SND -> {30 volume user_added 0 0}
01-01 01:00:14.850   835   943 D VoldConnector: RCV <- {200 30 Command succeeded}
01-01 01:00:14.851   835   835 I ActivityManager: Start proc 1026:WebViewLoader-armeabi-v7a/1037 [android.webkit.WebViewFactory$RelroFileCreator] for 
01-01 01:00:14.863   835   835 I ActivityManager: Start proc 1038:com.android.systemui/u0a26 for service com.android.systemui/.SystemUIService
01-01 01:00:14.863   835   942 D VoldConnector: SND -> {31 volume mount emulated 3 -1}
01-01 01:00:14.863   835   835 D NetworkManagement: enabling bandwidth control
01-01 01:00:14.864   835   943 D VoldConnector: RCV <- {651 emulated 1}
01-01 01:00:14.864   835   943 D VoldConnector: RCV <- {656 emulated /data/media}
01-01 01:00:14.865   835   943 D VoldConnector: RCV <- {655 emulated /storage/emulated}
01-01 01:00:14.865   363   377 V vold    : Waiting for FUSE to spin up...
01-01 01:00:14.918   835   943 D VoldConnector: RCV <- {651 emulated 2}
01-01 01:00:14.918   835   943 D VoldConnector: RCV <- {200 31 Command succeeded}
01-01 01:00:14.918   835   942 D VoldConnector: SND -> {32 volume mount public:179_65 2 0}
01-01 01:00:14.919   363   377 V vold    : /system/bin/blkid
01-01 01:00:14.919   363   377 V vold    :     -c
01-01 01:00:14.919   363   377 V vold    :     /dev/null
01-01 01:00:14.919   363   377 V vold    :     -s
01-01 01:00:14.919   363   377 V vold    :     TYPE
01-01 01:00:14.919   363   377 V vold    :     -s
01-01 01:00:14.919   363   377 V vold    :     UUID
01-01 01:00:14.919   363   377 V vold    :     -s
01-01 01:00:14.919   363   377 V vold    :     LABEL
01-01 01:00:14.919   363   377 V vold    :     /dev/block/vold/public:179_65
01-01 01:00:14.920   835   943 D VoldConnector: RCV <- {651 public:179_65 1}
01-01 01:00:14.963  1038  1038 V FingerprintManager: FingerprintManagerService was null
01-01 01:00:15.182  1007  1094 E ActivityThread: Failed to find provider info for user_dictionary
01-01 01:00:15.223   835   835 D NetworkPolicy: setRestrictBackgroundUL(): false
01-01 01:00:15.324   363   377 V vold    : /dev/block/vold/public:179_65: UUID="16E6-00FB" TYPE="vfat" 
01-01 01:00:15.324   363   377 V vold    : 
01-01 01:00:15.325   835   943 D VoldConnector: RCV <- {652 public:179_65 vfat}
01-01 01:00:15.325   835   865 I StatusBarManagerService: registerStatusBar bar=com.android.internal.statusbar.IStatusBar$Stub$Proxy@f769122
01-01 01:00:15.325   835   943 D VoldConnector: RCV <- {653 public:179_65 16E6-00FB}
01-01 01:00:15.325   363   377 V vold    : /system/bin/fsck_msdos
01-01 01:00:15.325   363   377 V vold    :     -p
01-01 01:00:15.325   363   377 V vold    :     -f
01-01 01:00:15.326   363   377 V vold    :     /dev/block/vold/public:179_65
01-01 01:00:15.326   835   943 D VoldConnector: RCV <- {654 public:179_65 sdcard1}
01-01 01:00:15.326   835   943 D VoldConnector: RCV <- {656 public:179_65 /mnt/media_rw/16E6-00FB}
01-01 01:00:15.326   835   943 D VoldConnector: RCV <- {655 public:179_65 /storage/16E6-00FB}
01-01 01:00:15.371   835   835 I SystemServiceManager: Starting phase 600
01-01 01:00:15.385   835   835 D GestureLauncherService: Gesture launcher mEmergencyNumber = 112 hits = 3
01-01 01:00:15.386   835   835 D SensorNotificationService: Cannot obtain dynamic meta sensor, not supported.
01-01 01:00:15.423   835   870 W WindowManager: Keyguard drawn timeout. Setting mKeyguardDrawComplete
01-01 01:00:15.664   835  1033 W WallpaperManagerService: no current wallpaper -- first boot?
01-01 01:00:15.928  1038  1166 E ActivityThread: Failed to find provider info for com.android.contacts
01-01 01:00:16.128   363   377 I Vold    : Filesystem check completed OK
01-01 01:00:16.133   835   956 D WifiService: New client listening to asynchronous messages
01-01 01:00:16.136   363   377 V vold    : Waiting for FUSE to spin up...
01-01 01:00:16.186   835   943 D VoldConnector: RCV <- {651 public:179_65 2}
01-01 01:00:16.187   835   943 D VoldConnector: RCV <- {200 32 Command succeeded}
01-01 01:00:16.187   835   942 E VoldConnector: NDC Command {32 volume mount public:179_65 2 0} took too long (1268ms)
01-01 01:00:16.259   835   835 W LocationManagerService: no network location provider found
01-01 01:00:16.262   835   835 E LocationManagerService: no geocoder provider found
01-01 01:00:16.314   835   835 D LocationManagerService: Unable to bind FusedProxy.
01-01 01:00:16.316   835   835 D LocationManagerService: Unable to bind FLP Geofence proxy.
01-01 01:00:16.316   835   835 D LocationManagerService: Hardware Activity-Recognition not supported.
01-01 01:00:16.317   835   835 D LocationManagerService: Unable to bind ActivityRecognitionProxy.
01-01 01:00:16.325   835   835 I MmsServiceBroker: Delay connecting to MmsService until an API is called
01-01 01:00:16.327   835   835 W VoiceInteractionManagerService: no available voice interaction services found for user 0
01-01 01:00:16.327   835   835 W VoiceInteractionManagerService: no available voice recognition services found for user 0
01-01 01:00:16.334   835   835 I ActivityManager: Start proc 1270:com.android.phone/1001 for added application com.android.phone
01-01 01:00:16.335   835   835 I ActivityManager: START u0 {act=android.intent.action.MAIN cat=[android.intent.category.HOME] flg=0x10000100 cmp=com.android.settings/.CryptKeeper} from uid 0 on display 0
01-01 01:00:16.347   835   835 I ActivityManager: Loaded persisted task ids for user 0
01-01 01:00:16.361   835   835 I ActivityManager: Start proc 1286:com.android.settings:CryptKeeper/1000 for activity com.android.settings/.CryptKeeper
01-01 01:00:16.365   835   835 I SystemServer: Enabled StrictMode for system server main thread.
01-01 01:00:16.386   835   835 D ConditionProviders.SCP: onConnected
01-01 01:00:16.419   363   950 I vold    : Trimmed 12293836800 bytes on /data in 2833ms
01-01 01:00:16.419   363   950 D vold    : Starting trim of /cache
01-01 01:00:16.419   835   943 D VoldConnector: RCV <- {662 /data 12293836800 2833138565}
01-01 01:00:16.441   835  1033 W ActivityManager: Slow operation: 55ms so far, now at attachApplicationLocked: after mServices.attachApplicationLocked
01-01 01:00:16.443  1038  1198 E ActivityThread: Failed to find provider info for com.android.contacts
01-01 01:00:16.449   835   835 D ZenLog  : set_zen_mode: off,cleanUpZenRules
01-01 01:00:16.452   835   835 D ConditionProviders: Subscribing to condition://android/schedule?days=6.7&start=23.30&end=10.0&exitAtAlarm=false with ComponentInfo{android/com.android.server.notification.ScheduleConditionProvider}
01-01 01:00:16.453   835   835 D ZenLog  : subscribe: condition://android/schedule?days=6.7&start=23.30&end=10.0&exitAtAlarm=false,ok
01-01 01:00:16.453   835   835 D ConditionProviders: Subscribing to condition://android/event?userId=-10000&calendar=&reply=1 with ComponentInfo{android/com.android.server.notification.EventConditionProvider}
01-01 01:00:16.455   835   835 D ZenLog  : subscribe: condition://android/event?userId=-10000&calendar=&reply=1,ok
01-01 01:00:16.456   835   835 D ConditionProviders: Subscribing to condition://android/schedule?days=1.2.3.4.5&start=22.0&end=7.0&exitAtAlarm=false with ComponentInfo{android/com.android.server.notification.ScheduleConditionProvider}
01-01 01:00:16.456   835   835 D ZenLog  : subscribe: condition://android/schedule?days=1.2.3.4.5&start=22.0&end=7.0&exitAtAlarm=false,ok
01-01 01:00:16.465   835   835 W ContextImpl: Calling a method in the system process without a qualified user: android.app.ContextImpl.startService:1357 com.android.server.content.SyncManager$13.run:658 android.os.Handler.handleCallback:751 android.os.Handler.dispatchMessage:95 android.os.Looper.loop:154 
01-01 01:00:16.472   363   950 I vold    : Trimmed 201670656 bytes on /cache in 52ms
01-01 01:00:16.473   835   943 D VoldConnector: RCV <- {662 /cache 201670656 52600473}
01-01 01:00:16.489   835   865 I WindowManager: Screen frozen for +102ms due to AppWindowToken{ff3a272 token=Token{f5aa5d4 ActivityRecord{7fc8de6 u0 com.android.settings/.CryptKeeper t1}}}
01-01 01:00:16.514   835   866 I ActivityManager: START u0 {act=android.intent.action.MAIN cat=[android.intent.category.HOME] flg=0x10000100 cmp=com.android.settings/.FallbackHome} from uid 0 on display 0
01-01 01:00:16.522   835   835 D BluetoothManagerService: Trying to bind to profile: 1, while Bluetooth was disabled
01-01 01:00:16.530   835   866 I ActivityManager: Start proc 1330:com.android.settings/1000 for activity com.android.settings/.FallbackHome
01-01 01:00:16.544   835   835 I Telecom : SystemStateProvider: Registering car mode receiver: android.content.IntentFilter@d00e39f: TS.init@AAA
01-01 01:00:16.553   835  1358 I Telecom : Telecom: Non-call EVENT: AUDIO_ROUTE, Entering state QuiescentEarpieceRoute
01-01 01:00:16.560   835  1363 I Telecom : CallAudioModeStateMachine: Message received: null.: TS.init->CAMSM.pM_1@AAA_0
01-01 01:00:16.582   835   835 I Telecom : ViceNotificationImpl: ViceNotificationImpl: TS.init@AAA
01-01 01:00:16.590   835   835 D BluetoothManagerService: Trying to bind to profile: 1, while Bluetooth was disabled
01-01 01:00:16.594   835  1373 E ActivityThread: Failed to find provider info for call_log
01-01 01:00:16.597   835   835 I Telecom : Class: TelecomSystem.INSTANCE being set
01-01 01:00:16.597   835   835 W ContextImpl: Calling a method in the system process without a qualified user: android.app.ContextImpl.startService:1357 android.content.ContextWrapper.startService:613 com.android.server.telecom.components.TelecomService.initializeTelecomSystem:196 com.android.server.telecom.components.TelecomService.onBind:64 android.app.ActivityThread.handleBindService:3234 
01-01 01:00:16.610   835   835 D BluetoothManagerService: Bluetooth Adapter name changed to Samsung Galaxy Note 10.1 (2014)
01-01 01:00:16.610   835   835 D BluetoothManagerService: Stored Bluetooth name: Samsung Galaxy Note 10.1 (2014)
01-01 01:00:16.610   835   835 D BluetoothManagerService: BluetoothServiceConnection: com.android.bluetooth.btservice.AdapterService
01-01 01:00:16.611   835   886 D BluetoothManagerService: MESSAGE_BLUETOOTH_SERVICE_CONNECTED: 1
01-01 01:00:16.611   835   886 D BluetoothManagerService: MESSAGE_GET_NAME_AND_ADDRESS
01-01 01:00:16.616   835   886 D BluetoothManagerService: Stored Bluetooth name: Samsung Galaxy Note 10.1 (2014)
01-01 01:00:16.616   835   886 D BluetoothManagerService: Stored Bluetoothaddress: C8:14:79:46:B1:78
01-01 01:00:16.616   835   886 D BluetoothManagerService: unbindAndFinish(): android.bluetooth.IBluetooth$Stub$Proxy@a3aa862 mBinding = false mUnbinding = false
01-01 01:00:16.661   835   865 I ActivityManager: user 0 is still locked. Cannot load recents
01-01 01:00:16.695   835   835 V WiredAccessoryManager: init()
01-01 01:00:16.767   835   887 I WindowManager: Screen frozen for +214ms due to AppWindowToken{366f889 token=Token{87bc242 ActivityRecord{31501b7 u0 com.android.settings/.FallbackHome t2}}}
01-01 01:00:16.790   835  1313 I ActivityManager: Process com.android.bluetooth (pid 991) has died
01-01 01:00:16.790   835  1313 D ActivityManager: cleanUpApplicationRecord -- 991
01-01 01:00:16.840   835   835 D ConditionProviders.SCP: onSubscribe condition://android/schedule?days=6.7&start=23.30&end=10.0&exitAtAlarm=false
01-01 01:00:16.842   835   835 D ConditionProviders.SCP: setRegistered true
01-01 01:00:16.845   835   835 D ConditionProviders.SCP: notifyCondition condition://android/schedule?days=6.7&start=23.30&end=10.0&exitAtAlarm=false STATE_FALSE reason=!meetsSchedule
01-01 01:00:16.848   835   835 D ConditionProviders.SCP: Scheduling evaluate for Wed Jan 01 10:00:00 GMT+00:00 2014 (1388570400000), in +9h59m43s158ms, now=Wed Jan 01 00:00:16 GMT+00:00 2014 (1388534416842)
01-01 01:00:16.848   835   835 D ConditionProviders.SCP: onSubscribe condition://android/schedule?days=1.2.3.4.5&start=22.0&end=7.0&exitAtAlarm=false
01-01 01:00:16.849   835   835 D ConditionProviders.SCP: notifyCondition condition://android/schedule?days=6.7&start=23.30&end=10.0&exitAtAlarm=false STATE_FALSE reason=!meetsSchedule
01-01 01:00:16.850   835   835 D ConditionProviders.SCP: notifyCondition condition://android/schedule?days=1.2.3.4.5&start=22.0&end=7.0&exitAtAlarm=false STATE_TRUE reason=meetsSchedule
01-01 01:00:16.850   835   835 D ConditionProviders.SCP: Scheduling evaluate for Wed Jan 01 07:00:00 GMT+00:00 2014 (1388559600000), in +6h59m43s151ms, now=Wed Jan 01 00:00:16 GMT+00:00 2014 (1388534416849)
01-01 01:00:16.853   835   835 I Telecom : WiredHeadsetManager: ACTION_HEADSET_PLUG event, plugged in: false, : WHC.oADA@AAE
01-01 01:00:16.860   835   835 I ActivityManager: user 0 is still locked. Cannot load recents
01-01 01:00:16.876   835   868 I SyncManager: Got SyncJobService instance.
01-01 01:00:16.895   835   835 I Telecom : PhoneAccountRegistrar: SimCallManager queried, returning: null: TSI.gSCM@AAM
01-01 01:00:16.905   835   967 E ActivityThread: Failed to find provider info for com.android.calendar
01-01 01:00:16.906   835   967 E ActivityThread: Failed to find provider info for com.android.calendar
01-01 01:00:16.926   835   835 D ZenLog  : config: conditionChanged,ZenModeConfig[user=0,allowCalls=true,allowRepeatCallers=false,allowMessages=false,allowCallsFrom=contacts,allowMessagesFrom=contacts,allowReminders=true,allowEvents=true,allowWhenScreenOff=true,allowWhenScreenOn=true,automaticRules={0e06d7eac45e42a98763f67549097f64=ZenRule[enabled=false,snoozing=false,name=Weekend,zenMode=ZEN_MODE_ALARMS,conditionId=condition://android/schedule?days=6.7&start=23.30&end=10.0&exitAtAlarm=false,condition=Condition[id=condition://android/schedule?days=6.7&start=23.30&end=10.0&exitAtAlarm=false,summary=...,line1=...,line2=...,icon=0,state=STATE_FALSE,flags=2],component=ComponentInfo{android/com.android.server.notification.ScheduleConditionProvider},id=0e06d7eac45e42a98763f67549097f64,creationTime=1388534413815,enabler=null], 9a115bd4e524466ca176a0f06baa9270=ZenRule[enabled=false,snoozing=false,name=Event,zenMode=ZEN_MODE_ALARMS,conditionId=condition://android/event?userId=-10000&calendar=&reply=1,condition=null,component=ComponentInfo{android/com.android.server.notification.EventConditionProvider},id=9a115bd4e524466ca176a0f06baa9270,creationTime=1388534413816,enabler=null], a3ca164ebd134af4b112deaeb2ed7628=ZenRule[enabled=false,snoozing=false,name=Weeknight,zenMode=ZEN_MODE_ALARMS,conditionId=condition://android/schedule?days=1.2.3.4.5&start=22.0&end=7.0&exitAtAlarm=false,condition=null,component=ComponentInfo{android/com.android.server.notification.ScheduleConditionProvider},id=a3ca164ebd134af4b112deaeb2ed7628,creationTime=1388534413815,enabler=null]},manualRule=null],Diff[automaticRule[0e06d7eac45e42a98763f67549097f64].condition:null->Condition[id=condition://android/schedule?days=6.7&start=23.30&end=10.0&exitAtAlarm=false,summary=...,line1=...,line2=...,icon=0,state=STATE_FALSE,flags=2]]
01-01 01:00:16.928   835   835 D ZenLog  : config: conditionChanged,ZenModeConfig[user=0,allowCalls=true,allowRepeatCallers=false,allowMessages=false,allowCallsFrom=contacts,allowMessagesFrom=contacts,allowReminders=true,allowEvents=true,allowWhenScreenOff=true,allowWhenScreenOn=true,automaticRules={0e06d7eac45e42a98763f67549097f64=ZenRule[enabled=false,snoozing=false,name=Weekend,zenMode=ZEN_MODE_ALARMS,conditionId=condition://android/schedule?days=6.7&start=23.30&end=10.0&exitAtAlarm=false,condition=Condition[id=condition://android/schedule?days=6.7&start=23.30&end=10.0&exitAtAlarm=false,summary=...,line1=...,line2=...,icon=0,state=STATE_FALSE,flags=2],component=ComponentInfo{android/com.android.server.notification.ScheduleConditionProvider},id=0e06d7eac45e42a98763f67549097f64,creationTime=1388534413815,enabler=null], 9a115bd4e524466ca176a0f06baa9270=ZenRule[enabled=false,snoozing=false,name=Event,zenMode=ZEN_MODE_ALARMS,conditionId=condition://android/event?userId=-10000&calendar=&reply=1,condition=null,component=ComponentInfo{android/com.android.server.notification.EventConditionProvider},id=9a115bd4e524466ca176a0f06baa9270,creationTime=1388534413816,enabler=null], a3ca164ebd134af4b112deaeb2ed7628=ZenRule[enabled=false,snoozing=false,name=Weeknight,zenMode=ZEN_MODE_ALARMS,conditionId=condition://android/schedule?days=1.2.3.4.5&start=22.0&end=7.0&exitAtAlarm=false,condition=Condition[id=condition://android/schedule?days=1.2.3.4.5&start=22.0&end=7.0&exitAtAlarm=false,summary=...,line1=...,line2=...,icon=0,state=STATE_TRUE,flags=2],component=ComponentInfo{android/com.android.server.notification.ScheduleConditionProvider},id=a3ca164ebd134af4b112deaeb2ed7628,creationTime=1388534413815,enabler=null]},manualRule=null],Diff[automaticRule[a3ca164ebd134af4b112deaeb2ed7628].condition:null->Condition[id=condition://android/schedule?days=1.2.3.4.5&start=22.0&end=7.0&exitAtAlarm=false,summary=...,line1=...,line2=...,icon=0,state=STATE_TRUE,flags=2]]
01-01 01:00:16.930   835   835 D ZenLog  : config: conditionChanged,ZenModeConfig[user=0,allowCalls=true,allowRepeatCallers=false,allowMessages=false,allowCallsFrom=contacts,allowMessagesFrom=contacts,allowReminders=true,allowEvents=true,allowWhenScreenOff=true,allowWhenScreenOn=true,automaticRules={0e06d7eac45e42a98763f67549097f64=ZenRule[enabled=false,snoozing=false,name=Weekend,zenMode=ZEN_MODE_ALARMS,conditionId=condition://android/schedule?days=6.7&start=23.30&end=10.0&exitAtAlarm=false,condition=Condition[id=condition://android/schedule?days=6.7&start=23.30&end=10.0&exitAtAlarm=false,summary=...,line1=...,line2=...,icon=0,state=STATE_FALSE,flags=2],component=ComponentInfo{android/com.android.server.notification.ScheduleConditionProvider},id=0e06d7eac45e42a98763f67549097f64,creationTime=1388534413815,enabler=null], 9a115bd4e524466ca176a0f06baa9270=ZenRule[enabled=false,snoozing=false,name=Event,zenMode=ZEN_MODE_ALARMS,conditionId=condition://android/event?userId=-10000&calendar=&reply=1,condition=Condition[id=condition://android/event?userId=-10000&calendar=&reply=1,summary=...,line1=...,line2=...,icon=0,state=STATE_FALSE,flags=2],component=ComponentInfo{android/com.android.server.notification.EventConditionProvider},id=9a115bd4e524466ca176a0f06baa9270,creationTime=1388534413816,enabler=null], a3ca164ebd134af4b112deaeb2ed7628=ZenRule[enabled=false,snoozing=false,name=Weeknight,zenMode=ZEN_MODE_ALARMS,conditionId=condition://android/schedule?days=1.2.3.4.5&start=22.0&end=7.0&exitAtAlarm=false,condition=Condition[id=condition://android/schedule?days=1.2.3.4.5&start=22.0&end=7.0&exitAtAlarm=false,summary=...,line1=...,line2=...,icon=0,state=STATE_TRUE,flags=2],component=ComponentInfo{android/com.android.server.notification.ScheduleConditionProvider},id=a3ca164ebd134af4b112deaeb2ed7628,creationTime=1388534413815,enabler=null]},manualRule=null],Diff[automaticRule[9a115bd4e524466ca176a0f06baa9270].condition:null->Condition[id=condition://android/event?userId=-10000&calendar=&reply=1,summary=...,line1=...,line2=...,icon=0,state=STATE_FALSE,flags=2]]
01-01 01:00:16.934   835   835 D ZenLog  : set_zen_mode: off,conditionChanged
01-01 01:00:16.941   835   835 D ZenLog  : set_zen_mode: off,conditionChanged
01-01 01:00:16.962   835   835 D ZenLog  : set_zen_mode: off,conditionChanged
01-01 01:00:17.010   835   887 W ActivityManager: Unable to mark boot complete for abi: armeabi-v7a (Failed to execute markbootcomplete [arm]: -1)
01-01 01:00:17.011   835   887 I SystemServiceManager: Starting phase 1000
01-01 01:00:17.026   835   889 D LuxLevels: bright hysteresis constant= 0.1, threshold=0.0, lux=0.0
01-01 01:00:17.026   835   889 D LuxLevels: dark hysteresis constant= 0.2, threshold=0.0, lux=0.0
01-01 01:00:17.036   835   887 I ActivityManager: Start proc 1455:android.ext.services/u0a7 for on-hold
01-01 01:00:17.037   835   887 D ActivityManager: Finishing user boot 0
01-01 01:00:17.041   835   887 D CryptdConnector: SND -> {3 cryptfs prepare_user_storage ! 0 0 2}
01-01 01:00:17.041   363   378 D vold    : e4crypt_prepare_user_storage for volume null, user 0, serial 0, flags 2
01-01 01:00:17.041   363   378 D vold    : Preparing: /data/system_ce/0
01-01 01:00:17.042   363   378 D vold    : Preparing: /data/misc_ce/0
01-01 01:00:17.042   363   378 D vold    : Preparing: /data/media/0
01-01 01:00:17.042   363   378 D vold    : Preparing: /data/data
01-01 01:00:17.042   835   944 D CryptdConnector: RCV <- {200 3 Command succeeded}
01-01 01:00:17.043   835   887 V UserManagerService: Found /data/user/0 with serial number 0
01-01 01:00:17.043   835   887 V UserManagerService: Found /data/system_ce/0 with serial number -1
01-01 01:00:17.043   835   887 D UserManagerService: Serial number missing on /data/system_ce/0; assuming current is valid
01-01 01:00:17.043   835   887 V PackageManager: reconcileAppsData for null u0 0x2
01-01 01:00:17.406   835   887 V PackageManager: reconcileAppsData finished 75 packages
01-01 01:00:17.408   835   869 D BluetoothManagerService: User 0 unlocked
01-01 01:00:17.408   835   869 D MountService: onUnlockUser 0
01-01 01:00:17.408   835   869 D VoldConnector: SND -> {33 volume user_started 0}
01-01 01:00:17.408   835   886 D BluetoothManagerService: MESSAGE_USER_UNLOCKED
01-01 01:00:17.409   363   377 D vold    : Linking /storage/emulated/0 to /mnt/user/0/primary
01-01 01:00:17.409   835   943 D VoldConnector: RCV <- {200 33 Command succeeded}
01-01 01:00:17.409   835   961 D ConnectivityService: Got NetworkFactory Messenger for WIFI
01-01 01:00:17.409   835   961 D ConnectivityService: Got NetworkFactory Messenger for WIFI_UT
01-01 01:00:17.410   835   942 D MountService: Volume public:179_65 broadcasting mounted to UserHandle{0}
01-01 01:00:17.425   835   835 I ActivityManager: Start proc 1505:com.android.deskclock/u0a37 for broadcast com.android.deskclock/.AlarmInitReceiver
01-01 01:00:17.440   835   835 I InputMethodManagerService: All the enabled IMEs are gone. Reset default enabled IMEs.
01-01 01:00:17.441   835   942 D MountService: Volume emulated broadcasting mounted to UserHandle{0}
01-01 01:00:17.452   835   869 V BackupManagerService: No ancestral data
01-01 01:00:17.461   835   869 V BackupManagerService: Starting with transport android/com.android.internal.backup.LocalTransport
01-01 01:00:17.461   835   869 V BackupManagerService: Found transports: 1
01-01 01:00:17.461   835   869 W BackupManagerService: Proposed transport ComponentInfo{android/com.android.internal.backup.LocalTransportService} not whitelisted; ignoring
01-01 01:00:17.461   835   869 I BackupManagerService: Backup enable apparently not migrated
01-01 01:00:17.461   835   869 I BackupManagerService: Migrating enable state false
01-01 01:00:17.462   835   869 I BackupManagerService: Backup enabled => false
01-01 01:00:17.489   835   870 I ActivityManager: Config changes=20 {1.0 ?mcc?mnc [en_US] ldltr sw800dp w1280dp h776dp 320dpi xlrg land finger -keyb/v/h -nav/h s.6}
01-01 01:00:17.498   835  1517 V KeyValueBackupJob: Scheduling k/v pass in 247 minutes
01-01 01:00:17.507   835   869 W AppWidgetServiceImpl: Failed to read state: java.io.FileNotFoundException: /data/system/users/0/appwidgets.xml (No such file or directory)
01-01 01:00:17.507   835   869 V AppWidgetServiceImpl: Upgrading widget database from 0 to 1
01-01 01:00:17.507   835   869 W VoiceInteractionManagerService: no available voice interaction services found for user 0
01-01 01:00:17.508   835   869 W VoiceInteractionManagerService: no available voice recognition services found for user 0
01-01 01:00:17.523   835   869 I ActivityManager: Loading recents for user 0 into memory.
01-01 01:00:17.535   835   869 I PreBootBroadcaster: Pre-boot of {com.android.managedprovisioning/com.android.managedprovisioning.PreBootListener} for user 0
01-01 01:00:17.564   835   866 I WindowManager: Screen frozen for +54ms due to AppWindowToken{366f889 token=Token{87bc242 ActivityRecord{31501b7 u0 com.android.settings/.FallbackHome t2}}}
01-01 01:00:17.597   835   868 I ActivityManager: Start proc 1541:com.android.printspooler/u0a45 for service com.android.printspooler/.model.PrintSpoolerService
01-01 01:00:17.607   835  1313 I ActivityManager: START u0 {act=android.intent.action.MAIN cat=[android.intent.category.HOME] flg=0x10000100 cmp=com.android.provision/.DefaultActivity} from uid 0 on display 0
01-01 01:00:17.631   835  1313 I ActivityManager: Start proc 1556:com.android.provision/u0a17 for activity com.android.provision/.DefaultActivity
01-01 01:00:17.649   835  1324 I ActivityManager: Start proc 1567:com.android.keychain/1000 for service com.android.keychain/.KeyChainService
01-01 01:00:17.791   835   835 I DevicePolicyManagerService: Set ro.device_owner property to false
01-01 01:00:17.798   835   865 I PackageManager: Adding preferred activity com.android.launcher3/.Launcher for user 0:
01-01 01:00:17.846   835   866 I ActivityManager: START u0 {act=android.intent.action.MAIN cat=[android.intent.category.HOME] flg=0x10000100 cmp=com.android.launcher3/.Launcher} from uid 0 on display 0
01-01 01:00:17.866   835   866 I ActivityManager: Start proc 1615:com.android.launcher3/u0a39 for activity com.android.launcher3/.Launcher
01-01 01:00:17.975   835   868 I RetailDemoModeService: Deleting contents of /data/preloads
01-01 01:00:18.080   835   865 I ActivityManager: Start proc 1643:android.process.media/u0a9 for broadcast com.android.providers.downloads/.DownloadReceiver
01-01 01:00:18.094   835  1612 I ActivityManager: Start proc 1648:com.android.launcher3:wallpaper_chooser/u0a39 for service com.android.launcher3/.dynamicui.ColorExtractionService
01-01 01:00:18.365   835   887 W WindowManager: Failed looking up window
01-01 01:00:18.365   835   887 W WindowManager: java.lang.IllegalArgumentException: Requested window android.view.ViewRootImpl$W@5b1aa54 does not exist
01-01 01:00:18.365   835   887 W WindowManager: 	at com.android.server.wm.WindowManagerService.windowForClientLocked(WindowManagerService.java:9473)
01-01 01:00:18.365   835   887 W WindowManager: 	at com.android.server.wm.WindowManagerService.windowForClientLocked(WindowManagerService.java:9464)
01-01 01:00:18.365   835   887 W WindowManager: 	at com.android.server.wm.WindowManagerService.removeWindow(WindowManagerService.java:2398)
01-01 01:00:18.365   835   887 W WindowManager: 	at com.android.server.wm.Session.remove(Session.java:193)
01-01 01:00:18.365   835   887 W WindowManager: 	at android.view.ViewRootImpl.dispatchDetachedFromWindow(ViewRootImpl.java:3314)
01-01 01:00:18.365   835   887 W WindowManager: 	at android.view.ViewRootImpl.doDie(ViewRootImpl.java:5954)
01-01 01:00:18.365   835   887 W WindowManager: 	at android.view.ViewRootImpl$ViewRootHandler.handleMessage(ViewRootImpl.java:3653)
01-01 01:00:18.365   835   887 W WindowManager: 	at android.os.Handler.dispatchMessage(Handler.java:102)
01-01 01:00:18.365   835   887 W WindowManager: 	at android.os.Looper.loop(Looper.java:154)
01-01 01:00:18.365   835   887 W WindowManager: 	at android.os.HandlerThread.run(HandlerThread.java:61)
01-01 01:00:18.365   835   887 W WindowManager: 	at com.android.server.ServiceThread.run(ServiceThread.java:46)
01-01 01:00:19.346   835  1034 I ActivityManager: Start proc 1708:com.android.managedprovisioning/u0a14 for broadcast com.android.managedprovisioning/.PreBootListener
01-01 01:00:19.433   835  1313 I PreBootBroadcaster: Pre-boot of {com.android.providers.calendar/com.android.providers.calendar.CalendarUpgradeReceiver} for user 0
01-01 01:00:19.445   835  1313 I ActivityManager: Start proc 1726:com.android.providers.calendar/u0a3 for broadcast com.android.providers.calendar/.CalendarUpgradeReceiver
01-01 01:00:19.636   835  1313 I PreBootBroadcaster: Pre-boot of {com.android.providers.contacts/com.android.providers.contacts.ContactsUpgradeReceiver} for user 0
01-01 01:00:19.648   835  1313 I ActivityManager: Start proc 1745:android.process.acore/u0a1 for broadcast com.android.providers.contacts/.ContactsUpgradeReceiver
01-01 01:00:19.757   835  1612 I ActivityManager: Setting hasTopUi=true for pid=1038
01-01 01:00:20.983   835   866 I ActivityManager: Start proc 1783:com.android.smspush/u0a47 for service com.android.smspush/.WapPushManager
01-01 01:00:21.045   835  1613 I PreBootBroadcaster: Pre-boot of {com.android.providers.media/com.android.providers.media.MediaUpgradeReceiver} for user 0
01-01 01:00:21.058   835  1613 I ActivityManager: Start proc 1804:com.android.cellbroadcastreceiver/u0a5 for broadcast com.android.cellbroadcastreceiver/.CellBroadcastReceiver
01-01 01:00:21.102   835  1313 I PackageManager: Replacing preferred activity com.android.messaging/.ui.conversation.LaunchConversationActivity for user 0:
01-01 01:00:21.103   835   835 I PackageManager: Replacing preferred activity com.android.messaging/.ui.conversation.LaunchConversationActivity for user 0:
01-01 01:00:21.104   835   835 I PackageManager: Replacing preferred activity com.android.messaging/.ui.conversation.LaunchConversationActivity for user 0:
01-01 01:00:21.104   835   835 I PackageManager: Replacing preferred activity com.android.messaging/.ui.conversation.LaunchConversationActivity for user 0:
01-01 01:00:21.137  1270  1270 W SystemConfig: No directory /system/etc/sysconfig, skipping
