adb server is out of date.  killing...
* daemon started successfully *
--------- beginning of system
01-01 01:00:05.556   835   835 I InstallerConnection: connecting...
01-01 01:00:06.386   835   835 I InstallerConnection: disconnecting...
01-01 01:00:06.399   835   835 I SystemServer: Entered the Android system server!
01-01 01:00:06.441   835   835 I SystemServiceManager: Starting com.android.server.pm.Installer
01-01 01:00:06.441   835   835 I Installer: Waiting for installd to be ready.
01-01 01:00:06.441   835   835 I InstallerConnection: connecting...
01-01 01:00:06.441   835   835 I SystemServiceManager: Starting com.android.server.am.ActivityManagerService$Lifecycle
01-01 01:00:06.451   835   835 I ActivityManager: Memory class: 288
01-01 01:00:06.452   835   869 I ServiceThread: Enabled StrictMode logging for ActivityManager looper.
01-01 01:00:06.453   835   870 I ServiceThread: Enabled StrictMode logging for android.ui looper.
01-01 01:00:06.464   835   835 D BatteryStatsImpl: Reading daily items from /data/system/batterystats-daily.xml
01-01 01:00:06.516   835   835 I AppOps  : No existing app ops /data/system/appops.xml; starting empty
01-01 01:00:06.590   835   835 I IntentFirewall: Read new rules (A:0 B:0 S:0)
01-01 01:00:06.596   835   887 I ServiceThread: Enabled StrictMode logging for android.display looper.
01-01 01:00:06.603   835   835 D AppOps  : AppOpsService published
01-01 01:00:06.604   835   835 I SystemServiceManager: Starting com.android.server.power.PowerManagerService
01-01 01:00:06.605   835   889 I ServiceThread: Enabled StrictMode logging for PowerManagerService looper.
01-01 01:00:06.610   835   835 I SystemServiceManager: Starting com.android.server.lights.LightsService
01-01 01:00:06.613   835   835 I SystemServiceManager: Starting com.android.server.display.DisplayManagerService
01-01 01:00:06.616   835   835 I SystemServiceManager: Starting phase 100
01-01 01:00:06.622   835   887 I DisplayManagerService: Display device added: DisplayDeviceInfo{"Built-in Screen": uniqueId="local:0", 2560 x 1600, modeId 1, defaultModeId 1, supportedModes [{id=1, width=2560, height=1600, fps=60.0}], colorMode 0, supportedColorModes [0], HdrCapabilities android.view.Display$HdrCapabilities@a69d6308, density 320, 301.037 x 301.037 dpi, appVsyncOff 7500000, presDeadline 12666667, touch INTERNAL, rotation 0, type BUILT_IN, state UNKNOWN, FLAG_DEFAULT_DISPLAY, FLAG_ROTATES_WITH_CONTENT, FLAG_SECURE, FLAG_SUPPORTS_PROTECTED_BUFFERS}
01-01 01:00:06.623   835   887 I DisplayManagerService: Display device changed state: "Built-in Screen", ON
01-01 01:00:06.624   835   835 I SystemServer: StartPackageManagerService
01-01 01:00:06.634   835   835 W FileUtils: Failed to chmod(/data/system/packages.list): android.system.ErrnoException: chmod failed: ENOENT (No such file or directory)
01-01 01:00:06.636   835   835 W SystemConfig: No directory /system/etc/sysconfig, skipping
01-01 01:00:06.687   835   835 D SELinuxMMAC: Using policy file /system/etc/security/mac_permissions.xml
01-01 01:00:06.689   835   835 I PackageManager: No settings file; creating initial state
01-01 01:00:06.842   835   835 W PackageManager: Library not found: /system/framework/org.apache.http.legacy.jar
01-01 01:00:06.913   835   899 W PackageManager: Failed to parse /system/framework/arm: Missing base APK in /system/framework/arm
01-01 01:00:06.914   835   901 W PackageManager: Failed to parse /system/framework/oat: Missing base APK in /system/framework/oat
01-01 01:00:06.953   835   900 I PackageManager: /system/framework/framework-res.apk changed; collecting certs
01-01 01:00:07.188   835   902 I PackageManager: /system/priv-app/BackupRestoreConfirmation changed; collecting certs
01-01 01:00:07.189   835   899 I PackageManager: /system/priv-app/CallLogBackup changed; collecting certs
01-01 01:00:07.189   835   901 I PackageManager: /system/priv-app/CarrierConfig changed; collecting certs
01-01 01:00:07.195   835   903 I PackageManager: /system/priv-app/BlockedNumberProvider changed; collecting certs
01-01 01:00:07.204   835   904 I PackageManager: /system/priv-app/CalendarProvider changed; collecting certs
01-01 01:00:07.217   835   900 I PackageManager: /system/priv-app/CellBroadcastReceiver changed; collecting certs
01-01 01:00:07.267   835   902 I PackageManager: /system/priv-app/CtsShimPrivPrebuilt changed; collecting certs
01-01 01:00:07.268   835   903 I PackageManager: /system/priv-app/DefaultContainerService changed; collecting certs
01-01 01:00:07.269   835   899 I PackageManager: /system/priv-app/ContactsProvider changed; collecting certs
01-01 01:00:07.282   835   901 W PackageParser: No actions in intent filter at /system/priv-app/Contacts/Contacts.apk Binary XML file line #431
01-01 01:00:07.286   835   901 I PackageManager: /system/priv-app/Contacts changed; collecting certs
01-01 01:00:07.311   835   903 I PackageManager: /system/priv-app/ExtServices changed; collecting certs
01-01 01:00:07.311   835   904 W PackageParser: No actions in intent filter at /system/priv-app/Dialer/Dialer.apk Binary XML file line #196
01-01 01:00:07.316   835   904 I PackageManager: /system/priv-app/Dialer changed; collecting certs
01-01 01:00:07.326   835   900 I PackageManager: /system/priv-app/DownloadProvider changed; collecting certs
01-01 01:00:07.327   835   902 I PackageManager: /system/priv-app/DocumentsUI changed; collecting certs
01-01 01:00:07.334   835   903 I PackageManager: /system/priv-app/ExternalStorageProvider changed; collecting certs
01-01 01:00:07.334   835   899 I PackageManager: /system/priv-app/EmergencyInfo changed; collecting certs
01-01 01:00:07.362   835   900 W PackageManager: Permission android.permission.DOWNLOAD_WITHOUT_NOTIFICATION from package com.android.providers.downloads in an unknown group android.permission-group.NETWORK
01-01 01:00:07.367   835   903 I PackageManager: /system/priv-app/FusedLocation changed; collecting certs
01-01 01:00:07.376   835   900 I PackageManager: /system/priv-app/InputDevices changed; collecting certs
01-01 01:00:07.387   835   902 I PackageManager: /system/priv-app/ManagedProvisioning changed; collecting certs
01-01 01:00:07.390   835   899 I PackageManager: /system/priv-app/MtpDocumentsProvider changed; collecting certs
01-01 01:00:07.391   835   901 I PackageManager: /system/priv-app/MmsService changed; collecting certs
01-01 01:00:07.395   835   903 I PackageManager: /system/priv-app/MediaProvider changed; collecting certs
01-01 01:00:07.407   835   904 I PackageManager: /system/priv-app/OneTimeInitializer changed; collecting certs
01-01 01:00:07.407   835   900 I PackageManager: /system/priv-app/MusicFX changed; collecting certs
01-01 01:00:07.494   835   899 I PackageManager: /system/priv-app/Provision changed; collecting certs
01-01 01:00:07.496   835   902 I PackageManager: /system/priv-app/ProxyHandler changed; collecting certs
01-01 01:00:07.497   835   903 I PackageManager: /system/priv-app/SettingsProvider changed; collecting certs
01-01 01:00:07.499   835   900 I PackageManager: /system/priv-app/SharedStorageBackup changed; collecting certs
01-01 01:00:07.508   835   901 I PackageManager: /system/priv-app/PackageInstaller changed; collecting certs
01-01 01:00:07.518   835   904 W PackageParser: Ignoring duplicate uses-permissions/uses-permissions-sdk-m: android.permission.USE_CREDENTIALS in package: com.android.settings at: Binary XML file line #56
01-01 01:00:07.518   835   904 W PackageParser: Ignoring duplicate uses-permissions/uses-permissions-sdk-m: android.permission.READ_SYNC_SETTINGS in package: com.android.settings at: Binary XML file line #61
01-01 01:00:07.518   835   904 W PackageParser: Ignoring duplicate uses-permissions/uses-permissions-sdk-m: android.permission.WRITE_SYNC_SETTINGS in package: com.android.settings at: Binary XML file line #62
01-01 01:00:07.526   835   903 I PackageManager: /system/priv-app/StatementService changed; collecting certs
01-01 01:00:07.526   835   902 I PackageManager: /system/priv-app/SoundRecorder changed; collecting certs
01-01 01:00:07.529   835   899 W PackageParser: Ignoring duplicate uses-permissions/uses-permissions-sdk-m: android.permission.INSTALL_GRANT_RUNTIME_PERMISSIONS in package: com.android.shell at: Binary XML file line #102
01-01 01:00:07.535   835   899 I PackageManager: /system/priv-app/Shell changed; collecting certs
01-01 01:00:07.542   835   904 W PackageParser: No actions in intent filter at /system/priv-app/Settings/Settings.apk Binary XML file line #594
01-01 01:00:07.562   835   900 I PackageManager: /system/priv-app/StorageManager changed; collecting certs
01-01 01:00:07.597   835   901 I PackageManager: /system/priv-app/TelephonyProvider changed; collecting certs
01-01 01:00:07.609   835   903 I PackageManager: /system/priv-app/Telecom changed; collecting certs
01-01 01:00:07.619   835   904 I PackageManager: /system/priv-app/Settings changed; collecting certs
01-01 01:00:07.635   835   900 I PackageManager: /system/priv-app/ThemeInterfacer changed; collecting certs
01-01 01:00:07.639   835   902 W PackageParser: Ignoring duplicate uses-permissions/uses-permissions-sdk-m: android.permission.CONFIGURE_WIFI_DISPLAY in package: com.android.systemui at: Binary XML file line #123
01-01 01:00:07.655   835   901 I PackageManager: /system/priv-app/VpnDialogs changed; collecting certs
01-01 01:00:07.658   835   902 I PackageManager: /system/priv-app/SystemUI changed; collecting certs
01-01 01:00:07.663   835   899 I PackageManager: /system/priv-app/TeleService changed; collecting certs
01-01 01:00:07.753   835   900 I PackageManager: /system/priv-app/WallpaperCropper changed; collecting certs
01-01 01:00:07.921   835   900 I PackageManager: /system/app/BluetoothMidiService changed; collecting certs
01-01 01:00:07.923   835   901 W PackageParser: Unknown element under <application>: uses-feature at /system/app/BluetoothExt/BluetoothExt.apk Binary XML file line #59
01-01 01:00:07.923   835   901 W PackageParser: No actions in intent filter at /system/app/BluetoothExt/BluetoothExt.apk Binary XML file line #139
01-01 01:00:07.924   835   904 I PackageManager: /system/app/CaptivePortalLogin changed; collecting certs
01-01 01:00:07.924   835   901 W PackageParser: No actions in intent filter at /system/app/BluetoothExt/BluetoothExt.apk Binary XML file line #163
01-01 01:00:07.927   835   901 I PackageManager: /system/app/BluetoothExt changed; collecting certs
01-01 01:00:07.928   835   903 W PackageParser: Ignoring duplicate uses-permissions/uses-permissions-sdk-m: android.permission.READ_CONTACTS in package: com.android.bluetooth at: Binary XML file line #61
01-01 01:00:07.929   835   899 I PackageManager: /system/app/BookmarkProvider changed; collecting certs
01-01 01:00:07.931   835   903 W PackageParser: No actions in intent filter at /system/app/Bluetooth/Bluetooth.apk Binary XML file line #224
01-01 01:00:07.934   835   903 I PackageManager: /system/app/Bluetooth changed; collecting certs
01-01 01:00:07.938   835   900 I PackageManager: /system/app/CertInstaller changed; collecting certs
01-01 01:00:07.947   835   899 I PackageManager: /system/app/CtsShimPrebuilt changed; collecting certs
01-01 01:00:07.948   835   904 I PackageManager: /system/app/DownloadProviderUi changed; collecting certs
01-01 01:00:07.950   835   902 I PackageManager: /system/app/Camera2 changed; collecting certs
01-01 01:00:07.964   835   899 W PackageManager: Non-privileged app; cap priority to 0; package: com.android.cts.ctsshim activity: com.android.cts.ctsshim.InstallPriority origPrio: 100
01-01 01:00:07.965   835   899 W PackageManager: Non-privileged app; cap priority to 0; package: com.android.cts.ctsshim activity: com.android.cts.ctsshim.InstallPriority origPrio: 100
01-01 01:00:07.965   835   899 W PackageManager: Non-privileged app; cap priority to 0; package: com.android.cts.ctsshim activity: com.android.cts.ctsshim.InstallPriority origPrio: 100
01-01 01:00:07.965   835   899 W PackageManager: Non-privileged app; cap priority to 0; package: com.android.cts.ctsshim activity: com.android.cts.ctsshim.InstallPriority origPrio: 100
01-01 01:00:07.965   835   899 W PackageManager: Non-privileged app; cap priority to 0; package: com.android.cts.ctsshim activity: com.android.cts.ctsshim.InstallPriority origPrio: 100
01-01 01:00:07.966   835   900 I PackageManager: /system/app/EasterEgg changed; collecting certs
01-01 01:00:07.978   835   899 I PackageManager: /system/app/ExtShared changed; collecting certs
01-01 01:00:07.978   835   903 I PackageManager: /system/app/ExactCalculator changed; collecting certs
01-01 01:00:07.982   835   901 W PackageParser: Ignoring duplicate uses-permissions/uses-permissions-sdk-m: android.permission.WRITE_SETTINGS in package: com.android.deskclock at: Binary XML file line #45
01-01 01:00:07.988   835   900 I PackageManager: /system/app/HTMLViewer changed; collecting certs
01-01 01:00:07.991   835   901 I PackageManager: /system/app/DeskClock changed; collecting certs
01-01 01:00:08.038   835   899 I PackageManager: /system/app/KeyChain changed; collecting certs
01-01 01:00:08.052   835   900 I PackageManager: /system/app/Launcher3 changed; collecting certs
01-01 01:00:08.052   835   902 I PackageManager: /system/app/Music changed; collecting certs
01-01 01:00:08.053   835   904 W PackageParser: Unknown element under <application>: permission at /system/app/Gallery2/Gallery2.apk Binary XML file line #239
01-01 01:00:08.053   835   904 W PackageParser: Unknown element under <application>: permission at /system/app/Gallery2/Gallery2.apk Binary XML file line #242
01-01 01:00:08.060   835   904 I PackageManager: /system/app/Gallery2 changed; collecting certs
01-01 01:00:08.075   835   899 I PackageManager: /system/app/OpenWnn changed; collecting certs
01-01 01:00:08.076   835   903 I PackageManager: /system/app/LatinIME changed; collecting certs
01-01 01:00:08.077   835   900 W PackageManager: Permission com.android.launcher3.permission.READ_SETTINGS from package com.android.launcher3 in an unknown group android.permission-group.SYSTEM_TOOLS
01-01 01:00:08.077   835   900 W PackageManager: Permission com.android.launcher3.permission.WRITE_SETTINGS from package com.android.launcher3 in an unknown group android.permission-group.SYSTEM_TOOLS
01-01 01:00:08.077   835   900 W PackageManager: Permission com.android.launcher.permission.INSTALL_SHORTCUT from package com.android.launcher3 in an unknown group android.permission-group.SYSTEM_TOOLS
01-01 01:00:08.115   835   900 I PackageManager: /system/app/PicoTts changed; collecting certs
01-01 01:00:08.129   835   901 I PackageManager: /system/app/PacProcessor changed; collecting certs
01-01 01:00:08.136   835   902 I PackageManager: /system/app/PrintRecommendationService changed; collecting certs
01-01 01:00:08.148   835   899 I PackageManager: /system/app/PrintSpooler changed; collecting certs
01-01 01:00:08.160   835   904 I PackageManager: /system/app/TimeService changed; collecting certs
01-01 01:00:08.161   835   900 I PackageManager: /system/app/Stk changed; collecting certs
01-01 01:00:08.162   835   902 I PackageManager: /system/app/Terminal changed; collecting certs
01-01 01:00:08.184   835   904 I PackageManager: /system/app/UserDictionaryProvider changed; collecting certs
01-01 01:00:08.184   835   899 I PackageManager: /system/app/WAPPushManager changed; collecting certs
01-01 01:00:08.187   835   900 I PackageManager: /system/app/WallpaperBackup changed; collecting certs
01-01 01:00:08.226   835   901 I PackageManager: /system/app/Substratum changed; collecting certs
01-01 01:00:08.267   835   899 I PackageManager: /system/app/webview changed; collecting certs
01-01 01:00:08.297   835   902 I PackageManager: /system/app/messaging changed; collecting certs
01-01 01:00:08.750   835   835 W PackageManager: Protected action; cap priority to 0; package: com.android.cts.priv.ctsshim activity: com.android.cts.priv.ctsshim.InstallPriority origPrio: 100
01-01 01:00:08.751   835   835 W PackageManager: Protected action; cap priority to 0; package: com.android.cts.priv.ctsshim activity: com.android.cts.priv.ctsshim.InstallPriority origPrio: 100
01-01 01:00:08.751   835   835 W PackageManager: Protected action; cap priority to 0; package: com.android.cts.priv.ctsshim activity: com.android.cts.priv.ctsshim.InstallPriority origPrio: 100
01-01 01:00:08.751   835   835 W PackageManager: Protected action; cap priority to 0; package: com.android.cts.priv.ctsshim activity: com.android.cts.priv.ctsshim.InstallPriority origPrio: 100
01-01 01:00:08.751   835   835 W PackageManager: Protected action; cap priority to 0; package: com.android.packageinstaller activity: com.android.packageinstaller.PackageInstallerActivity origPrio: 1
01-01 01:00:08.751   835   835 W PackageManager: Package org.codeaurora.bluetooth desires unavailable shared library com.quicinc.wbc; ignoring!
01-01 01:00:08.751   835   835 W PackageManager: Package com.android.dialer desires unavailable shared library com.qualcomm.qti.smartsearch; ignoring!
01-01 01:00:08.751   835   835 W PackageManager: Package com.android.gallery3d desires unavailable shared library com.google.android.media.effects; ignoring!
01-01 01:00:08.751   835   835 W PackageManager: Package com.android.gallery3d desires unavailable shared library com.google.android.media.effects; ignoring!
01-01 01:00:08.751   835   835 I PackageManager: Adjusting ABI for com.android.providers.media to armeabi-v7a (requirer=com.android.mtp, scannedPackage=null)
01-01 01:00:08.752   835   835 I PackageManager: Adjusting ABI for com.android.providers.downloads.ui to armeabi-v7a (requirer=com.android.mtp, scannedPackage=null)
01-01 01:00:08.752   835   835 I PackageManager: Adjusting ABI for com.android.providers.downloads to armeabi-v7a (requirer=com.android.mtp, scannedPackage=null)
01-01 01:00:08.753   835   835 I PackageManager: Adjusting ABI for projekt.interfacer to armeabi-v7a (requirer=android, scannedPackage=null)
01-01 01:00:08.753   835   835 I PackageManager: Adjusting ABI for com.android.inputdevices to armeabi-v7a (requirer=android, scannedPackage=null)
01-01 01:00:08.754   835   835 I PackageManager: Adjusting ABI for com.android.keychain to armeabi-v7a (requirer=android, scannedPackage=null)
01-01 01:00:08.754   835   835 I PackageManager: Adjusting ABI for com.android.providers.settings to armeabi-v7a (requirer=android, scannedPackage=null)
01-01 01:00:08.754   835   835 I PackageManager: Adjusting ABI for com.android.settings to armeabi-v7a (requirer=android, scannedPackage=null)
01-01 01:00:08.755   835   835 I PackageManager: Adjusting ABI for com.android.server.telecom to armeabi-v7a (requirer=android, scannedPackage=null)
01-01 01:00:08.755   835   835 I PackageManager: Adjusting ABI for com.android.wallpaperbackup to armeabi-v7a (requirer=android, scannedPackage=null)
01-01 01:00:08.756   835   835 I PackageManager: Adjusting ABI for com.android.location.fused to armeabi-v7a (requirer=android, scannedPackage=null)
01-01 01:00:08.756   835   835 I PackageManager: Adjusting ABI for com.qualcomm.timeservice to armeabi-v7a (requirer=android, scannedPackage=null)
01-01 01:00:08.757   835   835 I PackageManager: Time to scan packages: 2.066 seconds
01-01 01:00:08.758   835   835 W PackageManager: Unknown permission com.google.android.googleapps.permission.GOOGLE_AUTH in package com.android.providers.calendar
01-01 01:00:08.758   835   835 W PackageManager: Unknown permission com.google.android.googleapps.permission.GOOGLE_AUTH.cl in package com.android.providers.calendar
01-01 01:00:08.759   835   835 W PackageManager: Unknown permission android.permission.MMS_PUSH in package org.codeaurora.bluetooth
01-01 01:00:08.759   835   835 W PackageManager: Unknown permission com.android.email.permission.ACCESS_PROVIDER in package org.codeaurora.bluetooth
01-01 01:00:08.759   835   835 W PackageManager: Unknown permission com.android.email.permission.READ_ATTACHMENT in package org.codeaurora.bluetooth
01-01 01:00:08.759   835   835 W PackageManager: Not granting permission android.permission.BIND_WALLPAPER to package com.android.camera2 (protectionLevel=18 flags=0x3058bc45)
01-01 01:00:08.760   835   835 W PackageManager: Unknown permission android.permission.ACCESS_SUPERUSER in package projekt.substratum
01-01 01:00:08.760   835   835 W PackageManager: Not granting permission android.permission.CHANGE_CONFIGURATION to package projekt.substratum (protectionLevel=50 flags=0x38583e45)
01-01 01:00:08.760   835   835 W PackageManager: Not granting permission android.permission.INSTALL_PACKAGES to package projekt.substratum (protectionLevel=18 flags=0x38583e45)
01-01 01:00:08.760   835   835 W PackageManager: Unknown permission android.permission.MODIFY_OVERLAYS in package projekt.substratum
01-01 01:00:08.760   835   835 W PackageManager: Not granting permission android.permission.SET_PROCESS_LIMIT to package projekt.substratum (protectionLevel=50 flags=0x38583e45)
01-01 01:00:08.760   835   835 W PackageManager: Not granting permission android.permission.SET_WALLPAPER_COMPONENT to package projekt.substratum (protectionLevel=18 flags=0x38583e45)
01-01 01:00:08.760   835   835 W PackageManager: Unknown permission android.permission.SYSTEM_OVERLAY_WINDOW in package projekt.substratum
01-01 01:00:08.760   835   835 W PackageManager: Unknown permission com.samsung.android.permission.MODIFY_THEME in package projekt.substratum
01-01 01:00:08.760   835   835 W PackageManager: Unknown permission com.samsung.contacts.permission.THEME in package projekt.substratum
01-01 01:00:08.760   835   835 W PackageManager: Unknown permission com.google.android.c2dm.permission.RECEIVE in package projekt.substratum
01-01 01:00:08.760   835   835 W PackageManager: Unknown permission com.android.launcher.permission.READ_SETTINGS in package com.android.launcher3
01-01 01:00:08.760   835   835 W PackageManager: Unknown permission com.android.launcher.permission.WRITE_SETTINGS in package com.android.launcher3
01-01 01:00:08.760   835   835 W PackageManager: Not granting permission android.permission.BIND_APPWIDGET to package com.android.launcher3 (protectionLevel=18 flags=0x3c4bbe45)
01-01 01:00:08.761   835   835 W PackageManager: Unknown permission com.android.launcher.permission.READ_SETTINGS in package com.android.onetimeinitializer
01-01 01:00:08.761   835   835 W PackageManager: Unknown permission com.android.launcher.permission.WRITE_SETTINGS in package com.android.onetimeinitializer
01-01 01:00:08.761   835   835 W PackageManager: Unknown permission com.qualcomm.permission.USE_PHONE_SERVICE in package com.android.dialer
01-01 01:00:08.762   835   835 W PackageManager: Unknown permission com.google.android.permission.INSTALL_WEARABLE_PACKAGES in package com.android.packageinstaller
01-01 01:00:08.762   835   835 W PackageManager: Not granting permission android.permission.DELETE_PACKAGES to package com.svox.pico (protectionLevel=18 flags=0x3808be45)
01-01 01:00:08.764   835   835 W PackageManager: Unknown permission com.google.android.googleapps.permission.GOOGLE_AUTH in package com.android.settings
01-01 01:00:08.764   835   835 W PackageManager: Unknown permission com.android.launcher.permission.READ_SETTINGS in package com.android.settings
01-01 01:00:08.764   835   835 W PackageManager: Unknown permission com.android.launcher.permission.WRITE_SETTINGS in package com.android.settings
01-01 01:00:08.767   835   835 W PackageManager: Not granting permission android.permission.MANAGE_DOCUMENTS to package com.android.deskclock (protectionLevel=2 flags=0x3c49be45)
01-01 01:00:08.767   835   835 W PackageManager: Unknown permission com.android.deskclock.worldclock.permissions.WRITE_DATABASE in package com.android.deskclock
01-01 01:00:08.767   835   835 W PackageManager: Unknown permission org.codeaurora.permission.POWER_ON_ALERT in package com.android.deskclock
01-01 01:00:08.767   835   835 W PackageManager: Not granting permission android.permission.WRITE_SECURE_SETTINGS to package com.android.deskclock (protectionLevel=50 flags=0x3c49be45)
01-01 01:00:08.769   835   835 W PackageManager: Unknown permission com.google.android.gallery3d.permission.GALLERY_PROVIDER in package com.android.bluetooth
01-01 01:00:08.769   835   835 W PackageManager: Unknown permission com.android.email.permission.ACCESS_PROVIDER in package com.android.bluetooth
01-01 01:00:08.769   835   835 W PackageManager: Unknown permission com.android.email.permission.READ_ATTACHMENT in package com.android.bluetooth
01-01 01:00:08.770   835   835 V PackageManager: reconcileAppsData for null u0 0x3
01-01 01:00:09.240   835   835 V PackageManager: reconcileAppsData finished 75 packages
01-01 01:00:11.248   835   835 D PackageManager: Ephemeral resolver NOT found; no matching intent filters
01-01 01:00:11.248   835   835 I PackageManager: Ephemeral deactivated; missing resolver and installer
01-01 01:00:11.278   835   835 I SystemServer: StartOtaDexOptService
01-01 01:00:11.279   835   835 I SystemServer: StartUserManagerService
01-01 01:00:11.279   835   835 I SystemServiceManager: Starting com.android.server.pm.UserManagerService$LifeCycle
01-01 01:00:11.291   835   835 I SystemServiceManager: Starting com.android.server.BatteryService
01-01 01:00:11.297   835   835 I SystemServiceManager: Starting com.android.server.usage.UsageStatsService
01-01 01:00:11.300   835   874 E BatteryStatsService: no controller energy info supplied
01-01 01:00:11.305   835   835 I SystemServiceManager: Starting com.android.server.webkit.WebViewUpdateService
01-01 01:00:11.306   835   874 I BatteryStatsImpl: Resetting battery stats: level=96 status=3 dischargeLevel=96 lowAmount=0 highAmount=0
01-01 01:00:11.309   835   835 I SystemServer: Reading configuration...
01-01 01:00:11.309   835   835 I SystemServer: StartSchedulingPolicyService
01-01 01:00:11.310   835   835 I SystemServiceManager: Starting com.android.server.telecom.TelecomLoaderService
01-01 01:00:11.310   835   835 I SystemServer: StartTelephonyRegistry
01-01 01:00:11.314   835   835 I SystemServer: StartEntropyMixer
01-01 01:00:11.315   835   835 W EntropyMixer: No existing entropy file -- first boot?
01-01 01:00:11.316   835   835 I EntropyMixer: Added HW RNG output to entropy pool
01-01 01:00:11.316   835   835 I EntropyMixer: Writing entropy...
01-01 01:00:11.328   835   835 I SystemServer: Camera Service
01-01 01:00:11.328   835   835 I SystemServiceManager: Starting com.android.server.camera.CameraService
01-01 01:00:11.329   835   926 I ServiceThread: Enabled StrictMode logging for CameraService_proxy looper.
01-01 01:00:11.330   835   835 I SystemServer: StartAccountManagerService
01-01 01:00:11.331   835   835 I SystemServiceManager: Starting com.android.server.accounts.AccountManagerService$Lifecycle
01-01 01:00:11.338   835   835 I SystemServer: StartContentService
01-01 01:00:11.338   835   835 I SystemServiceManager: Starting com.android.server.content.ContentService$Lifecycle
01-01 01:00:11.340   835   835 I SystemServer: InstallSystemProviders
01-01 01:00:11.409   835   835 I SettingsState: No settings state /data/system/users/0/settings_system.xml
01-01 01:00:11.414   835   835 I SettingsState: No settings state /data/system/users/0/settings_secure.xml
01-01 01:00:11.416   835   835 D SettingsProvider: Generated and saved new ANDROID_ID [1510327f2adcc8a9] for user 0
01-01 01:00:11.420   835   835 I SettingsState: No settings state /data/system/users/0/settings_global.xml
01-01 01:00:11.433   835   835 I SystemServer: StartVibratorService
01-01 01:00:11.438   835   835 I SystemServer: StartConsumerIrService
01-01 01:00:11.440   835   835 I SystemServer: StartAlarmManagerService
01-01 01:00:11.440   835   835 I SystemServiceManager: Starting com.android.server.AlarmManagerService
01-01 01:00:11.447   835   835 I SystemServer: InitWatchdog
01-01 01:00:11.448   835   835 I SystemServer: StartInputManagerService
01-01 01:00:11.448   835   835 I InputManager: Initializing input manager, mUseDevInputEventForAudioJack=false
01-01 01:00:11.449   835   835 I SystemServer: StartWindowManagerService
01-01 01:00:11.461   835   887 I WindowManager: No existing display settings /data/system/display_settings.xml; starting empty
01-01 01:00:11.489   835   835 I SystemServer: StartVrManagerService
01-01 01:00:11.489   835   835 I SystemServiceManager: Starting com.android.server.vr.VrManagerService
01-01 01:00:11.492   835   835 I InputManager: Starting input manager
01-01 01:00:11.495   835   835 I SystemServiceManager: Starting com.android.server.BluetoothService
01-01 01:00:11.497   835   835 D BluetoothManagerService: Loading stored name and address
01-01 01:00:11.497   835   835 D BluetoothManagerService: Stored bluetooth Name=null,Address=null
01-01 01:00:11.497   835   835 D BluetoothManagerService: Bluetooth persisted state: 0
01-01 01:00:11.497   835   835 I SystemServer: ConnectivityMetricsLoggerService
01-01 01:00:11.497   835   835 I SystemServiceManager: Starting com.android.server.connectivity.MetricsLoggerService
01-01 01:00:11.498   835   835 I SystemServer: IpConnectivityMetrics
01-01 01:00:11.498   835   835 I SystemServiceManager: Starting com.android.server.connectivity.IpConnectivityMetrics
01-01 01:00:11.499   835   835 I SystemServer: PinnerService
01-01 01:00:11.499   835   835 I SystemServiceManager: Starting com.android.server.PinnerService
01-01 01:00:11.500   835   835 I SystemServiceManager: Starting com.android.server.InputMethodManagerService$Lifecycle
01-01 01:00:11.565   835   835 W InputMethodManagerService: No IME selected. Choose the most applicable IME.
01-01 01:00:11.568   835   835 I InputMethodManagerService: Default found, using com.android.inputmethod.latin/.LatinIME
01-01 01:00:11.570   835   835 I SystemServer: StartAccessibilityManagerService
01-01 01:00:11.578   835   835 I ActivityManager: Config changes=1df8 {1.0 ?mcc?mnc [en_US] ldltr sw800dp w1280dp h800dp 320dpi xlrg land ?uimode ?night -touch -keyb/h/h -nav/h s.2}
01-01 01:00:11.581   835   868 I UsageStatsDatabase: Upgrading from version 0 to 3
01-01 01:00:11.581   835   868 I UsageStatsDatabase: Deleting all usage stats files
01-01 01:00:11.582   835   887 I ActivityManager: Config changes=400 {1.0 ?mcc?mnc [en_US] ldltr sw800dp w1280dp h776dp 320dpi xlrg land ?uimode ?night -touch -keyb/h/h -nav/h s.3}
01-01 01:00:11.585   835   868 I UsageStatsService: User[0] Rollover scheduled @ 2014-01-02 00:00:11(1388620811579)
01-01 01:00:11.585   835   868 D UsageStatsService: Initializing defaults for system apps on user 0
01-01 01:00:11.587   835   868 E AppIdleHistory: Unable to read app idle file for user 0
01-01 01:00:11.605   835   835 I SystemServiceManager: Starting com.android.server.MountService$Lifecycle
01-01 01:00:11.612   835   835 I SystemServiceManager: Starting com.android.server.UiModeManagerService
01-01 01:00:11.613   835   942 D MountService: Thinking about init, mSystemReady=false, mDaemonConnected=true
01-01 01:00:11.613   835   942 D MountService: Thinking about reset, mSystemReady=false, mDaemonConnected=true
01-01 01:00:11.613   835   942 D MountService: Thinking about init, mSystemReady=false, mDaemonConnected=true
01-01 01:00:11.613   835   942 D MountService: Thinking about reset, mSystemReady=false, mDaemonConnected=true
01-01 01:00:11.613   835   942 D CryptdConnector: SND -> {1 cryptfs getfield SystemLocale}
01-01 01:00:11.614   835   835 I ActivityManager: Config changes=200 {1.0 ?mcc?mnc [en_US] ldltr sw800dp w1280dp h776dp 320dpi xlrg land -touch -keyb/h/h -nav/h s.4}
01-01 01:00:11.614   835   944 D CryptdConnector: RCV <- {200 1 -1}
01-01 01:00:11.615   835   942 W MountService: No primary storage mounted!
01-01 01:00:11.615   835   942 D VoldConnector: SND -> {1 asec list}
01-01 01:00:11.616   835   943 D VoldConnector: RCV <- {200 1 asec operation succeeded}
01-01 01:00:11.617   835   942 W PackageManager: Unknown permission com.google.android.googleapps.permission.GOOGLE_AUTH in package com.android.providers.calendar
01-01 01:00:11.617   835   942 W PackageManager: Unknown permission com.google.android.googleapps.permission.GOOGLE_AUTH.cl in package com.android.providers.calendar
01-01 01:00:11.618   835   942 W PackageManager: Unknown permission android.permission.MMS_PUSH in package org.codeaurora.bluetooth
01-01 01:00:11.618   835   942 W PackageManager: Unknown permission com.android.email.permission.ACCESS_PROVIDER in package org.codeaurora.bluetooth
01-01 01:00:11.618   835   942 W PackageManager: Unknown permission com.android.email.permission.READ_ATTACHMENT in package org.codeaurora.bluetooth
01-01 01:00:11.618   835   942 W PackageManager: Not granting permission android.permission.BIND_WALLPAPER to package com.android.camera2 (protectionLevel=18 flags=0x30d8bc45)
01-01 01:00:11.618   835   942 W PackageManager: Unknown permission android.permission.ACCESS_SUPERUSER in package projekt.substratum
01-01 01:00:11.618   835   942 W PackageManager: Not granting permission android.permission.CHANGE_CONFIGURATION to package projekt.substratum (protectionLevel=50 flags=0x38d83e45)
01-01 01:00:11.618   835   942 W PackageManager: Not granting permission android.permission.INSTALL_PACKAGES to package projekt.substratum (protectionLevel=18 flags=0x38d83e45)
01-01 01:00:11.618   835   942 W PackageManager: Unknown permission android.permission.MODIFY_OVERLAYS in package projekt.substratum
01-01 01:00:11.618   835   942 W PackageManager: Not granting permission android.permission.SET_PROCESS_LIMIT to package projekt.substratum (protectionLevel=50 flags=0x38d83e45)
01-01 01:00:11.618   835   942 W PackageManager: Not granting permission android.permission.SET_WALLPAPER_COMPONENT to package projekt.substratum (protectionLevel=18 flags=0x38d83e45)
01-01 01:00:11.618   835   942 W PackageManager: Unknown permission android.permission.SYSTEM_OVERLAY_WINDOW in package projekt.substratum
01-01 01:00:11.618   835   942 W PackageManager: Unknown permission com.samsung.android.permission.MODIFY_THEME in package projekt.substratum
01-01 01:00:11.618   835   942 W PackageManager: Unknown permission com.samsung.contacts.permission.THEME in package projekt.substratum
01-01 01:00:11.618   835   942 W PackageManager: Unknown permission com.google.android.c2dm.permission.RECEIVE in package projekt.substratum
01-01 01:00:11.618   835   942 W PackageManager: Unknown permission com.android.launcher.permission.READ_SETTINGS in package com.android.launcher3
01-01 01:00:11.618   835   942 W PackageManager: Unknown permission com.android.launcher.permission.WRITE_SETTINGS in package com.android.launcher3
01-01 01:00:11.618   835   942 W PackageManager: Not granting permission android.permission.BIND_APPWIDGET to package com.android.launcher3 (protectionLevel=18 flags=0x3ccbbe45)
01-01 01:00:11.618   835   942 W PackageManager: Unknown permission com.android.launcher.permission.READ_SETTINGS in package com.android.onetimeinitializer
01-01 01:00:11.618   835   942 W PackageManager: Unknown permission com.android.launcher.permission.WRITE_SETTINGS in package com.android.onetimeinitializer
01-01 01:00:11.619   835   942 W PackageManager: Unknown permission com.qualcomm.permission.USE_PHONE_SERVICE in package com.android.dialer
01-01 01:00:11.619   835   942 W PackageManager: Unknown permission com.google.android.permission.INSTALL_WEARABLE_PACKAGES in package com.android.packageinstaller
01-01 01:00:11.619   835   942 W PackageManager: Not granting permission android.permission.DELETE_PACKAGES to package com.svox.pico (protectionLevel=18 flags=0x3888be45)
01-01 01:00:11.619   835   942 W PackageManager: Unknown permission com.google.android.googleapps.permission.GOOGLE_AUTH in package com.android.settings
01-01 01:00:11.619   835   942 W PackageManager: Unknown permission com.android.launcher.permission.READ_SETTINGS in package com.android.settings
01-01 01:00:11.619   835   942 W PackageManager: Unknown permission com.android.launcher.permission.WRITE_SETTINGS in package com.android.settings
01-01 01:00:11.620   835   942 W PackageManager: Not granting permission android.permission.MANAGE_DOCUMENTS to package com.android.deskclock (protectionLevel=2 flags=0x3cc9be45)
01-01 01:00:11.620   835   942 W PackageManager: Unknown permission com.android.deskclock.worldclock.permissions.WRITE_DATABASE in package com.android.deskclock
01-01 01:00:11.620   835   942 W PackageManager: Unknown permission org.codeaurora.permission.POWER_ON_ALERT in package com.android.deskclock
01-01 01:00:11.620   835   942 W PackageManager: Not granting permission android.permission.WRITE_SECURE_SETTINGS to package com.android.deskclock (protectionLevel=50 flags=0x3cc9be45)
01-01 01:00:11.621   835   942 W PackageManager: Unknown permission com.google.android.gallery3d.permission.GALLERY_PROVIDER in package com.android.bluetooth
01-01 01:00:11.621   835   942 W PackageManager: Unknown permission com.android.email.permission.ACCESS_PROVIDER in package com.android.bluetooth
01-01 01:00:11.621   835   942 W PackageManager: Unknown permission com.android.email.permission.READ_ATTACHMENT in package com.android.bluetooth
01-01 01:00:11.670   835   942 W MountService: No primary storage mounted!
01-01 01:00:11.670   835   942 D VoldConnector: SND -> {2 asec list}
01-01 01:00:11.671   835   943 D VoldConnector: RCV <- {200 2 asec operation succeeded}
01-01 01:00:11.770   835   938 I ActivityManager: Config changes=8 {1.0 ?mcc?mnc [en_US] ldltr sw800dp w1280dp h776dp 320dpi xlrg land finger -keyb/h/h -nav/h s.5}
01-01 01:00:13.584   835   835 W PackageManager: No disk maintenance in 1388534413584; running immediately
01-01 01:00:13.584   835   835 I SystemServer: StartLockSettingsService
01-01 01:00:13.584   835   942 I MountService: Running fstrim idle maintenance
01-01 01:00:13.584   835   835 I SystemServiceManager: Starting com.android.server.LockSettingsService$Lifecycle
01-01 01:00:13.584   835   942 D VoldConnector: SND -> {3 fstrim dotrim}
01-01 01:00:13.585   835   943 D VoldConnector: RCV <- {200 3 Command succeeded}
01-01 01:00:13.585   363   950 D vold    : Starting trim of /data
01-01 01:00:13.592   835   835 I SystemServiceManager: Starting com.android.server.DeviceIdleController
01-01 01:00:13.595   835   835 I SystemServiceManager: Starting com.android.server.devicepolicy.DevicePolicyManagerService$Lifecycle
01-01 01:00:13.602   835   835 I SystemServer: StartStatusBarManagerService
01-01 01:00:13.605   835   835 I SystemServer: StartClipboardService
01-01 01:00:13.606   835   835 I SystemServer: StartNetworkManagementService
01-01 01:00:13.610   835   951 I NetworkManagement: onDaemonConnected()
01-01 01:00:13.612   835   835 I SystemServiceManager: Starting com.android.server.TextServicesManagerService$Lifecycle
01-01 01:00:13.617   835   835 I SystemServer: StartNetworkScoreService
01-01 01:00:13.619   835   835 I SystemServer: StartNetworkStatsService
01-01 01:00:13.628   835   835 I SystemServer: StartNetworkPolicyManagerService
01-01 01:00:13.634   835   835 I SystemServer: No Wi-Fi NAN Service (NAN support Not Present)
01-01 01:00:13.636   835   835 I SystemServiceManager: Starting com.android.server.wifi.p2p.WifiP2pService
01-01 01:00:13.677   835   835 I SystemServiceManager: Starting com.android.server.wifi.WifiService
01-01 01:00:13.771   835   835 I SystemServiceManager: Starting com.android.server.wifi.scanner.WifiScanningService
01-01 01:00:13.773   835   835 I SystemServiceManager: Starting com.android.server.wifi.RttService
01-01 01:00:13.775   835   835 I SystemServiceManager: Starting com.android.server.ethernet.EthernetService
01-01 01:00:13.777   835   835 I SystemServer: StartConnectivityService
01-01 01:00:13.784   835   835 D ConnectivityService: ConnectivityService starting up
01-01 01:00:13.787   835   835 D ConnectivityService: wifiOnly=false
01-01 01:00:13.787   835   835 E ConnectivityService: Ignoring protectedNetwork 10
01-01 01:00:13.787   835   835 E ConnectivityService: Ignoring protectedNetwork 11
01-01 01:00:13.787   835   835 E ConnectivityService: Ignoring protectedNetwork 12
01-01 01:00:13.787   835   835 E ConnectivityService: Ignoring protectedNetwork 14
01-01 01:00:13.787   835   835 E ConnectivityService: Ignoring protectedNetwork 15
01-01 01:00:13.797   835   835 I SystemServer: StartNsdService
01-01 01:00:13.801   835   835 I SystemServer: StartUpdateLockService
01-01 01:00:13.803   835   835 I SystemServiceManager: Starting com.android.server.RecoverySystemService
01-01 01:00:13.805   835   835 I SystemServiceManager: Starting com.android.server.notification.NotificationManagerService
01-01 01:00:13.818   835   835 D ConditionProviders.SCP: new ScheduleConditionProvider()
01-01 01:00:13.829   835   835 D ZenLog  : set_zen_mode: off,init
01-01 01:00:13.832   835   835 I SystemServiceManager: Starting com.android.server.storage.DeviceStorageMonitorService
01-01 01:00:13.835   835   835 I SystemServer: StartLocationManagerService
01-01 01:00:13.837   835   835 I SystemServer: StartCountryDetectorService
01-01 01:00:13.838   835   835 I SystemServer: StartSearchManagerService
01-01 01:00:13.839   835   835 I SystemServiceManager: Starting com.android.server.search.SearchManagerService$Lifecycle
01-01 01:00:13.841   835   835 I SystemServiceManager: Starting com.android.server.DropBoxManagerService
01-01 01:00:13.843   835   835 I SystemServer: StartWallpaperManagerService
01-01 01:00:13.843   835   835 I SystemServiceManager: Starting com.android.server.wallpaper.WallpaperManagerService$Lifecycle
01-01 01:00:13.845   835   835 E WallpaperManagerService: Invalid wallpaper data
01-01 01:00:13.845   835   835 E WallpaperManagerService: Unable to apply new wallpaper
01-01 01:00:13.846   835   835 W WallpaperManagerService: no current wallpaper -- first boot?
01-01 01:00:13.846   835   835 I SystemServer: StartAudioService
01-01 01:00:13.846   835   835 I SystemServiceManager: Starting com.android.server.audio.AudioService$Lifecycle
01-01 01:00:13.895   835   835 I SystemServiceManager: Starting com.android.server.DockObserver
01-01 01:00:13.896   835   835 I SystemServer: StartWiredAccessoryManager
01-01 01:00:13.897   835   835 W WiredAccessoryManager: This kernel does not have usb audio support
01-01 01:00:13.897   835   835 I SystemServiceManager: Starting com.android.server.usb.UsbService$Lifecycle
01-01 01:00:13.906   835   835 I SystemServer: StartSerialService
01-01 01:00:13.908   835   835 I SystemServiceManager: Starting com.android.server.twilight.TwilightService
01-01 01:00:13.909   835   835 I SystemServiceManager: Starting com.android.server.job.JobSchedulerService
01-01 01:00:13.916   835   835 I SystemServiceManager: Starting com.android.server.soundtrigger.SoundTriggerService
01-01 01:00:13.917   835   835 I SystemServiceManager: Starting com.android.server.backup.BackupManagerService$Lifecycle
01-01 01:00:13.919   835   835 I SystemServiceManager: Starting com.android.server.appwidget.AppWidgetService
01-01 01:00:13.946   835   835 I SystemServiceManager: Starting com.android.server.voiceinteraction.VoiceInteractionManagerService
01-01 01:00:13.948   835   835 I SystemServer: Gesture Launcher Service
01-01 01:00:13.948   835   835 I SystemServiceManager: Starting com.android.server.GestureLauncherService
01-01 01:00:13.949   835   835 I SystemServiceManager: Starting com.android.server.SensorNotificationService
01-01 01:00:13.949   835   835 I SystemServiceManager: Starting com.android.server.ContextHubSystemService
01-01 01:00:13.950   835   835 I SystemServer: StartDiskStatsService
01-01 01:00:13.952   835   835 I SystemServer: StartSamplingProfilerService
01-01 01:00:13.975   835   835 I SystemServer: StartNetworkTimeUpdateService
01-01 01:00:13.976   835   835 I SystemServer: StartCommonTimeManagementService
01-01 01:00:13.978   835   835 I SystemServer: CertBlacklister
01-01 01:00:13.979   835   835 I SystemServiceManager: Starting com.android.server.emergency.EmergencyAffordanceService
01-01 01:00:13.980   835   835 I SystemServiceManager: Starting com.android.server.dreams.DreamManagerService
01-01 01:00:13.983   835   835 I SystemServiceManager: Starting com.android.server.print.PrintManagerService
01-01 01:00:13.985   835   835 I SystemServiceManager: Starting com.android.server.restrictions.RestrictionsManagerService
01-01 01:00:13.987   835   835 I SystemServiceManager: Starting com.android.server.media.MediaSessionService
01-01 01:00:13.989   835   835 I SystemServer: StartMediaRouterService
01-01 01:00:13.991   835   835 I SystemServiceManager: Starting com.android.server.trust.TrustManagerService
01-01 01:00:13.992   835   835 I SystemServer: StartBackgroundDexOptService
01-01 01:00:13.993   835   835 I SystemServiceManager: Starting com.android.server.pm.ShortcutService$Lifecycle
01-01 01:00:13.997   835   835 I SystemServiceManager: Starting com.android.server.pm.LauncherAppsService
01-01 01:00:13.998   835   835 I SystemServiceManager: Starting com.android.server.media.projection.MediaProjectionManagerService
01-01 01:00:14.007   835   835 I SystemServiceManager: Starting com.android.server.MmsServiceBroker
01-01 01:00:14.009   835   835 I SystemServiceManager: Starting com.android.server.retaildemo.RetailDemoModeService
01-01 01:00:14.010   835   977 I ServiceThread: Enabled StrictMode logging for RetailDemoModeService looper.
01-01 01:00:14.233   835   835 I LockSettingsService: Migrated lock settings to new location
01-01 01:00:14.260   835   835 I LockSettingsService: Migrated per-user lock settings to new location
01-01 01:00:14.314   835   835 I LockSettingsService: Migrated biometric weak to use the fallback instead
01-01 01:00:14.341   835   835 I LockSettingsService: Migrated lockscreen disabled flag
01-01 01:00:14.347   835   835 E LockSettingsStorage: Cannot read file java.io.FileNotFoundException: /data/system/gatekeeper.password.key: open failed: ENOENT (No such file or directory)
01-01 01:00:14.348   835   835 E LockSettingsStorage: Cannot read file java.io.FileNotFoundException: /data/system/password.key: open failed: ENOENT (No such file or directory)
01-01 01:00:14.348   835   835 E LockSettingsStorage: Cannot read file java.io.FileNotFoundException: /data/system/gatekeeper.pattern.key: open failed: ENOENT (No such file or directory)
01-01 01:00:14.348   835   835 E LockSettingsStorage: Cannot read file java.io.FileNotFoundException: /data/system/gatekeeper.gesture.key: open failed: ENOENT (No such file or directory)
01-01 01:00:14.349   835   835 E LockSettingsStorage: Cannot read file java.io.FileNotFoundException: /data/system/gesture.key: open failed: ENOENT (No such file or directory)
01-01 01:00:14.349   835   835 I SystemServiceManager: Starting phase 480
01-01 01:00:14.352   835   835 I SystemServiceManager: Starting phase 500
01-01 01:00:14.367   835   835 I WifiService: WifiService starting up with Wi-Fi disabled
01-01 01:00:14.376   835   961 D ConnectivityService: Got NetworkFactory Messenger for Ethernet
01-01 01:00:14.388   835   835 D ZenLog  : config: cleanUpZenRules,ZenModeConfig[user=0,allowCalls=true,allowRepeatCallers=false,allowMessages=false,allowCallsFrom=contacts,allowMessagesFrom=contacts,allowReminders=true,allowEvents=true,allowWhenScreenOff=true,allowWhenScreenOn=true,automaticRules={0e06d7eac45e42a98763f67549097f64=ZenRule[enabled=false,snoozing=false,name=Weekend,zenMode=ZEN_MODE_ALARMS,conditionId=condition://android/schedule?days=6.7&start=23.30&end=10.0&exitAtAlarm=false,condition=null,component=ComponentInfo{android/com.android.server.notification.ScheduleConditionProvider},id=0e06d7eac45e42a98763f67549097f64,creationTime=1388534413815,enabler=null], 9a115bd4e524466ca176a0f06baa9270=ZenRule[enabled=false,snoozing=false,name=Event,zenMode=ZEN_MODE_ALARMS,conditionId=condition://android/event?userId=-10000&calendar=&reply=1,condition=null,component=ComponentInfo{android/com.android.server.notification.EventConditionProvider},id=9a115bd4e524466ca176a0f06baa9270,creationTime=1388534413816,enabler=null], a3ca164ebd134af4b112deaeb2ed7628=ZenRule[enabled=false,snoozing=false,name=Weeknight,zenMode=ZEN_MODE_ALARMS,conditionId=condition://android/schedule?days=1.2.3.4.5&start=22.0&end=7.0&exitAtAlarm=false,condition=null,component=ComponentInfo{android/com.android.server.notification.ScheduleConditionProvider},id=a3ca164ebd134af4b112deaeb2ed7628,creationTime=1388534413815,enabler=null]},manualRule=null],Diff[]
01-01 01:00:14.388   835   835 D ZenLog  : set_zen_mode: off,onSystemReady
01-01 01:00:14.391   835   835 W SoundTriggerHelper: listModules status=0, # of modules=0
01-01 01:00:14.411   835   835 D VoldConnector: SND -> {4 volume remount_uid 1001 none}
01-01 01:00:14.412   363   377 D vold    : Remounting 1001 as mode none
01-01 01:00:14.418   363   377 D vold    : Found matching PID 391
01-01 01:00:14.418   363   377 W vold    : Skipping due to root namespace
01-01 01:00:14.419   363   377 D vold    : Found matching PID 393
01-01 01:00:14.419   363   377 W vold    : Skipping due to root namespace
01-01 01:00:14.419   835   943 D VoldConnector: RCV <- {200 4 Command succeeded}
01-01 01:00:14.420   835   835 D VoldConnector: SND -> {5 volume remount_uid 1001 none}
01-01 01:00:14.420   363   377 D vold    : Remounting 1001 as mode none
01-01 01:00:14.423   835   889 W KeyguardServiceDelegate: onScreenTurningOn(): no keyguard service!
01-01 01:00:14.430   363   377 D vold    : Found matching PID 391
01-01 01:00:14.430   363   377 W vold    : Skipping due to root namespace
01-01 01:00:14.430   363   377 D vold    : Found matching PID 393
01-01 01:00:14.430   363   377 W vold    : Skipping due to root namespace
01-01 01:00:14.431   835   943 D VoldConnector: RCV <- {200 5 Command succeeded}
