01-01 01:00:27.957  1643  2045 W MediaProvider: Missing volume for /system/media/audio/notifications/Beryllium.ogg; assuming invalid
01-01 01:00:27.963  1643  2045 W MediaProvider: Missing volume for /system/media/audio/notifications/Betelgeuse.ogg; assuming invalid
01-01 01:00:27.976  1643  2045 W MediaProvider: Missing volume for /system/media/audio/notifications/CaffeineSnake.ogg; assuming invalid
01-01 01:00:27.990  1643  2045 W MediaProvider: Missing volume for /system/media/audio/notifications/Canopus.ogg; assuming invalid
01-01 01:00:28.003  1643  2045 W MediaProvider: Missing volume for /system/media/audio/notifications/Capella.ogg; assuming invalid
01-01 01:00:28.014  1643  2045 W MediaProvider: Missing volume for /system/media/audio/notifications/Castor.ogg; assuming invalid
01-01 01:00:28.041  1643  2045 W MediaProvider: Missing volume for /system/media/audio/notifications/CetiAlpha.ogg; assuming invalid
01-01 01:00:28.054  1643  2045 W MediaProvider: Missing volume for /system/media/audio/notifications/Cobalt.ogg; assuming invalid
01-01 01:00:28.059  1643  2045 W MediaProvider: Missing volume for /system/media/audio/notifications/Cricket.ogg; assuming invalid
01-01 01:00:28.062  1643  2045 W MediaProvider: Missing volume for /system/media/audio/notifications/DearDeer.ogg; assuming invalid
01-01 01:00:28.064  1643  2045 W MediaProvider: Missing volume for /system/media/audio/notifications/Deneb.ogg; assuming invalid
01-01 01:00:28.067  1643  2045 W MediaProvider: Missing volume for /system/media/audio/notifications/Doink.ogg; assuming invalid
01-01 01:00:28.070  1643  2045 W MediaProvider: Missing volume for /system/media/audio/notifications/DontPanic.ogg; assuming invalid
01-01 01:00:28.072  1643  2045 W MediaProvider: Missing volume for /system/media/audio/notifications/Drip.ogg; assuming invalid
01-01 01:00:28.075  1643  2045 W MediaProvider: Missing volume for /system/media/audio/notifications/Electra.ogg; assuming invalid
01-01 01:00:28.079  1643  2045 W MediaProvider: Missing volume for /system/media/audio/notifications/F1_MissedCall.ogg; assuming invalid
01-01 01:00:28.082  1643  2045 W MediaProvider: Missing volume for /system/media/audio/notifications/F1_New_MMS.ogg; assuming invalid
01-01 01:00:28.086  1643  2045 W MediaProvider: Missing volume for /system/media/audio/notifications/F1_New_SMS.ogg; assuming invalid
01-01 01:00:28.090  1643  2045 W MediaProvider: Missing volume for /system/media/audio/notifications/Fluorine.ogg; assuming invalid
01-01 01:00:28.093  1643  2045 W MediaProvider: Missing volume for /system/media/audio/notifications/Fomalhaut.ogg; assuming invalid
01-01 01:00:28.097  1643  2045 W MediaProvider: Missing volume for /system/media/audio/notifications/Gallium.ogg; assuming invalid
01-01 01:00:28.100  1643  2045 W MediaProvider: Missing volume for /system/media/audio/notifications/Heaven.ogg; assuming invalid
01-01 01:00:28.105  1643  2045 W MediaProvider: Missing volume for /system/media/audio/notifications/Helium.ogg; assuming invalid
01-01 01:00:28.108  1643  2045 W MediaProvider: Missing volume for /system/media/audio/notifications/Highwire.ogg; assuming invalid
01-01 01:00:28.112  1643  2045 W MediaProvider: Missing volume for /system/media/audio/notifications/Hojus.ogg; assuming invalid
01-01 01:00:28.117  1643  2045 W MediaProvider: Missing volume for /system/media/audio/notifications/Iridium.ogg; assuming invalid
01-01 01:00:28.120  1643  2045 W MediaProvider: Missing volume for /system/media/audio/notifications/Krypton.ogg; assuming invalid
01-01 01:00:28.123  1643  2045 W MediaProvider: Missing volume for /system/media/audio/notifications/KzurbSonar.ogg; assuming invalid
01-01 01:00:28.128  1643  2045 W MediaProvider: Missing volume for /system/media/audio/notifications/Lalande.ogg; assuming invalid
01-01 01:00:28.131  1643  2045 W MediaProvider: Missing volume for /system/media/audio/notifications/Merope.ogg; assuming invalid
01-01 01:00:28.136  1643  2045 W MediaProvider: Missing volume for /system/media/audio/notifications/Mira.ogg; assuming invalid
01-01 01:00:28.139  1643  2045 W MediaProvider: Missing volume for /system/media/audio/notifications/OnTheHunt.ogg; assuming invalid
01-01 01:00:28.147  1643  2045 W MediaProvider: Missing volume for /system/media/audio/notifications/Palladium.ogg; assuming invalid
01-01 01:00:28.156  1643  2045 W MediaProvider: Missing volume for /system/media/audio/notifications/Plastic_Pipe.ogg; assuming invalid
01-01 01:00:28.160  1643  2045 W MediaProvider: Missing volume for /system/media/audio/notifications/Polaris.ogg; assuming invalid
01-01 01:00:28.170  1643  2045 W MediaProvider: Missing volume for /system/media/audio/notifications/Pollux.ogg; assuming invalid
01-01 01:00:28.178  1643  2045 W MediaProvider: Missing volume for /system/media/audio/notifications/Procyon.ogg; assuming invalid
01-01 01:00:28.180   403  1082 E MetadataRetrieverClient: failed to extract an album art
01-01 01:00:28.184  1643  2045 W MediaProvider: Missing volume for /system/media/audio/notifications/Proxima.ogg; assuming invalid
01-01 01:00:28.187  1643  1653 I art     : Do partial code cache collection, code=35KB, data=56KB
01-01 01:00:28.188  1643  2045 W MediaProvider: Missing volume for /system/media/audio/notifications/Radon.ogg; assuming invalid
01-01 01:00:28.188  1643  1653 I art     : After code cache collection, code=35KB, data=56KB
01-01 01:00:28.188  1643  1653 I art     : Increasing code cache capacity to 256KB
01-01 01:00:28.193  1643  2045 W MediaProvider: Missing volume for /system/media/audio/notifications/Rubidium.ogg; assuming invalid
01-01 01:00:28.197  1643  2045 W MediaProvider: Missing volume for /system/media/audio/notifications/Selenium.ogg; assuming invalid
01-01 01:00:28.200  1643  2045 W MediaProvider: Missing volume for /system/media/audio/notifications/Shaula.ogg; assuming invalid
01-01 01:00:28.204  1643  2045 W MediaProvider: Missing volume for /system/media/audio/notifications/Sirrah.ogg; assuming invalid
01-01 01:00:28.207  1643  2045 W MediaProvider: Missing volume for /system/media/audio/notifications/SpaceSeed.ogg; assuming invalid
01-01 01:00:28.210  1643  2045 W MediaProvider: Missing volume for /system/media/audio/notifications/Spica.ogg; assuming invalid
01-01 01:00:28.214  1643  2045 W MediaProvider: Missing volume for /system/media/audio/notifications/Strontium.ogg; assuming invalid
01-01 01:00:28.218  1643  2045 W MediaProvider: Missing volume for /system/media/audio/notifications/Syrma.ogg; assuming invalid
01-01 01:00:28.222  1643  2045 W MediaProvider: Missing volume for /system/media/audio/notifications/TaDa.ogg; assuming invalid
01-01 01:00:28.226  1643  2045 W MediaProvider: Missing volume for /system/media/audio/notifications/Talitha.ogg; assuming invalid
01-01 01:00:28.230  1643  2045 W MediaProvider: Missing volume for /system/media/audio/notifications/Tejat.ogg; assuming invalid
01-01 01:00:28.233  1643  2045 W MediaProvider: Missing volume for /system/media/audio/notifications/Thallium.ogg; assuming invalid
01-01 01:00:28.238  1643  2045 W MediaProvider: Missing volume for /system/media/audio/notifications/Tinkerbell.ogg; assuming invalid
01-01 01:00:28.241  1643  2045 W MediaProvider: Missing volume for /system/media/audio/notifications/Upsilon.ogg; assuming invalid
01-01 01:00:28.244  1643  2045 W MediaProvider: Missing volume for /system/media/audio/notifications/Vega.ogg; assuming invalid
01-01 01:00:28.247  1643  2045 W MediaProvider: Missing volume for /system/media/audio/notifications/Voila.ogg; assuming invalid
01-01 01:00:28.255  1643  2045 W MediaProvider: Missing volume for /system/media/audio/notifications/Xenon.ogg; assuming invalid
01-01 01:00:28.282  1643  2045 W MediaProvider: Missing volume for /system/media/audio/notifications/Zirconium.ogg; assuming invalid
01-01 01:00:28.285  1643  2045 W MediaProvider: Missing volume for /system/media/audio/notifications/arcturus.ogg; assuming invalid
01-01 01:00:28.290  1643  2045 W MediaProvider: Missing volume for /system/media/audio/notifications/moonbeam.ogg; assuming invalid
01-01 01:00:28.313  1643  2045 W MediaProvider: Missing volume for /system/media/audio/notifications/pixiedust.ogg; assuming invalid
01-01 01:00:28.343  1643  2045 I MediaScanner: forcing rescan of /system/media/audio/notifications/pizzicato.ogg since build fingerprint changed
01-01 01:00:28.365  1643  2045 I MediaScanner: forcing rescan of /system/media/audio/notifications/regulus.ogg since build fingerprint changed
01-01 01:00:28.389  1643  2045 I MediaScanner: forcing rescan of /system/media/audio/notifications/sirius.ogg since build fingerprint changed
01-01 01:00:28.414  1643  2045 I MediaScanner: forcing rescan of /system/media/audio/notifications/tweeters.ogg since build fingerprint changed
01-01 01:00:28.443  1643  2045 I MediaScanner: forcing rescan of /system/media/audio/notifications/vega.ogg since build fingerprint changed
01-01 01:00:28.480  1643  2045 I MediaScanner: forcing rescan of /system/media/audio/ringtones/ANDROMEDA.ogg since build fingerprint changed
01-01 01:00:28.541  1643  2045 I MediaScanner: forcing rescan of /system/media/audio/ringtones/Andromeda.ogg since build fingerprint changed
01-01 01:00:28.592  1643  2045 I MediaScanner: forcing rescan of /system/media/audio/ringtones/Aquila.ogg since build fingerprint changed
01-01 01:00:28.616  1643  2045 I MediaScanner: forcing rescan of /system/media/audio/ringtones/ArgoNavis.ogg since build fingerprint changed
01-01 01:00:28.692  1643  2045 I MediaScanner: forcing rescan of /system/media/audio/ringtones/Atria.ogg since build fingerprint changed
01-01 01:00:28.734  1643  2045 I MediaScanner: forcing rescan of /system/media/audio/ringtones/BOOTES.ogg since build fingerprint changed
01-01 01:00:28.796  1643  2045 I MediaScanner: forcing rescan of /system/media/audio/ringtones/Backroad.ogg since build fingerprint changed
01-01 01:00:28.837  1643  2045 I MediaScanner: forcing rescan of /system/media/audio/ringtones/BeatPlucker.ogg since build fingerprint changed
01-01 01:00:28.856  1643  2045 I MediaScanner: forcing rescan of /system/media/audio/ringtones/BentleyDubs.ogg since build fingerprint changed
01-01 01:00:28.873  1643  2045 I MediaScanner: forcing rescan of /system/media/audio/ringtones/Big_Easy.ogg since build fingerprint changed
01-01 01:00:28.892  1643  2045 I MediaScanner: forcing rescan of /system/media/audio/ringtones/BirdLoop.ogg since build fingerprint changed
01-01 01:00:28.909  1643  2045 I MediaScanner: forcing rescan of /system/media/audio/ringtones/Bollywood.ogg since build fingerprint changed
01-01 01:00:28.924  1643  2045 I MediaScanner: forcing rescan of /system/media/audio/ringtones/BussaMove.ogg since build fingerprint changed
01-01 01:00:28.940  1643  2045 I MediaScanner: forcing rescan of /system/media/audio/ringtones/CANISMAJOR.ogg since build fingerprint changed
01-01 01:00:28.960  1643  2045 I MediaScanner: forcing rescan of /system/media/audio/ringtones/CASSIOPEIA.ogg since build fingerprint changed
01-01 01:00:28.982  1643  2045 I MediaScanner: forcing rescan of /system/media/audio/ringtones/Cairo.ogg since build fingerprint changed
01-01 01:00:29.001  1643  2045 I MediaScanner: forcing rescan of /system/media/audio/ringtones/Calypso_Steel.ogg since build fingerprint changed
01-01 01:00:29.025  1643  2045 I MediaScanner: forcing rescan of /system/media/audio/ringtones/CanisMajor.ogg since build fingerprint changed
01-01 01:00:29.046  1643  2045 I MediaScanner: forcing rescan of /system/media/audio/ringtones/CaribbeanIce.ogg since build fingerprint changed
01-01 01:00:29.065  1643  2045 I MediaScanner: forcing rescan of /system/media/audio/ringtones/Carina.ogg since build fingerprint changed
01-01 01:00:29.082  1643  2045 I MediaScanner: forcing rescan of /system/media/audio/ringtones/Centaurus.ogg since build fingerprint changed
01-01 01:00:29.101  1643  2045 I MediaScanner: forcing rescan of /system/media/audio/ringtones/Champagne_Edition.ogg since build fingerprint changed
01-01 01:00:29.126  1643  2045 I MediaScanner: forcing rescan of /system/media/audio/ringtones/Club_Cubano.ogg since build fingerprint changed
01-01 01:00:29.157  1643  2045 I MediaScanner: forcing rescan of /system/media/audio/ringtones/CrayonRock.ogg since build fingerprint changed
01-01 01:00:29.169   835   869 D CompatibilityInfo: mCompatibilityFlags - 4
01-01 01:00:29.169   835   869 D CompatibilityInfo: applicationDensity - 320
01-01 01:00:29.169   835   869 D CompatibilityInfo: applicationScale - 1.0
01-01 01:00:29.176   835  1033 D CompatibilityInfo: mCompatibilityFlags - 4
01-01 01:00:29.176   835  1033 D CompatibilityInfo: applicationDensity - 320
01-01 01:00:29.176   835  1033 D CompatibilityInfo: applicationScale - 1.0
01-01 01:00:29.191   835   938 E QCOM PowerHAL: Failed to acquire lock.
01-01 01:00:29.209  1643  2045 I MediaScanner: forcing rescan of /system/media/audio/ringtones/CrazyDream.ogg since build fingerprint changed
01-01 01:00:29.228   396   538 D audio_hw_primary: out_set_parameters: enter: usecase(1: low-latency-playback) kvpairs: routing=2
01-01 01:00:29.228   835  1313 D WifiService: setWifiEnabled: true pid=1330, uid=1000
01-01 01:00:29.229   396   538 D audio_hw_primary: start_output_stream: enter: stream(0xb6244380)usecase(1: low-latency-playback) devices(0x2)
01-01 01:00:29.229   396   538 D audio_hw_primary: start_output_stream: enter: usecase(1: low-latency-playback) devices(0x2)
01-01 01:00:29.229   396   538 D audio_hw_primary: select_devices: out_snd_device(2: speaker) in_snd_device(0: )
01-01 01:00:29.229   396   538 W msm8974_platform: Codec backend bitwidth 16, samplerate 48000
01-01 01:00:29.229   396   538 D hardware_info: hw_info_append_hw_type : device_name = speaker-cdp
01-01 01:00:29.229   396   538 I msm8974_platform: platform_send_audio_calibration: sending audio calibration for snd_device(2) acdb_id(15)
01-01 01:00:29.229   396   538 D ACDB-LOADER: ACDB -> send_audio_cal, acdb_id = 15, path =  0
01-01 01:00:29.229   396   538 D ACDB-LOADER: ACDB -> send_adm_topology
01-01 01:00:29.229   396   538 D ACDB-LOADER: ACDB -> ACDB_CMD_GET_AUDPROC_COMMON_TOPOLOGY_ID
01-01 01:00:29.229   396   538 D ACDB-LOADER: ACDB -> send_asm_topology
01-01 01:00:29.229   396   538 D ACDB-LOADER: ACDB -> ACDB_CMD_GET_AUDPROC_STREAM_TOPOLOGY_ID
01-01 01:00:29.229   396   538 D ACDB-LOADER: ACDB -> send_audtable
01-01 01:00:29.229   396   538 D ACDB-LOADER: ACDB -> ACDB_CMD_GET_AUDPROC_COMMON_TABLE
01-01 01:00:29.229   396   538 D ACDB-LOADER: ACDB -> AUDIO_SET_AUDPROC_CAL
01-01 01:00:29.229   396   538 D ACDB-LOADER: ACDB -> send_audvoltable
01-01 01:00:29.229   396   538 D ACDB-LOADER: ACDB -> ACDB_CMD_GET_AUDPROC_GAIN_DEP_STEP_TABLE
01-01 01:00:29.229   396   538 D ACDB-LOADER: ACDB -> AUDIO_SET_AUDPROC_VOL_CAL
01-01 01:00:29.229   396   538 D ACDB-LOADER: ACDB -> send_afe_cal
01-01 01:00:29.229   396   538 D ACDB-LOADER: ACDB -> ACDB_CMD_GET_AFE_COMMON_TABLE
01-01 01:00:29.229   396   538 D ACDB-LOADER: ACDB -> AUDIO_SET_AFE_CAL
01-01 01:00:29.241   408   825 D SoftapController: Softap fwReload - Ok
01-01 01:00:29.244   396   538 D audio_hw_primary: select_devices: done
01-01 01:00:29.261   408   825 D CommandListener: Setting iface cfg
01-01 01:00:29.262   408   825 D CommandListener: Trying to bring down wlan0
01-01 01:00:29.263   408   825 D CommandListener: Clearing all IP addresses on wlan0
01-01 01:00:29.263  2137  2137 V macloader: Found CID type: 1
01-01 01:00:29.263  2137  2137 I macloader: Settting wifi type to murata in /data/.cid.info
01-01 01:00:29.264  2137  2137 D macloader: Change permissions of /data/.cid.info
01-01 01:00:29.264  2137  2137 D macloader: Using NVRAM calibration file: /system/etc/wifi/nvram_net.txt
01-01 01:00:29.264  2137  2137 D macloader: Changing NVRAM calibration file for murata chipset
01-01 01:00:29.264  2137  2137 W macloader: NVRAM calibration file '/system/etc/wifi/nvram_net.txt_murata' doesn't exist
01-01 01:00:29.266   835   957 E WifiMonitor: killSupplicant p2ptrue init.svc.wpa_supplicant=unknown init.svc.p2p_supplicant=unknown
01-01 01:00:29.281  1643  2045 I MediaScanner: forcing rescan of /system/media/audio/ringtones/CurveBall.ogg since build fingerprint changed
01-01 01:00:29.300  1643  2045 I MediaScanner: forcing rescan of /system/media/audio/ringtones/Cygnus.ogg since build fingerprint changed
01-01 01:00:29.319  1643  2045 I MediaScanner: forcing rescan of /system/media/audio/ringtones/DancinFool.ogg since build fingerprint changed
01-01 01:00:29.339  1643  2045 I MediaScanner: forcing rescan of /system/media/audio/ringtones/Ding.ogg since build fingerprint changed
01-01 01:00:29.356  1643  2045 I MediaScanner: forcing rescan of /system/media/audio/ringtones/DonMessWivIt.ogg since build fingerprint changed
01-01 01:00:29.385  1643  2045 I MediaScanner: forcing rescan of /system/media/audio/ringtones/Draco.ogg since build fingerprint changed
01-01 01:00:29.406  1643  2045 I MediaScanner: forcing rescan of /system/media/audio/ringtones/DreamTheme.ogg since build fingerprint changed
01-01 01:00:29.440  1643  2045 I MediaScanner: forcing rescan of /system/media/audio/ringtones/Eastern_Sky.ogg since build fingerprint changed
01-01 01:00:29.472  1643  2045 I MediaScanner: forcing rescan of /system/media/audio/ringtones/Enter_the_Nexus.ogg since build fingerprint changed
01-01 01:00:29.506  1643  2045 I MediaScanner: forcing rescan of /system/media/audio/ringtones/Eridani.ogg since build fingerprint changed
01-01 01:00:29.531  1643  2045 I MediaScanner: forcing rescan of /system/media/audio/ringtones/EtherShake.ogg since build fingerprint changed
01-01 01:00:29.553  1643  2045 I MediaScanner: forcing rescan of /system/media/audio/ringtones/FreeFlight.ogg since build fingerprint changed
01-01 01:00:29.586  1643  2045 I MediaScanner: forcing rescan of /system/media/audio/ringtones/FriendlyGhost.ogg since build fingerprint changed
01-01 01:00:29.615  1643  2045 I MediaScanner: forcing rescan of /system/media/audio/ringtones/Funk_Yall.ogg since build fingerprint changed
01-01 01:00:29.642  1643  2045 I MediaScanner: forcing rescan of /system/media/audio/ringtones/GameOverGuitar.ogg since build fingerprint changed
01-01 01:00:29.667  1643  2045 I MediaScanner: forcing rescan of /system/media/audio/ringtones/Gimme_Mo_Town.ogg since build fingerprint changed
01-01 01:00:29.689  1643  2045 I MediaScanner: forcing rescan of /system/media/audio/ringtones/Girtab.ogg since build fingerprint changed
01-01 01:00:29.713  1643  2045 I MediaScanner: forcing rescan of /system/media/audio/ringtones/Glacial_Groove.ogg since build fingerprint changed
01-01 01:00:29.737  1643  2045 I MediaScanner: forcing rescan of /system/media/audio/ringtones/Growl.ogg since build fingerprint changed
01-01 01:00:29.762  1643  2045 I MediaScanner: forcing rescan of /system/media/audio/ringtones/HalfwayHome.ogg since build fingerprint changed
01-01 01:00:29.807  1643  2045 I MediaScanner: forcing rescan of /system/media/audio/ringtones/Hydra.ogg since build fingerprint changed
01-01 01:00:29.854  1643  2045 I MediaScanner: forcing rescan of /system/media/audio/ringtones/InsertCoin.ogg since build fingerprint changed
01-01 01:00:29.884  1643  2045 I MediaScanner: forcing rescan of /system/media/audio/ringtones/Kuma.ogg since build fingerprint changed
01-01 01:00:29.954  1643  2045 I MediaScanner: forcing rescan of /system/media/audio/ringtones/LoopyLounge.ogg since build fingerprint changed
01-01 01:00:29.990  1643  2045 I MediaScanner: forcing rescan of /system/media/audio/ringtones/LoveFlute.ogg since build fingerprint changed
01-01 01:00:30.033  1038  1038 D KeyguardUpdateMonitor: received broadcast android.intent.action.BATTERY_CHANGED
01-01 01:00:30.033  1038  1038 D KeyguardUpdateMonitor: handleBatteryUpdate
01-01 01:00:30.038  1643  2045 I MediaScanner: forcing rescan of /system/media/audio/ringtones/Lyra.ogg since build fingerprint changed
01-01 01:00:30.057   835   957 D wifi    : set interface wlan0 flags (UP)
01-01 01:00:30.057   835   957 I WifiHAL : Initializing wifi
01-01 01:00:30.057   835   957 I WifiHAL : Creating socket
01-01 01:00:30.066   835   957 I WifiHAL : Initialized Wifi HAL Successfully; vendor cmd = 103
01-01 01:00:30.066   835   957 D wifi    : Did set static halHandle = 0x5f5cd1a0
01-01 01:00:30.066   835   957 D wifi    : halHandle = 0x5f5cd1a0, mVM = 0xb3d97000, mCls = 0x13a2
01-01 01:00:30.066   835   957 D wifi    : array field set
01-01 01:00:30.067   835  2146 I WifiNative-HAL: Waiting for HAL events mWifiHalHandle=1599918496
01-01 01:00:30.067   835  2146 D wifi    : waitForHalEvents called, vm = 0xb3d97000, obj = 0x13a2, env = 0x5fab4e20
01-01 01:00:30.072   835   952 W ConnectivityExtension: ConnectivityExt jar file not present
01-01 01:00:30.087  1643  2045 I MediaScanner: forcing rescan of /system/media/audio/ringtones/Machina.ogg since build fingerprint changed
01-01 01:00:30.109  1643  2045 I MediaScanner: forcing rescan of /system/media/audio/ringtones/MidEvilJaunt.ogg since build fingerprint changed
01-01 01:00:30.128  1643  2045 I MediaScanner: forcing rescan of /system/media/audio/ringtones/MildlyAlarming.ogg since build fingerprint changed
01-01 01:00:30.148  2147  2147 I wpa_supplicant: Successfully initialized wpa_supplicant
01-01 01:00:30.151  1643  2045 I MediaScanner: forcing rescan of /system/media/audio/ringtones/Nairobi.ogg since build fingerprint changed
01-01 01:00:30.153  2147  2147 I wpa_supplicant: rfkill: Cannot open RFKILL control device
01-01 01:00:30.170   835   957 D WifiMonitor: startMonitoring(wlan0) with mConnected = false
01-01 01:00:30.174   835   869 D CompatibilityInfo: mCompatibilityFlags - 4
01-01 01:00:30.174   835   869 D CompatibilityInfo: applicationDensity - 320
01-01 01:00:30.174   835   869 D CompatibilityInfo: applicationScale - 1.0
01-01 01:00:30.183  1643  2045 I MediaScanner: forcing rescan of /system/media/audio/ringtones/Nassau.ogg since build fingerprint changed
01-01 01:00:30.219  2147  2147 I wpa_supplicant: rfkill: Cannot open RFKILL control device
01-01 01:00:30.243  1643  2045 I MediaScanner: forcing rescan of /system/media/audio/ringtones/NewPlayer.ogg since build fingerprint changed
01-01 01:00:30.293  1643  2045 I MediaScanner: forcing rescan of /system/media/audio/ringtones/No_Limits.ogg since build fingerprint changed
01-01 01:00:30.297   835   957 D WifiConfigManager: Loading config and enabling all networks 
01-01 01:00:30.301   835   957 I WifiNetworkHistory: readNetworkHistory: no config file, java.io.FileNotFoundException: /data/misc/wifi/networkHistory.txt (No such file or directory)
01-01 01:00:30.302   835   957 D WifiConfigManager: loaded 0 passpoint configs
01-01 01:00:30.304   835   957 E IpConfigStore: Error parsing configuration: java.io.FileNotFoundException: /data/misc/wifi/ipconfig.txt (No such file or directory)
01-01 01:00:30.306   835   957 D WifiConfigManager: --- Begin /data/misc/wifi/wpa_supplicant.conf ---
01-01 01:00:30.308   835   957 D WifiConfigManager: update_config=1
01-01 01:00:30.308   835   957 D WifiConfigManager: eapol_version=1
01-01 01:00:30.308   835   957 D WifiConfigManager: ap_scan=1
01-01 01:00:30.308   835   957 D WifiConfigManager: fast_reauth=1
01-01 01:00:30.310   835   957 D WifiConfigManager: pmf=1
01-01 01:00:30.310   835   957 D WifiConfigManager: p2p_add_cli_chan=1
01-01 01:00:30.311   835   957 D WifiConfigManager: --- End /data/misc/wifi/wpa_supplicant.conf Contents ---
01-01 01:00:30.311   835   957 D WifiConfigManager: --- Begin /data/misc/wifi/wpa_supplicant.conf.tmp ---
01-01 01:00:30.312   835   957 W WifiConfigManager: Could not open /data/misc/wifi/wpa_supplicant.conf.tmp, java.io.FileNotFoundException: /data/misc/wifi/wpa_supplicant.conf.tmp (No such file or directory)
01-01 01:00:30.312   835   957 D WifiConfigManager: --- End /data/misc/wifi/wpa_supplicant.conf.tmp Contents ---
01-01 01:00:30.312   835   957 D WifiConfigManager: --- Begin /data/misc/wifi/networkHistory.txt ---
01-01 01:00:30.313   835   957 W WifiConfigManager: Could not open /data/misc/wifi/networkHistory.txt, java.io.FileNotFoundException: /data/misc/wifi/networkHistory.txt (No such file or directory)
01-01 01:00:30.313   835   957 D WifiConfigManager: --- End /data/misc/wifi/networkHistory.txt Contents ---
01-01 01:00:30.329  2147  2147 W wpa_supplicant: scan plan 1: Too many iterations(6), use the maximum allowed(0)
01-01 01:00:30.329  2147  2147 W wpa_supplicant: Too many scheduled scan plans (only 1 supported)
01-01 01:00:30.329  2147  2147 W wpa_supplicant: Use only the first 0 scan plans, and the last one (in infinite loop)
01-01 01:00:30.330   835   957 D WifiNative-HAL: Setting external_sim to 1
01-01 01:00:30.331   835   957 D wifi    : setting dfs flag to true, 0x63251100
01-01 01:00:30.331   835   957 D WifiStateMachine: Setting OUI to DA-A1-19
01-01 01:00:30.331   835   957 D wifi    : setting scan oui 0x63251100
01-01 01:00:30.331   835   957 D WifiHAL : Sending mac address OUI
01-01 01:00:30.332   835   957 E WifiHAL : failed to set scanning mac OUI; result = -95
01-01 01:00:30.336   835   957 I WifiConnectivityManager: PNO settings: min5GHzRssi -82 min24GHzRssi -85 currentConnectionBonus 16 sameNetworkBonus 24 secureNetworkBonus 80 initialScoreMax 100
01-01 01:00:30.336   835   957 I WifiConnectivityManager: ConnectivityScanManager initialized and enabled
01-01 01:00:30.336   835   957 I WifiConnectivityManager: setUntrustedConnectionAllowed: allowed=false
01-01 01:00:30.336   835   957 D wifi    : android_net_wifi_get_firmware_version = 0x63251100
01-01 01:00:30.337   835   957 E WifiHAL : Failed to register debug response; result = -95
01-01 01:00:30.337   835   957 E wifi    : Fail to get Firmware version
01-01 01:00:30.337   835   957 D wifi    : android_net_wifi_get_driver_version = 0x63251100
01-01 01:00:30.337   835   957 E WifiHAL : Failed to register debug response; result = -95
01-01 01:00:30.337   835   957 E wifi    : Fail to get driver version
01-01 01:00:30.337   835   957 D wifi    : android_net_wifi_set_log_handler = 0x63251100
01-01 01:00:30.337   835   957 D wifi    : android_net_wifi_get_ring_buffer_status = 0x63251100
01-01 01:00:30.337   835   957 E WifiHAL : Failed to register debug response; result = -95
01-01 01:00:30.337   835   957 E WifiLogger: no ring buffers found
01-01 01:00:30.337   835   957 D WifiHAL : Start get packet fate command
01-01 01:00:30.337   835   957 D WifiHAL : createRequest Monitor packet fate request
01-01 01:00:30.338   835   957 E WifiHAL : Failed to register get pkt fate response; result = -95
01-01 01:00:30.338   835   957 E WifiLogger: Failed to start packet fate monitoring
01-01 01:00:30.341  1643  2045 I MediaScanner: forcing rescan of /system/media/audio/ringtones/Noises1.ogg since build fingerprint changed
01-01 01:00:30.362   835   957 E wifi    : android_net_wifi_getLinkLayerStats: failed to get link statistics
01-01 01:00:30.367   835   957 D wifi    : android_net_wifi_setLinkLayerStats: 1
01-01 01:00:30.368   835   835 D RttService: SCAN_AVAILABLE : 3
01-01 01:00:30.368   835   960 D RttService: DefaultState got{ when=0 what=160512 target=com.android.internal.util.StateMachine$SmHandler }
01-01 01:00:30.368   835   957 I WifiConnectivityManager: Set WiFi enabled
01-01 01:00:30.370   835   959 D wifi    : failed to get capabilities : -95
01-01 01:00:30.370   408   825 D CommandListener: Setting iface cfg
01-01 01:00:30.370   835   869 D CompatibilityInfo: mCompatibilityFlags - 4
01-01 01:00:30.370   408   825 D CommandListener: Trying to bring up p2p0
01-01 01:00:30.370   835   869 D CompatibilityInfo: applicationDensity - 320
01-01 01:00:30.370   835   869 D CompatibilityInfo: applicationScale - 1.0
01-01 01:00:30.371   835   955 D WifiMonitor: startMonitoring(p2p0) with mConnected = true
01-01 01:00:30.375   835   957 I WifiConnectivityManager: scheduleWatchdogTimer
01-01 01:00:30.376   835   959 I WifiScanningService: wifi driver loaded with scan capabilities: max buckets=16
01-01 01:00:30.380   835   955 D WifiNative-HAL: p2pGetDeviceAddress
01-01 01:00:30.380   835   955 D WifiNative-HAL: p2pGetDeviceAddress returning ca:14:79:46:b1:79
01-01 01:00:30.383   835   957 D WifiStateMachine: resetting EAP-SIM/AKA/AKA' networks since SIM was changed
01-01 01:00:30.389   835   957 E wifi    : wifi_get_supported_feature_set returned error = 0xffffffa1
01-01 01:00:30.389   835   874 E BatteryStatsService: no controller energy info supplied
01-01 01:00:30.395  1330  1848 D Index   : Deleting data for locale 'en_US' took 9 millis
01-01 01:00:30.397  1643  2045 I MediaScanner: forcing rescan of /system/media/audio/ringtones/Noises2.ogg since build fingerprint changed
01-01 01:00:30.423  1643  2045 I MediaScanner: forcing rescan of /system/media/audio/ringtones/Noises3.ogg since build fingerprint changed
01-01 01:00:30.434  1330  1848 D Index   : Indexing locale 'en_US' took 39 millis
01-01 01:00:30.445   835   957 E wifi    : wifi_get_supported_feature_set returned error = 0xffffffa1
01-01 01:00:30.446   835   874 E BatteryStatsService: no controller energy info supplied
01-01 01:00:30.460  1643  2045 I MediaScanner: forcing rescan of /system/media/audio/ringtones/OrganDub.ogg since build fingerprint changed
01-01 01:00:30.496  1643  2045 I MediaScanner: forcing rescan of /system/media/audio/ringtones/Orion.ogg since build fingerprint changed
01-01 01:00:30.549  1643  2045 I MediaScanner: forcing rescan of /system/media/audio/ringtones/PERSEUS.ogg since build fingerprint changed
01-01 01:00:30.632  1643  2045 I MediaScanner: forcing rescan of /system/media/audio/ringtones/Paradise_Island.ogg since build fingerprint changed
01-01 01:00:30.723  1643  2045 I MediaScanner: forcing rescan of /system/media/audio/ringtones/Pegasus.ogg since build fingerprint changed
01-01 01:00:30.766  1643  2045 I MediaScanner: forcing rescan of /system/media/audio/ringtones/Perseus.ogg since build fingerprint changed
01-01 01:00:30.883  1643  2045 I MediaScanner: forcing rescan of /system/media/audio/ringtones/Playa.ogg since build fingerprint changed
01-01 01:00:30.916  1643  2045 I MediaScanner: forcing rescan of /system/media/audio/ringtones/Pyxis.ogg since build fingerprint changed
01-01 01:00:30.938  1643  2045 I MediaScanner: forcing rescan of /system/media/audio/ringtones/Rasalas.ogg since build fingerprint changed
01-01 01:00:30.997  1643  2045 I MediaScanner: forcing rescan of /system/media/audio/ringtones/Revelation.ogg since build fingerprint changed
01-01 01:00:31.079  1643  2045 I MediaScanner: forcing rescan of /system/media/audio/ringtones/Rigel.ogg since build fingerprint changed
01-01 01:00:31.176  1643  2045 I MediaScanner: forcing rescan of /system/media/audio/ringtones/Ring_Classic_02.ogg since build fingerprint changed
01-01 01:00:31.210  1643  2045 I MediaScanner: forcing rescan of /system/media/audio/ringtones/Ring_Digital_02.ogg since build fingerprint changed
01-01 01:00:31.234  1643  2045 I MediaScanner: forcing rescan of /system/media/audio/ringtones/Ring_Synth_02.ogg since build fingerprint changed
01-01 01:00:31.286  1643  2045 W MediaScanner: forcing rescan of /system/media/audio/ringtones/Ring_Synth_04.oggsince ringtone setting didn't finish
01-01 01:00:31.355  1643  2045 W MediaProvider: Missing volume for /system/media/audio/ringtones; assuming invalid
01-01 01:00:31.375  1643  2045 W MediaProvider: Missing volume for /system/media/audio/notifications/pizzicato.ogg; assuming invalid
01-01 01:00:31.395  1643  2045 W MediaProvider: Missing volume for /system/media/audio/notifications/regulus.ogg; assuming invalid
01-01 01:00:31.402  1643  2045 W MediaProvider: Missing volume for /system/media/audio/notifications/sirius.ogg; assuming invalid
01-01 01:00:31.422  1643  2045 W MediaProvider: Missing volume for /system/media/audio/notifications/tweeters.ogg; assuming invalid
01-01 01:00:31.439  1643  2045 W MediaProvider: Missing volume for /system/media/audio/notifications/vega.ogg; assuming invalid
01-01 01:00:31.458  1643  2045 W MediaProvider: Missing volume for /system/media/audio/ringtones/ANDROMEDA.ogg; assuming invalid
01-01 01:00:31.466  1643  2045 W MediaProvider: Missing volume for /system/media/audio/ringtones/Andromeda.ogg; assuming invalid
01-01 01:00:31.472  1643  2045 W MediaProvider: Missing volume for /system/media/audio/ringtones/Aquila.ogg; assuming invalid
01-01 01:00:31.486  1643  2045 W MediaProvider: Missing volume for /system/media/audio/ringtones/ArgoNavis.ogg; assuming invalid
01-01 01:00:31.498  1643  2045 W MediaProvider: Missing volume for /system/media/audio/ringtones/Atria.ogg; assuming invalid
01-01 01:00:31.500   403  1082 E MetadataRetrieverClient: failed to extract an album art
01-01 01:00:31.505  1643  2045 W MediaProvider: Missing volume for /system/media/audio/ringtones/BOOTES.ogg; assuming invalid
01-01 01:00:31.528  1643  2045 W MediaProvider: Missing volume for /system/media/audio/ringtones/Backroad.ogg; assuming invalid
01-01 01:00:31.539  1643  2045 W MediaProvider: Missing volume for /system/media/audio/ringtones/BeatPlucker.ogg; assuming invalid
01-01 01:00:31.544  1643  2045 W MediaProvider: Missing volume for /system/media/audio/ringtones/BentleyDubs.ogg; assuming invalid
