07-24 10:25:10.976 W/WebKit  (3420): A Parser-blocking, cross site (i.e. different eTLD+1) script, http://www.google-analytics.com/ga.js, is invoked via document.write. The network request for this script MAY be blocked by the browser in this or a future page load due to poor network connectivity. If blocked in this page load, it will be confirmed in a subsequent console message.See https://www.chromestatus.com/feature/5718547946799104 for more details.
07-24 10:25:11.282 W/cr_BindingManager(3420): Cannot call determinedVisibility() - never saw a connection for the pid: 3420
07-24 10:25:11.375 W/ConnectivityExtension(868): ConnectivityExt jar file not present
07-24 10:25:11.739 W/cr_BindingManager(3420): Cannot call determinedVisibility() - never saw a connection for the pid: 3420
07-24 10:25:11.828 W/cr_BindingManager(3420): Cannot call determinedVisibility() - never saw a connection for the pid: 3420
07-24 10:25:11.834 W/cr_BindingManager(3420): Cannot call determinedVisibility() - never saw a connection for the pid: 3420
07-24 10:25:12.117 E/QCOM PowerHAL(868): Failed to acquire lock.
07-24 10:25:12.373 E/QCOM PowerHAL(868): Failed to acquire lock.
07-24 10:25:17.754 E/QCOM PowerHAL(868): Failed to acquire lock.
07-24 10:25:17.874 E/QCOM PowerHAL(868): Failed to acquire lock.
07-24 10:25:18.272 E/QCOM PowerHAL(868): Failed to acquire lock.
07-24 10:25:18.485 W/OpenGLRenderer(2274): Incorrectly called buildLayer on View: ShortcutAndWidgetContainer, destroying layer...
07-24 10:25:18.924 E/QCOM PowerHAL(868): Failed to acquire lock.
07-24 10:25:19.022 W/msm8974_platform(440): Codec backend bitwidth 16, samplerate 48000
07-24 10:25:20.358 E/QCOM PowerHAL(868): Failed to acquire lock.
07-24 10:25:20.411 E/QCOM PowerHAL(868): Failed to acquire lock.
07-24 10:25:20.724 E/QCOM PowerHAL(868): Failed to acquire lock.
07-24 10:25:21.508 E/QCOM PowerHAL(868): Failed to acquire lock.
07-24 10:25:21.577 W/InputMethodService(1040): Window size has been changed. This may cause jankiness of resizing window: -1 -> -2
07-24 10:25:22.686 E/QCOM PowerHAL(868): Failed to acquire lock.
07-24 10:25:22.969 E/qdoverlay(389): Bad ov dump:  mdp_overlay z=1 fg=0 alpha=73 mask=-1 flags=0x20200 id=8
07-24 10:25:22.969 E/qdoverlay(389): src msmfb_img w=2176 h=580 format=13 MDP_RGBA_8888
07-24 10:25:22.969 E/qdoverlay(389): src_rect mdp_rect x=0 y=0 w=1568 h=580
07-24 10:25:22.969 E/qdoverlay(389): dst_rect mdp_rect x=76 y=200 w=1460 h=540
07-24 10:25:22.969 E/qdoverlay(389): Bad ov dump:  mdp_overlay z=1 fg=0 alpha=73 mask=-1 flags=0x20200 id=32
07-24 10:25:22.969 E/qdoverlay(389): src msmfb_img w=2176 h=580 format=13 MDP_RGBA_8888
07-24 10:25:22.969 E/qdoverlay(389): src_rect mdp_rect x=0 y=0 w=1568 h=580
07-24 10:25:22.969 E/qdoverlay(389): dst_rect mdp_rect x=76 y=200 w=1460 h=540
07-24 10:25:22.986 E/qdoverlay(389): Bad ov dump:  mdp_overlay z=1 fg=0 alpha=134 mask=-1 flags=0x20200 id=8
07-24 10:25:22.986 E/qdoverlay(389): src msmfb_img w=2176 h=580 format=13 MDP_RGBA_8888
07-24 10:25:22.986 E/qdoverlay(389): src_rect mdp_rect x=0 y=0 w=1555 h=580
07-24 10:25:22.986 E/qdoverlay(389): dst_rect mdp_rect x=50 y=200 w=1486 h=554
07-24 10:25:23.002 E/qdoverlay(389): Bad ov dump:  mdp_overlay z=1 fg=0 alpha=179 mask=-1 flags=0x20200 id=8
07-24 10:25:23.002 E/qdoverlay(389): src msmfb_img w=2176 h=580 format=13 MDP_RGBA_8888
07-24 10:25:23.002 E/qdoverlay(389): src_rect mdp_rect x=0 y=0 w=1547 h=580
07-24 10:25:23.002 E/qdoverlay(389): dst_rect mdp_rect x=32 y=200 w=1504 h=564
07-24 10:25:23.019 E/qdoverlay(389): Bad ov dump:  mdp_overlay z=1 fg=0 alpha=210 mask=-1 flags=0x20200 id=8
07-24 10:25:23.019 E/qdoverlay(389): src msmfb_img w=2176 h=580 format=13 MDP_RGBA_8888
07-24 10:25:23.019 E/qdoverlay(389): src_rect mdp_rect x=0 y=0 w=1542 h=580
07-24 10:25:23.019 E/qdoverlay(389): dst_rect mdp_rect x=20 y=200 w=1516 h=570
07-24 10:25:23.035 E/qdoverlay(389): Bad ov dump:  mdp_overlay z=1 fg=0 alpha=232 mask=-1 flags=0x20200 id=8
07-24 10:25:23.035 E/qdoverlay(389): src msmfb_img w=2176 h=580 format=13 MDP_RGBA_8888
07-24 10:25:23.035 E/qdoverlay(389): src_rect mdp_rect x=0 y=0 w=1538 h=580
07-24 10:25:23.035 E/qdoverlay(389): dst_rect mdp_rect x=12 y=200 w=1524 h=575
07-24 10:25:23.174 E/QCOM PowerHAL(868): Failed to acquire lock.
07-24 10:25:23.419 E/qdoverlay(389): Bad ov dump:  mdp_overlay z=1 fg=0 alpha=178 mask=-1 flags=0x20200 id=8
07-24 10:25:23.419 E/qdoverlay(389): src msmfb_img w=2176 h=89 format=13 MDP_RGBA_8888
07-24 10:25:23.419 E/qdoverlay(389): src_rect mdp_rect x=0 y=0 w=1549 h=89
07-24 10:25:23.419 E/qdoverlay(389): dst_rect mdp_rect x=38 y=200 w=1498 h=86
07-24 10:25:23.424 E/QCOM PowerHAL(868): Failed to acquire lock.
07-24 10:25:23.436 E/qdoverlay(389): Bad ov dump:  mdp_overlay z=1 fg=0 alpha=121 mask=-1 flags=0x20200 id=8
07-24 10:25:23.436 E/qdoverlay(389): src msmfb_img w=2176 h=89 format=13 MDP_RGBA_8888
07-24 10:25:23.436 E/qdoverlay(389): src_rect mdp_rect x=0 y=0 w=1561 h=89
07-24 10:25:23.436 E/qdoverlay(389): dst_rect mdp_rect x=62 y=200 w=1474 h=84
07-24 10:25:23.461 E/qdoverlay(389): Bad ov dump:  mdp_overlay z=1 fg=0 alpha=76 mask=-1 flags=0x20200 id=8
07-24 10:25:23.461 E/qdoverlay(389): src msmfb_img w=2176 h=89 format=13 MDP_RGBA_8888
07-24 10:25:23.461 E/qdoverlay(389): src_rect mdp_rect x=0 y=0 w=1569 h=89
07-24 10:25:23.461 E/qdoverlay(389): dst_rect mdp_rect x=81 y=200 w=1455 h=83
07-24 10:25:23.469 E/qdoverlay(389): Bad ov dump:  mdp_overlay z=1 fg=0 alpha=43 mask=-1 flags=0x20200 id=8
07-24 10:25:23.470 E/qdoverlay(389): src msmfb_img w=2176 h=89 format=13 MDP_RGBA_8888
07-24 10:25:23.470 E/qdoverlay(389): src_rect mdp_rect x=0 y=0 w=1575 h=89
07-24 10:25:23.470 E/qdoverlay(389): dst_rect mdp_rect x=93 y=200 w=1443 h=82
07-24 10:25:23.486 E/qdoverlay(389): Bad ov dump:  mdp_overlay z=1 fg=0 alpha=23 mask=-1 flags=0x20200 id=8
07-24 10:25:23.486 E/qdoverlay(389): src msmfb_img w=2176 h=89 format=13 MDP_RGBA_8888
07-24 10:25:23.486 E/qdoverlay(389): src_rect mdp_rect x=0 y=0 w=1579 h=89
07-24 10:25:23.486 E/qdoverlay(389): dst_rect mdp_rect x=100 y=200 w=1436 h=81
07-24 10:25:23.504 E/qdoverlay(389): Bad ov dump:  mdp_overlay z=1 fg=0 alpha=9 mask=-1 flags=0x20200 id=8
07-24 10:25:23.504 E/qdoverlay(389): src msmfb_img w=2176 h=89 format=13 MDP_RGBA_8888
07-24 10:25:23.504 E/qdoverlay(389): src_rect mdp_rect x=0 y=0 w=1581 h=89
07-24 10:25:23.504 E/qdoverlay(389): dst_rect mdp_rect x=105 y=200 w=1431 h=81
07-24 10:25:23.520 E/qdoverlay(389): Bad ov dump:  mdp_overlay z=1 fg=0 alpha=3 mask=-1 flags=0x20200 id=8
07-24 10:25:23.520 E/qdoverlay(389): src msmfb_img w=2176 h=89 format=13 MDP_RGBA_8888
07-24 10:25:23.520 E/qdoverlay(389): src_rect mdp_rect x=0 y=0 w=1583 h=89
07-24 10:25:23.520 E/qdoverlay(389): dst_rect mdp_rect x=108 y=200 w=1428 h=80
07-24 10:25:24.845 E/QCOM PowerHAL(868): Failed to acquire lock.
07-24 10:25:25.325 E/QCOM PowerHAL(868): Failed to acquire lock.
07-24 10:25:25.681 E/QCOM PowerHAL(868): Failed to acquire lock.
07-24 10:25:25.785 W/InputMethodService(1040): Window size has been changed. This may cause jankiness of resizing window: -1 -> -2
07-24 10:25:26.429 E/QCOM PowerHAL(868): Failed to acquire lock.
07-24 10:25:26.529 E/QCOM PowerHAL(868): Failed to acquire lock.
07-24 10:25:26.784 E/QCOM PowerHAL(868): Failed to acquire lock.
07-24 10:25:26.871 E/QCOM PowerHAL(868): Failed to acquire lock.
07-24 10:25:27.125 E/QCOM PowerHAL(868): Failed to acquire lock.
07-24 10:25:27.167 E/QCOM PowerHAL(868): Failed to acquire lock.
07-24 10:25:27.882 E/QCOM PowerHAL(868): Failed to acquire lock.
07-24 10:25:28.132 E/QCOM PowerHAL(868): Failed to acquire lock.
07-24 10:25:29.121 E/QCOM PowerHAL(868): Failed to acquire lock.
07-24 10:25:29.235 E/QCOM PowerHAL(868): Failed to acquire lock.
07-24 10:25:29.491 E/QCOM PowerHAL(868): Failed to acquire lock.
07-24 10:25:30.352 E/QCOM PowerHAL(868): Failed to acquire lock.
07-24 10:25:30.430 E/QCOM PowerHAL(868): Failed to acquire lock.
07-24 10:25:30.681 E/QCOM PowerHAL(868): Failed to acquire lock.
07-24 10:25:30.726 E/QCOM PowerHAL(868): Failed to acquire lock.
07-24 10:25:30.997 E/QCOM PowerHAL(868): Failed to acquire lock.
07-24 10:25:30.997 E/QCOM PowerHAL(868): Failed to acquire lock.
07-24 10:25:33.484 E/QCOM PowerHAL(868): Failed to acquire lock.
07-24 10:25:33.641 W/msm8974_platform(440): Codec backend bitwidth 16, samplerate 48000
07-24 10:26:08.086 E/BatteryStatsService(868): power: Missing API
07-24 10:26:08.088 E/wifi    (868): wifi_get_supported_feature_set returned error = 0xffffffa1
07-24 10:26:08.089 E/BatteryStatsService(868): no controller energy info supplied
07-24 10:26:08.089 E/BatteryStatsService(868): no controller energy info supplied
07-24 10:26:08.153 E/BatteryStatsService(868): modem info is invalid: ModemActivityInfo{ mTimestamp=0 mSleepTimeMs=0 mIdleTimeMs=0 mTxTimeMs[]=[0, 0, 0, 0, 0] mRxTimeMs=0 mEnergyUsed=0}
07-24 10:26:33.562 W/Adreno-EGL(868): <qeglDrvAPI_eglQueryContext:4370>: EGL_BAD_ATTRIBUTE
07-24 10:26:33.569 W/IInputConnectionWrapper(3183): finishComposingText on inactive InputConnection
07-24 10:26:33.576 W/FingerprintManager(1056): isFingerprintHardwareDetected(): Service not connected!
07-24 10:26:34.165 E/libEGL  (868): call to OpenGL ES API with no current context (logged once per thread)
07-24 10:26:34.461 E/QCOM PowerHAL(868): Failed to acquire lock.
07-24 10:26:34.472 W/FingerprintManager(1056): isFingerprintHardwareDetected(): Service not connected!
07-24 10:26:38.642 W/FingerprintManager(1056): isFingerprintHardwareDetected(): Service not connected!
07-24 10:26:38.656 W/FingerprintManager(1056): isFingerprintHardwareDetected(): Service not connected!
07-24 10:26:38.662 E/QCOM PowerHAL(868): Failed to acquire lock.
07-24 10:26:38.731 W/FingerprintManager(1056): isFingerprintHardwareDetected(): Service not connected!
07-24 10:26:38.742 W/FingerprintManager(1056): isFingerprintHardwareDetected(): Service not connected!
07-24 10:26:40.233 E/QCOM PowerHAL(868): Failed to acquire lock.
07-24 10:26:40.235 W/FingerprintManager(1056): isFingerprintHardwareDetected(): Service not connected!
07-24 10:26:40.415 E/QCOM PowerHAL(868): Invalid hint ID.
07-24 10:26:41.226 E/cutils-trace(4168): Error opening trace file: Permission denied (13)
07-24 10:26:41.399 E/cutils-trace(4172): Error opening trace file: Permission denied (13)
07-24 10:26:41.400 E/patchoat(4172): Failed to open output oat file /data/dalvik-cache/arm/system@framework@am.jar@classes.dex: Permission denied(13)
07-24 10:26:41.402 W/art     (4168): Failed execv(/system/bin/patchoat --instruction-set=arm --input-oat-file=/system/framework/oat/arm/am.odex --output-oat-file=/data/dalvik-cache/arm/system@framework@am.jar@classes.dex --patched-image-location=/system/framework/boot.art) because non-0 exit status
07-24 10:26:41.474 E/ActivityManager(868): Sending non-protected broadcast com.sec.android.LTE_WIDEBAND_INFO from system uid 1001 pkg null
07-24 10:26:41.474 E/ActivityManager(868): java.lang.Throwable
07-24 10:26:41.474 E/ActivityManager(868): 	at com.android.server.am.ActivityManagerService.checkBroadcastFromSystem(ActivityManagerService.java:18125)
07-24 10:26:41.474 E/ActivityManager(868): 	at com.android.server.am.ActivityManagerService.broadcastIntentLocked(ActivityManagerService.java:18709)
07-24 10:26:41.474 E/ActivityManager(868): 	at com.android.server.am.ActivityManagerService.broadcastIntent(ActivityManagerService.java:18800)
07-24 10:26:41.474 E/ActivityManager(868): 	at android.app.ActivityManagerNative.onTransact(ActivityManagerNative.java:499)
07-24 10:26:41.474 E/ActivityManager(868): 	at com.android.server.am.ActivityManagerService.onTransact(ActivityManagerService.java:2980)
07-24 10:26:41.474 E/ActivityManager(868): 	at android.os.Binder.execTransact(Binder.java:565)
07-24 10:26:41.544 E/QCOM PowerHAL(868): Failed to acquire lock.
07-24 10:26:41.658 E/QCOM PowerHAL(868): Failed to acquire lock.
07-24 10:26:41.807 W/AudioTrack(1056): AUDIO_OUTPUT_FLAG_FAST denied by client; transfer 4, track 44100 Hz, output 48000 Hz
07-24 10:26:41.812 W/msm8974_platform(440): Codec backend bitwidth 16, samplerate 48000
07-24 10:26:41.874 W/InputMethodManagerService(868): Window already focused, ignoring focus gain of: com.android.internal.view.IInputMethodClient$Stub$Proxy@6b260 attribute=android.view.inputmethod.EditorInfo@3736319, token = android.os.BinderProxy@af9161c
07-24 10:26:41.956 W/IInputConnectionWrapper(3183): finishComposingText on inactive InputConnection
07-24 10:26:43.555 E/QCOM PowerHAL(868): Failed to acquire lock.
07-24 10:26:43.641 E/QCOM PowerHAL(868): Failed to acquire lock.
07-24 10:26:43.737 W/IInputConnectionWrapper(3183): reportFullscreenMode on inexistent InputConnection
07-24 10:26:43.737 W/IInputConnectionWrapper(3183): finishComposingText on inactive InputConnection
07-24 10:26:43.763 E/QCOM PowerHAL(868): Failed to acquire lock.
07-24 10:26:44.259 W/OpenGLRenderer(2274): Incorrectly called buildLayer on View: ShortcutAndWidgetContainer, destroying layer...
07-24 10:26:44.612 E/QCOM PowerHAL(868): Failed to acquire lock.
07-24 10:26:46.060 E/QCOM PowerHAL(868): Failed to acquire lock.
07-24 10:26:46.123 E/QCOM PowerHAL(868): Failed to acquire lock.
07-24 10:26:46.214 E/QCOM PowerHAL(868): Failed to acquire lock.
07-24 10:26:46.686 W/ActivityManager(868): Duplicate finish request for ActivityRecord{c064489 u0 com.adguard.android/.ui.SplashActivity t19 f}
07-24 10:26:47.182 E/QCOM PowerHAL(868): Failed to acquire lock.
07-24 10:26:47.287 E/QCOM PowerHAL(868): Failed to acquire lock.
07-24 10:26:47.698 E/QCOM PowerHAL(868): Failed to acquire lock.
07-24 10:26:47.917 W/OpenGLRenderer(2274): Incorrectly called buildLayer on View: ShortcutAndWidgetContainer, destroying layer...
07-24 10:26:48.825 E/QCOM PowerHAL(868): Failed to acquire lock.
07-24 10:26:49.608 E/QCOM PowerHAL(868): Failed to acquire lock.
07-24 10:26:50.001 E/QCOM PowerHAL(868): Failed to acquire lock.
07-24 10:26:50.042 W/msm8974_platform(440): Codec backend bitwidth 16, samplerate 48000
07-24 10:26:51.719 E/QCOM PowerHAL(868): Failed to acquire lock.
07-24 10:26:51.763 E/QCOM PowerHAL(868): Failed to acquire lock.
07-24 10:26:51.870 W/Chrome_InProcGp(3470): type=1400 audit(0.0:300): avc: denied { getattr } for path="/sys/devices/fdb00000.qcom,kgsl-3d0/kgsl/kgsl-3d0/reset_count" dev="sysfs" ino=19528 scontext=u:r:untrusted_app:s0:c512,c768 tcontext=u:object_r:sysfs:s0 tclass=file permissive=0
07-24 10:26:51.870 W/Chrome_InProcGp(3470): type=1300 audit(0.0:300): arch=40000028 syscall=197 per=800008 success=no exit=-13 a0=64 a1=b0aab600 a2=b0aab690 a3=5cd76e91 items=0 ppid=439 ppcomm=main auid=4294967295 uid=10048 gid=10048 euid=10048 suid=10048 fsuid=10048 egid=10048 sgid=10048 fsgid=10048 tty=(none) ses=4294967295 exe="/system/bin/app_process32" subj=u:r:untrusted_app:s0:c512,c768 key=(null)
07-24 10:26:51.870 W/auditd  (375): type=1320 audit(0.0:300): 
07-24 10:26:51.873 W/Chrome_InProcGp(3470): type=1400 audit(0.0:301): avc: denied { getattr } for path="/sys/devices/fdb00000.qcom,kgsl-3d0/kgsl/kgsl-3d0/gpuclk" dev="sysfs" ino=19517 scontext=u:r:untrusted_app:s0:c512,c768 tcontext=u:object_r:sysfs:s0 tclass=file permissive=0
07-24 10:26:51.873 W/Chrome_InProcGp(3470): type=1300 audit(0.0:301): arch=40000028 syscall=197 per=800008 success=no exit=-13 a0=64 a1=b0aab5c0 a2=b0aab650 a3=5cd76e91 items=0 ppid=439 ppcomm=main auid=4294967295 uid=10048 gid=10048 euid=10048 suid=10048 fsuid=10048 egid=10048 sgid=10048 fsgid=10048 tty=(none) ses=4294967295 exe="/system/bin/app_process32" subj=u:r:untrusted_app:s0:c512,c768 key=(null)
07-24 10:26:51.873 W/auditd  (375): type=1320 audit(0.0:301): 
07-24 10:26:51.877 W/Chrome_InProcGp(3470): type=1400 audit(0.0:302): avc: denied { getattr } for path="/sys/devices/fdb00000.qcom,kgsl-3d0/kgsl/kgsl-3d0/reset_count" dev="sysfs" ino=19528 scontext=u:r:untrusted_app:s0:c512,c768 tcontext=u:object_r:sysfs:s0 tclass=file permissive=0
07-24 10:26:51.877 W/Chrome_InProcGp(3470): type=1300 audit(0.0:302): arch=40000028 syscall=197 per=800008 success=no exit=-13 a0=64 a1=b0aab620 a2=b0aab6b0 a3=5cd76e91 items=0 ppid=439 ppcomm=main auid=4294967295 uid=10048 gid=10048 euid=10048 suid=10048 fsuid=10048 egid=10048 sgid=10048 fsgid=10048 tty=(none) ses=4294967295 exe="/system/bin/app_process32" subj=u:r:untrusted_app:s0:c512,c768 key=(null)
07-24 10:26:51.877 W/auditd  (375): type=1320 audit(0.0:302): 
07-24 10:26:51.880 W/Chrome_InProcGp(3470): type=1400 audit(0.0:303): avc: denied { getattr } for path="/sys/devices/fdb00000.qcom,kgsl-3d0/kgsl/kgsl-3d0/gpuclk" dev="sysfs" ino=19517 scontext=u:r:untrusted_app:s0:c512,c768 tcontext=u:object_r:sysfs:s0 tclass=file permissive=0
07-24 10:26:51.880 W/Chrome_InProcGp(3470): type=1300 audit(0.0:303): arch=40000028 syscall=197 per=800008 success=no exit=-13 a0=64 a1=b0aab5e0 a2=b0aab670 a3=5cd76e91 items=0 ppid=439 ppcomm=main auid=4294967295 uid=10048 gid=10048 euid=10048 suid=10048 fsuid=10048 egid=10048 sgid=10048 fsgid=10048 tty=(none) ses=4294967295 exe="/system/bin/app_process32" subj=u:r:untrusted_app:s0:c512,c768 key=(null)
07-24 10:26:51.880 W/auditd  (375): type=1320 audit(0.0:303): 
07-24 10:26:51.880 W/Chrome_InProcGp(3470): type=1400 audit(0.0:304): avc: denied { getattr } for path="/sys/devices/fdb00000.qcom,kgsl-3d0/kgsl/kgsl-3d0/reset_count" dev="sysfs" ino=19528 scontext=u:r:untrusted_app:s0:c512,c768 tcontext=u:object_r:sysfs:s0 tclass=file permissive=0
07-24 10:26:51.880 W/Chrome_InProcGp(3470): type=1300 audit(0.0:304): arch=40000028 syscall=197 per=800008 success=no exit=-13 a0=64 a1=b0aab600 a2=b0aab690 a3=5cd76e91 items=0 ppid=439 ppcomm=main auid=4294967295 uid=10048 gid=10048 euid=10048 suid=10048 fsuid=10048 egid=10048 sgid=10048 fsgid=10048 tty=(none) ses=4294967295 exe="/system/bin/app_process32" subj=u:r:untrusted_app:s0:c512,c768 key=(null)
07-24 10:26:51.880 W/auditd  (375): type=1320 audit(0.0:304): 
07-24 10:26:51.880 W/Chrome_InProcGp(3470): type=1400 audit(0.0:305): avc: denied { getattr } for path="/sys/devices/fdb00000.qcom,kgsl-3d0/kgsl/kgsl-3d0/gpuclk" dev="sysfs" ino=19517 scontext=u:r:untrusted_app:s0:c512,c768 tcontext=u:object_r:sysfs:s0 tclass=file permissive=0
07-24 10:26:51.880 W/Chrome_InProcGp(3470): type=1300 audit(0.0:305): arch=40000028 syscall=197 per=800008 success=no exit=-13 a0=64 a1=b0aab5c0 a2=b0aab650 a3=5cd76e91 items=0 ppid=439 ppcomm=main auid=4294967295 uid=10048 gid=10048 euid=10048 suid=10048 fsuid=10048 egid=10048 sgid=10048 fsgid=10048 tty=(none) ses=4294967295 exe="/system/bin/app_process32" subj=u:r:untrusted_app:s0:c512,c768 key=(null)
07-24 10:26:51.880 W/auditd  (375): type=1320 audit(0.0:305): 
07-24 10:26:51.957 E/QCOM PowerHAL(868): Failed to acquire lock.
07-24 10:26:52.162 W/cr_BindingManager(3420): Cannot call determinedVisibility() - never saw a connection for the pid: 3420
07-24 10:26:53.438 E/QCOM PowerHAL(868): Failed to acquire lock.
07-24 10:26:53.472 W/InputMethodService(1040): Window size has been changed. This may cause jankiness of resizing window: -1 -> -2
07-24 10:26:54.185 E/QCOM PowerHAL(868): Failed to acquire lock.
07-24 10:26:55.242 E/QCOM PowerHAL(868): Failed to acquire lock.
07-24 10:26:55.336 W/msm8974_platform(440): Codec backend bitwidth 16, samplerate 48000
07-24 10:26:55.359 W/IInputConnectionWrapper(3420): getSelectedText on inactive InputConnection
07-24 10:26:55.366 W/IInputConnectionWrapper(3420): requestCursorAnchorInfo on inactive InputConnection
07-24 10:26:55.367 W/IInputConnectionWrapper(3420): getTextBeforeCursor on inactive InputConnection
07-24 10:26:55.367 E/RichInputConnection(1040): Unable to connect to the editor to retrieve text.
07-24 10:26:55.368 W/IInputConnectionWrapper(3420): getTextBeforeCursor on inactive InputConnection
07-24 10:26:55.368 E/RichInputConnection(1040): Unable to connect to the editor to retrieve text.
07-24 10:26:55.368 W/RichInputConnection(1040): Unable to connect to the editor. Setting caps mode without knowing text.
07-24 10:26:55.368 W/IInputConnectionWrapper(3420): getTextBeforeCursor on inactive InputConnection
07-24 10:26:55.369 E/RichInputConnection(1040): Unable to connect to the editor to retrieve text.
07-24 10:26:55.369 W/RichInputConnection(1040): Unable to connect to the editor. Setting caps mode without knowing text.
07-24 10:26:55.372 W/IInputConnectionWrapper(3420): getTextBeforeCursor on inactive InputConnection
07-24 10:26:55.372 E/RichInputConnection(1040): Unable to connect to the editor to retrieve text.
07-24 10:26:55.373 W/IInputConnectionWrapper(3420): getTextBeforeCursor on inactive InputConnection
07-24 10:26:55.373 E/RichInputConnection(1040): Unable to connect to the editor to retrieve text.
07-24 10:26:55.373 W/RichInputConnection(1040): Unable to connect to the editor. Setting caps mode without knowing text.
07-24 10:26:55.374 W/IInputConnectionWrapper(3420): finishComposingText on inactive InputConnection
07-24 10:26:55.375 W/InputMethodService(1040): Window size has been changed. This may cause jankiness of resizing window: -1 -> -2
07-24 10:26:55.376 W/IInputConnectionWrapper(3420): finishComposingText on inactive InputConnection
07-24 10:26:55.599 W/cr_BindingManager(3420): Cannot call determinedVisibility() - never saw a connection for the pid: 3420
07-24 10:26:55.704 E/SuggestionProvider(3420): Problem getting search suggestions
07-24 10:26:55.704 E/SuggestionProvider(3420): java.io.FileNotFoundException: https://www.google.com/complete/search?client=android&oe=utf8&ie=utf8&hl=de&q=https%3A%2F%2Fwww.google.de%2Fsearch%3Fie%3Dutf-8%26source%3Dandroid-browser%26q%3Dgoogle%26gfe_rd%3Dcr%26ei%3Dh2z2wfuwk8gv8qeyrkvqag
07-24 10:26:55.704 E/SuggestionProvider(3420): 	at com.android.okhttp.internal.huc.HttpURLConnectionImpl.getInputStream(HttpURLConnectionImpl.java:250)
07-24 10:26:55.704 E/SuggestionProvider(3420): 	at com.android.okhttp.internal.huc.DelegatingHttpsURLConnection.getInputStream(DelegatingHttpsURLConnection.java:210)
07-24 10:26:55.704 E/SuggestionProvider(3420): 	at com.android.okhttp.internal.huc.HttpsURLConnectionImpl.getInputStream(HttpsURLConnectionImpl.java)
07-24 10:26:55.704 E/SuggestionProvider(3420): 	at org.lineageos.jelly.suggestions.SuggestionProvider.downloadSuggestionsForQuery(SuggestionProvider.java:152)
07-24 10:26:55.704 E/SuggestionProvider(3420): 	at org.lineageos.jelly.suggestions.SuggestionProvider.fetchResults(SuggestionProvider.java:116)
07-24 10:26:55.704 E/SuggestionProvider(3420): 	at org.lineageos.jelly.suggestions.SuggestionsAdapter$ItemFilter.performFiltering(SuggestionsAdapter.java:111)
07-24 10:26:55.704 E/SuggestionProvider(3420): 	at android.widget.Filter$RequestHandler.handleMessage(Filter.java:234)
07-24 10:26:55.704 E/SuggestionProvider(3420): 	at android.os.Handler.dispatchMessage(Handler.java:102)
07-24 10:26:55.704 E/SuggestionProvider(3420): 	at android.os.Looper.loop(Looper.java:154)
07-24 10:26:55.704 E/SuggestionProvider(3420): 	at android.os.HandlerThread.run(HandlerThread.java:61)
07-24 10:26:58.744 E/QCOM PowerHAL(868): Failed to acquire lock.
07-24 10:26:58.797 W/InputMethodService(1040): Window size has been changed. This may cause jankiness of resizing window: -1 -> -2
07-24 10:26:59.422 E/QCOM PowerHAL(868): Failed to acquire lock.
07-24 10:27:01.313 E/QCOM PowerHAL(868): Failed to acquire lock.
07-24 10:27:01.403 W/msm8974_platform(440): Codec backend bitwidth 16, samplerate 48000
07-24 10:27:01.435 W/IInputConnectionWrapper(3420): getSelectedText on inactive InputConnection
07-24 10:27:01.449 W/IInputConnectionWrapper(3420): requestCursorAnchorInfo on inactive InputConnection
07-24 10:27:01.450 W/IInputConnectionWrapper(3420): getTextBeforeCursor on inactive InputConnection
07-24 10:27:01.450 E/RichInputConnection(1040): Unable to connect to the editor to retrieve text.
07-24 10:27:01.451 W/IInputConnectionWrapper(3420): getTextBeforeCursor on inactive InputConnection
07-24 10:27:01.451 E/RichInputConnection(1040): Unable to connect to the editor to retrieve text.
07-24 10:27:01.451 W/RichInputConnection(1040): Unable to connect to the editor. Setting caps mode without knowing text.
07-24 10:27:01.451 W/IInputConnectionWrapper(3420): getTextBeforeCursor on inactive InputConnection
07-24 10:27:01.452 E/RichInputConnection(1040): Unable to connect to the editor to retrieve text.
07-24 10:27:01.452 W/RichInputConnection(1040): Unable to connect to the editor. Setting caps mode without knowing text.
07-24 10:27:01.455 W/IInputConnectionWrapper(3420): getTextBeforeCursor on inactive InputConnection
07-24 10:27:01.456 E/RichInputConnection(1040): Unable to connect to the editor to retrieve text.
07-24 10:27:01.456 W/IInputConnectionWrapper(3420): getTextBeforeCursor on inactive InputConnection
07-24 10:27:01.456 E/RichInputConnection(1040): Unable to connect to the editor to retrieve text.
07-24 10:27:01.456 W/RichInputConnection(1040): Unable to connect to the editor. Setting caps mode without knowing text.
07-24 10:27:01.458 W/IInputConnectionWrapper(3420): finishComposingText on inactive InputConnection
07-24 10:27:01.460 W/InputMethodService(1040): Window size has been changed. This may cause jankiness of resizing window: -1 -> -2
07-24 10:27:01.460 W/IInputConnectionWrapper(3420): finishComposingText on inactive InputConnection
07-24 10:27:01.748 W/cr_BindingManager(3420): Cannot call determinedVisibility() - never saw a connection for the pid: 3420
07-24 10:27:01.910 E/SuggestionProvider(3420): Problem getting search suggestions
07-24 10:27:01.910 E/SuggestionProvider(3420): java.io.FileNotFoundException: https://www.google.com/complete/search?client=android&oe=utf8&ie=utf8&hl=de&q=https%3A%2F%2Fwww.google.de%2Fsearch%3Fie%3Dutf-8%26source%3Dandroid-browser%26q%3Dgoogle%26gfe_rd%3Dcr%26ei%3Djwz2wc6lmmgv8qeyrkvqag
07-24 10:27:01.910 E/SuggestionProvider(3420): 	at com.android.okhttp.internal.huc.HttpURLConnectionImpl.getInputStream(HttpURLConnectionImpl.java:250)
07-24 10:27:01.910 E/SuggestionProvider(3420): 	at com.android.okhttp.internal.huc.DelegatingHttpsURLConnection.getInputStream(DelegatingHttpsURLConnection.java:210)
07-24 10:27:01.910 E/SuggestionProvider(3420): 	at com.android.okhttp.internal.huc.HttpsURLConnectionImpl.getInputStream(HttpsURLConnectionImpl.java)
07-24 10:27:01.910 E/SuggestionProvider(3420): 	at org.lineageos.jelly.suggestions.SuggestionProvider.downloadSuggestionsForQuery(SuggestionProvider.java:152)
07-24 10:27:01.910 E/SuggestionProvider(3420): 	at org.lineageos.jelly.suggestions.SuggestionProvider.fetchResults(SuggestionProvider.java:116)
07-24 10:27:01.910 E/SuggestionProvider(3420): 	at org.lineageos.jelly.suggestions.SuggestionsAdapter$ItemFilter.performFiltering(SuggestionsAdapter.java:111)
07-24 10:27:01.910 E/SuggestionProvider(3420): 	at android.widget.Filter$RequestHandler.handleMessage(Filter.java:234)
07-24 10:27:01.910 E/SuggestionProvider(3420): 	at android.os.Handler.dispatchMessage(Handler.java:102)
07-24 10:27:01.910 E/SuggestionProvider(3420): 	at android.os.Looper.loop(Looper.java:154)
07-24 10:27:01.910 E/SuggestionProvider(3420): 	at android.os.HandlerThread.run(HandlerThread.java:61)
07-24 10:27:03.563 E/QCOM PowerHAL(868): Failed to acquire lock.
07-24 10:27:04.392 W/cr_BindingManager(3420): Cannot call determinedVisibility() - never saw a connection for the pid: 3420
07-24 10:27:07.959 E/QCOM PowerHAL(868): Failed to acquire lock.
07-24 10:27:08.063 E/QCOM PowerHAL(868): Failed to acquire lock.
07-24 10:27:08.468 E/QCOM PowerHAL(868): Failed to acquire lock.
07-24 10:27:08.684 W/OpenGLRenderer(2274): Incorrectly called buildLayer on View: ShortcutAndWidgetContainer, destroying layer...
07-24 10:27:09.328 W/AudioPolicyIntefaceImpl(440): getOutputForAttr uid 10032 tried to pass itself off as 1000
07-24 10:27:09.329 W/AudioTrack(1056): AUDIO_OUTPUT_FLAG_FAST denied by client; transfer 4, track 44100 Hz, output 48000 Hz
07-24 10:27:09.331 W/AudioFlinger(440): virtual sp<android::IAudioTrack> android::AudioFlinger::createTrack(audio_stream_type_t, uint32_t, audio_format_t, audio_channel_mask_t, size_t *, audio_output_flags_t *, const sp<android::IMemory> &, audio_io_handle_t, pid_t, pid_t, audio_session_t *, int, status_t *) uid 10032 pid 1056 tried to pass itself off as pid 0
07-24 10:27:09.331 W/AudioFlinger(440): TrackBase uid 10032 tried to pass itself off as 1000
07-24 10:27:09.350 W/msm8974_platform(440): Codec backend bitwidth 16, samplerate 48000
07-24 10:27:09.358 W/Adreno-EGL(868): <qeglDrvAPI_eglQueryContext:4370>: EGL_BAD_ATTRIBUTE
07-24 10:27:09.395 W/FingerprintManager(1056): isFingerprintHardwareDetected(): Service not connected!
07-24 10:27:10.189 E/QCOM PowerHAL(868): Failed to acquire lock.
07-24 10:27:10.333 W/FingerprintManager(1056): isFingerprintHardwareDetected(): Service not connected!
07-24 10:27:10.353 W/FingerprintManager(1056): isFingerprintHardwareDetected(): Service not connected!
07-24 10:27:10.358 E/QCOM PowerHAL(868): Failed to acquire lock.
07-24 10:27:10.363 W/FingerprintManager(1056): isFingerprintHardwareDetected(): Service not connected!
07-24 10:27:10.453 W/FingerprintManager(1056): isFingerprintHardwareDetected(): Service not connected!
07-24 10:28:53.035 E/QCOM PowerHAL(868): Failed to acquire lock.
07-24 10:28:53.046 W/FingerprintManager(1056): isFingerprintHardwareDetected(): Service not connected!
07-24 10:28:53.210 E/QCOM PowerHAL(868): Invalid hint ID.
07-24 10:28:53.210 W/art     (868): Long monitor contention with owner PhotonicModulator (1008) at void com.android.server.power.PowerManagerService$1.onDisplayStateChange(int)(PowerManagerService.java:2447) waiters=0 in void com.android.server.power.PowerManagerService.setScreenBrightnessOverrideFromWindowManagerInternal(int) for 126ms
07-24 10:28:54.021 E/cutils-trace(4455): Error opening trace file: Permission denied (13)
07-24 10:28:54.202 E/cutils-trace(4458): Error opening trace file: Permission denied (13)
07-24 10:28:54.203 E/patchoat(4458): Failed to open output oat file /data/dalvik-cache/arm/system@framework@am.jar@classes.dex: Permission denied(13)
07-24 10:28:54.204 W/art     (4455): Failed execv(/system/bin/patchoat --instruction-set=arm --input-oat-file=/system/framework/oat/arm/am.odex --output-oat-file=/data/dalvik-cache/arm/system@framework@am.jar@classes.dex --patched-image-location=/system/framework/boot.art) because non-0 exit status
07-24 10:28:54.268 E/ActivityManager(868): Sending non-protected broadcast com.sec.android.LTE_WIDEBAND_INFO from system uid 1001 pkg null
07-24 10:28:54.268 E/ActivityManager(868): java.lang.Throwable
07-24 10:28:54.268 E/ActivityManager(868): 	at com.android.server.am.ActivityManagerService.checkBroadcastFromSystem(ActivityManagerService.java:18125)
07-24 10:28:54.268 E/ActivityManager(868): 	at com.android.server.am.ActivityManagerService.broadcastIntentLocked(ActivityManagerService.java:18709)
07-24 10:28:54.268 E/ActivityManager(868): 	at com.android.server.am.ActivityManagerService.broadcastIntent(ActivityManagerService.java:18800)
07-24 10:28:54.268 E/ActivityManager(868): 	at android.app.ActivityManagerNative.onTransact(ActivityManagerNative.java:499)
07-24 10:28:54.268 E/ActivityManager(868): 	at com.android.server.am.ActivityManagerService.onTransact(ActivityManagerService.java:2980)
07-24 10:28:54.268 E/ActivityManager(868): 	at android.os.Binder.execTransact(Binder.java:565)
07-24 10:28:54.572 E/QCOM PowerHAL(868): Failed to acquire lock.
07-24 10:28:54.697 E/QCOM PowerHAL(868): Failed to acquire lock.
07-24 10:28:54.809 W/AudioTrack(1056): AUDIO_OUTPUT_FLAG_FAST denied by client; transfer 4, track 44100 Hz, output 48000 Hz
07-24 10:28:54.815 W/msm8974_platform(440): Codec backend bitwidth 16, samplerate 48000
07-24 10:28:54.855 W/InputMethodManagerService(868): Window already focused, ignoring focus gain of: com.android.internal.view.IInputMethodClient$Stub$Proxy@7ab367d attribute=android.view.inputmethod.EditorInfo@2e7972, token = android.os.BinderProxy@a312fbf
07-24 10:28:56.074 E/QCOM PowerHAL(868): Failed to acquire lock.
07-24 10:28:57.128 E/QCOM PowerHAL(868): Failed to acquire lock.
07-24 10:28:57.175 E/QCOM PowerHAL(868): Failed to acquire lock.
07-24 10:28:57.271 W/Chrome_InProcGp(3470): type=1400 audit(0.0:306): avc: denied { getattr } for path="/sys/devices/fdb00000.qcom,kgsl-3d0/kgsl/kgsl-3d0/reset_count" dev="sysfs" ino=19528 scontext=u:r:untrusted_app:s0:c512,c768 tcontext=u:object_r:sysfs:s0 tclass=file permissive=0
07-24 10:28:57.271 W/Chrome_InProcGp(3470): type=1300 audit(0.0:306): arch=40000028 syscall=197 per=800008 success=no exit=-13 a0=70 a1=b0aab600 a2=b0aab690 a3=5cd76e91 items=0 ppid=439 ppcomm=main auid=4294967295 uid=10048 gid=10048 euid=10048 suid=10048 fsuid=10048 egid=10048 sgid=10048 fsgid=10048 tty=(none) ses=4294967295 exe="/system/bin/app_process32" subj=u:r:untrusted_app:s0:c512,c768 key=(null)
07-24 10:28:57.271 W/auditd  (375): type=1320 audit(0.0:306): 
07-24 10:28:57.271 W/Chrome_InProcGp(3470): type=1400 audit(0.0:307): avc: denied { getattr } for path="/sys/devices/fdb00000.qcom,kgsl-3d0/kgsl/kgsl-3d0/gpuclk" dev="sysfs" ino=19517 scontext=u:r:untrusted_app:s0:c512,c768 tcontext=u:object_r:sysfs:s0 tclass=file permissive=0
07-24 10:28:57.271 W/Chrome_InProcGp(3470): type=1300 audit(0.0:307): arch=40000028 syscall=197 per=800008 success=no exit=-13 a0=70 a1=b0aab5c0 a2=b0aab650 a3=5cd76e91 items=0 ppid=439 ppcomm=main auid=4294967295 uid=10048 gid=10048 euid=10048 suid=10048 fsuid=10048 egid=10048 sgid=10048 fsgid=10048 tty=(none) ses=4294967295 exe="/system/bin/app_process32" subj=u:r:untrusted_app:s0:c512,c768 key=(null)
07-24 10:28:57.271 W/auditd  (375): type=1320 audit(0.0:307): 
07-24 10:28:57.275 W/Chrome_InProcGp(3470): type=1400 audit(0.0:308): avc: denied { getattr } for path="/sys/devices/fdb00000.qcom,kgsl-3d0/kgsl/kgsl-3d0/reset_count" dev="sysfs" ino=19528 scontext=u:r:untrusted_app:s0:c512,c768 tcontext=u:object_r:sysfs:s0 tclass=file permissive=0
07-24 10:28:57.275 W/Chrome_InProcGp(3470): type=1300 audit(0.0:308): arch=40000028 syscall=197 per=800008 success=no exit=-13 a0=70 a1=b0aab620 a2=b0aab6b0 a3=5cd76e91 items=0 ppid=439 ppcomm=main auid=4294967295 uid=10048 gid=10048 euid=10048 suid=10048 fsuid=10048 egid=10048 sgid=10048 fsgid=10048 tty=(none) ses=4294967295 exe="/system/bin/app_process32" subj=u:r:untrusted_app:s0:c512,c768 key=(null)
07-24 10:28:57.275 W/auditd  (375): type=1320 audit(0.0:308): 
07-24 10:28:57.275 W/Chrome_InProcGp(3470): type=1400 audit(0.0:309): avc: denied { getattr } for path="/sys/devices/fdb00000.qcom,kgsl-3d0/kgsl/kgsl-3d0/gpuclk" dev="sysfs" ino=19517 scontext=u:r:untrusted_app:s0:c512,c768 tcontext=u:object_r:sysfs:s0 tclass=file permissive=0
07-24 10:28:57.275 W/Chrome_InProcGp(3470): type=1300 audit(0.0:309): arch=40000028 syscall=197 per=800008 success=no exit=-13 a0=70 a1=b0aab5e0 a2=b0aab670 a3=5cd76e91 items=0 ppid=439 ppcomm=main auid=4294967295 uid=10048 gid=10048 euid=10048 suid=10048 fsuid=10048 egid=10048 sgid=10048 fsgid=10048 tty=(none) ses=4294967295 exe="/system/bin/app_process32" subj=u:r:untrusted_app:s0:c512,c768 key=(null)
07-24 10:28:57.275 W/auditd  (375): type=1320 audit(0.0:309): 
07-24 10:28:57.275 W/Chrome_InProcGp(3470): type=1400 audit(0.0:310): avc: denied { getattr } for path="/sys/devices/fdb00000.qcom,kgsl-3d0/kgsl/kgsl-3d0/reset_count" dev="sysfs" ino=19528 scontext=u:r:untrusted_app:s0:c512,c768 tcontext=u:object_r:sysfs:s0 tclass=file permissive=0
07-24 10:28:57.275 W/Chrome_InProcGp(3470): type=1300 audit(0.0:310): arch=40000028 syscall=197 per=800008 success=no exit=-13 a0=70 a1=b0aab600 a2=b0aab690 a3=5cd76e91 items=0 ppid=439 ppcomm=main auid=4294967295 uid=10048 gid=10048 euid=10048 suid=10048 fsuid=10048 egid=10048 sgid=10048 fsgid=10048 tty=(none) ses=4294967295 exe="/system/bin/app_process32" subj=u:r:untrusted_app:s0:c512,c768 key=(null)
07-24 10:28:57.275 W/auditd  (375): type=1320 audit(0.0:310): 
07-24 10:28:57.275 W/Chrome_InProcGp(3470): type=1400 audit(0.0:311): avc: denied { getattr } for path="/sys/devices/fdb00000.qcom,kgsl-3d0/kgsl/kgsl-3d0/gpuclk" dev="sysfs" ino=19517 scontext=u:r:untrusted_app:s0:c512,c768 tcontext=u:object_r:sysfs:s0 tclass=file permissive=0
07-24 10:28:57.275 W/Chrome_InProcGp(3470): type=1300 audit(0.0:311): arch=40000028 syscall=197 per=800008 success=no exit=-13 a0=70 a1=b0aab5c0 a2=b0aab650 a3=5cd76e91 items=0 ppid=439 ppcomm=main auid=4294967295 uid=10048 gid=10048 euid=10048 suid=10048 fsuid=10048 egid=10048 sgid=10048 fsgid=10048 tty=(none) ses=4294967295 exe="/system/bin/app_process32" subj=u:r:untrusted_app:s0:c512,c768 key=(null)
07-24 10:28:57.275 W/auditd  (375): type=1320 audit(0.0:311): 
07-24 10:28:57.362 E/QCOM PowerHAL(868): Failed to acquire lock.
07-24 10:28:57.557 W/cr_BindingManager(3420): Cannot call determinedVisibility() - never saw a connection for the pid: 3420
07-24 10:28:59.390 E/QCOM PowerHAL(868): Failed to acquire lock.
07-24 10:28:59.417 W/InputMethodService(1040): Window size has been changed. This may cause jankiness of resizing window: -1 -> -2
07-24 10:29:00.120 E/QCOM PowerHAL(868): Failed to acquire lock.
07-24 10:29:00.855 E/QCOM PowerHAL(868): Failed to acquire lock.
07-24 10:29:00.956 W/msm8974_platform(440): Codec backend bitwidth 16, samplerate 48000
07-24 10:29:00.981 W/IInputConnectionWrapper(3420): getSelectedText on inactive InputConnection
07-24 10:29:00.990 W/IInputConnectionWrapper(3420): requestCursorAnchorInfo on inactive InputConnection
07-24 10:29:00.991 W/IInputConnectionWrapper(3420): getTextBeforeCursor on inactive InputConnection
07-24 10:29:00.992 E/RichInputConnection(1040): Unable to connect to the editor to retrieve text.
07-24 10:29:00.993 W/IInputConnectionWrapper(3420): getTextBeforeCursor on inactive InputConnection
07-24 10:29:00.993 E/RichInputConnection(1040): Unable to connect to the editor to retrieve text.
07-24 10:29:00.993 W/RichInputConnection(1040): Unable to connect to the editor. Setting caps mode without knowing text.
07-24 10:29:00.993 W/IInputConnectionWrapper(3420): getTextBeforeCursor on inactive InputConnection
07-24 10:29:00.994 E/RichInputConnection(1040): Unable to connect to the editor to retrieve text.
07-24 10:29:00.994 W/RichInputConnection(1040): Unable to connect to the editor. Setting caps mode without knowing text.
07-24 10:29:00.997 W/IInputConnectionWrapper(3420): getTextBeforeCursor on inactive InputConnection
07-24 10:29:00.997 E/RichInputConnection(1040): Unable to connect to the editor to retrieve text.
07-24 10:29:00.998 W/IInputConnectionWrapper(3420): getTextBeforeCursor on inactive InputConnection
07-24 10:29:00.998 E/RichInputConnection(1040): Unable to connect to the editor to retrieve text.
07-24 10:29:00.998 W/RichInputConnection(1040): Unable to connect to the editor. Setting caps mode without knowing text.
07-24 10:29:00.999 W/IInputConnectionWrapper(3420): finishComposingText on inactive InputConnection
07-24 10:29:00.999 W/InputMethodService(1040): Window size has been changed. This may cause jankiness of resizing window: -1 -> -2
07-24 10:29:01.000 W/IInputConnectionWrapper(3420): finishComposingText on inactive InputConnection
07-24 10:29:01.839 W/cr_BindingManager(3420): Cannot call determinedVisibility() - never saw a connection for the pid: 3420
07-24 10:29:01.993 E/SuggestionProvider(3420): Problem getting search suggestions
07-24 10:29:01.993 E/SuggestionProvider(3420): java.io.FileNotFoundException: https://www.google.com/complete/search?client=android&oe=utf8&ie=utf8&hl=de&q=https%3A%2F%2Fwww.google.de%2Fsearch%3Fie%3Dutf-8%26source%3Dandroid-browser%26q%3Dgoogle%26gfe_rd%3Dcr%26ei%3Dnwz2waoffsgv8qeyrkvqag
07-24 10:29:01.993 E/SuggestionProvider(3420): 	at com.android.okhttp.internal.huc.HttpURLConnectionImpl.getInputStream(HttpURLConnectionImpl.java:250)
07-24 10:29:01.993 E/SuggestionProvider(3420): 	at com.android.okhttp.internal.huc.DelegatingHttpsURLConnection.getInputStream(DelegatingHttpsURLConnection.java:210)
07-24 10:29:01.993 E/SuggestionProvider(3420): 	at com.android.okhttp.internal.huc.HttpsURLConnectionImpl.getInputStream(HttpsURLConnectionImpl.java)
07-24 10:29:01.993 E/SuggestionProvider(3420): 	at org.lineageos.jelly.suggestions.SuggestionProvider.downloadSuggestionsForQuery(SuggestionProvider.java:152)
07-24 10:29:01.993 E/SuggestionProvider(3420): 	at org.lineageos.jelly.suggestions.SuggestionProvider.fetchResults(SuggestionProvider.java:116)
07-24 10:29:01.993 E/SuggestionProvider(3420): 	at org.lineageos.jelly.suggestions.SuggestionsAdapter$ItemFilter.performFiltering(SuggestionsAdapter.java:111)
07-24 10:29:01.993 E/SuggestionProvider(3420): 	at android.widget.Filter$RequestHandler.handleMessage(Filter.java:234)
07-24 10:29:01.993 E/SuggestionProvider(3420): 	at android.os.Handler.dispatchMessage(Handler.java:102)
07-24 10:29:01.993 E/SuggestionProvider(3420): 	at android.os.Looper.loop(Looper.java:154)
07-24 10:29:01.993 E/SuggestionProvider(3420): 	at android.os.HandlerThread.run(HandlerThread.java:61)
07-24 10:29:02.917 E/QCOM PowerHAL(868): Failed to acquire lock.
07-24 10:29:03.049 E/QCOM PowerHAL(868): Failed to acquire lock.
07-24 10:29:03.457 E/QCOM PowerHAL(868): Failed to acquire lock.
07-24 10:29:03.663 W/OpenGLRenderer(2274): Incorrectly called buildLayer on View: ShortcutAndWidgetContainer, destroying layer...
07-24 10:29:03.922 E/QCOM PowerHAL(868): Failed to acquire lock.
07-24 10:29:04.788 E/QCOM PowerHAL(868): Failed to acquire lock.
07-24 10:29:04.888 E/QCOM PowerHAL(868): Failed to acquire lock.
07-24 10:29:05.785 E/QCOM PowerHAL(868): Failed to acquire lock.
07-24 10:29:05.851 E/QCOM PowerHAL(868): Failed to acquire lock.
07-24 10:29:06.472 E/QCOM PowerHAL(868): Failed to acquire lock.
07-24 10:29:06.528 E/QCOM PowerHAL(868): Failed to acquire lock.
07-24 10:29:06.715 E/QCOM PowerHAL(868): Failed to acquire lock.
07-24 10:29:07.844 E/QCOM PowerHAL(868): Failed to acquire lock.
07-24 10:29:08.254 E/QCOM PowerHAL(868): Failed to acquire lock.
07-24 10:29:08.686 E/QCOM PowerHAL(868): Failed to acquire lock.
07-24 10:29:08.750 E/QCOM PowerHAL(868): Failed to acquire lock.
07-24 10:29:10.635 E/QCOM PowerHAL(868): Failed to acquire lock.
07-24 10:29:10.800 E/QCOM PowerHAL(868): Failed to acquire lock.
07-24 10:29:10.964 W/IInputConnectionWrapper(3183): reportFullscreenMode on inexistent InputConnection
07-24 10:29:10.964 W/IInputConnectionWrapper(3183): finishComposingText on inactive InputConnection
07-24 10:29:11.224 E/QCOM PowerHAL(868): Failed to acquire lock.
07-24 10:29:11.433 W/OpenGLRenderer(2274): Incorrectly called buildLayer on View: ShortcutAndWidgetContainer, destroying layer...
07-24 10:29:11.858 W/AudioPolicyIntefaceImpl(440): getOutputForAttr uid 10032 tried to pass itself off as 1000
07-24 10:29:11.859 W/AudioTrack(1056): AUDIO_OUTPUT_FLAG_FAST denied by client; transfer 4, track 44100 Hz, output 48000 Hz
07-24 10:29:11.861 W/AudioFlinger(440): virtual sp<android::IAudioTrack> android::AudioFlinger::createTrack(audio_stream_type_t, uint32_t, audio_format_t, audio_channel_mask_t, size_t *, audio_output_flags_t *, const sp<android::IMemory> &, audio_io_handle_t, pid_t, pid_t, audio_session_t *, int, status_t *) uid 10032 pid 1056 tried to pass itself off as pid 0
07-24 10:29:11.861 W/AudioFlinger(440): TrackBase uid 10032 tried to pass itself off as 1000
07-24 10:29:11.873 W/Adreno-EGL(868): <qeglDrvAPI_eglQueryContext:4370>: EGL_BAD_ATTRIBUTE
07-24 10:29:11.879 W/msm8974_platform(440): Codec backend bitwidth 16, samplerate 48000
07-24 10:29:11.920 W/FingerprintManager(1056): isFingerprintHardwareDetected(): Service not connected!
07-24 10:29:12.765 E/QCOM PowerHAL(868): Failed to acquire lock.
07-24 10:29:12.970 W/FingerprintManager(1056): isFingerprintHardwareDetected(): Service not connected!
07-24 10:29:13.000 W/FingerprintManager(1056): isFingerprintHardwareDetected(): Service not connected!
07-24 10:29:13.006 E/QCOM PowerHAL(868): Failed to acquire lock.
07-24 10:29:13.014 W/FingerprintManager(1056): isFingerprintHardwareDetected(): Service not connected!
07-24 10:29:13.106 W/FingerprintManager(1056): isFingerprintHardwareDetected(): Service not connected!
07-24 10:29:18.494 E/cutils-trace(4515): Error opening trace file: Permission denied (13)
07-24 10:29:18.669 E/cutils-trace(4518): Error opening trace file: Permission denied (13)
07-24 10:29:18.669 E/patchoat(4518): Failed to open output oat file /data/dalvik-cache/arm/system@framework@am.jar@classes.dex: Permission denied(13)
07-24 10:29:18.671 W/art     (4515): Failed execv(/system/bin/patchoat --instruction-set=arm --input-oat-file=/system/framework/oat/arm/am.odex --output-oat-file=/data/dalvik-cache/arm/system@framework@am.jar@classes.dex --patched-image-location=/system/framework/boot.art) because non-0 exit status
07-24 10:29:18.732 E/ActivityManager(868): Sending non-protected broadcast com.sec.intent.action.GRIPSENSOR_CP from system uid 1001 pkg null
07-24 10:29:18.732 E/ActivityManager(868): java.lang.Throwable
07-24 10:29:18.732 E/ActivityManager(868): 	at com.android.server.am.ActivityManagerService.checkBroadcastFromSystem(ActivityManagerService.java:18125)
07-24 10:29:18.732 E/ActivityManager(868): 	at com.android.server.am.ActivityManagerService.broadcastIntentLocked(ActivityManagerService.java:18709)
07-24 10:29:18.732 E/ActivityManager(868): 	at com.android.server.am.ActivityManagerService.broadcastIntent(ActivityManagerService.java:18800)
07-24 10:29:18.732 E/ActivityManager(868): 	at android.app.ActivityManagerNative.onTransact(ActivityManagerNative.java:499)
07-24 10:29:18.732 E/ActivityManager(868): 	at com.android.server.am.ActivityManagerService.onTransact(ActivityManagerService.java:2980)
07-24 10:29:18.732 E/ActivityManager(868): 	at android.os.Binder.execTransact(Binder.java:565)
07-24 10:31:46.358 E/QCOM PowerHAL(868): Failed to acquire lock.
07-24 10:31:46.366 W/FingerprintManager(1056): isFingerprintHardwareDetected(): Service not connected!
07-24 10:31:46.533 E/QCOM PowerHAL(868): Invalid hint ID.
07-24 10:31:47.331 E/cutils-trace(4697): Error opening trace file: Permission denied (13)
07-24 10:31:47.504 E/cutils-trace(4700): Error opening trace file: Permission denied (13)
07-24 10:31:47.505 E/patchoat(4700): Failed to open output oat file /data/dalvik-cache/arm/system@framework@am.jar@classes.dex: Permission denied(13)
07-24 10:31:47.507 W/art     (4697): Failed execv(/system/bin/patchoat --instruction-set=arm --input-oat-file=/system/framework/oat/arm/am.odex --output-oat-file=/data/dalvik-cache/arm/system@framework@am.jar@classes.dex --patched-image-location=/system/framework/boot.art) because non-0 exit status
07-24 10:31:47.568 E/ActivityManager(868): Sending non-protected broadcast com.sec.android.LTE_WIDEBAND_INFO from system uid 1001 pkg null
07-24 10:31:47.568 E/ActivityManager(868): java.lang.Throwable
07-24 10:31:47.568 E/ActivityManager(868): 	at com.android.server.am.ActivityManagerService.checkBroadcastFromSystem(ActivityManagerService.java:18125)
07-24 10:31:47.568 E/ActivityManager(868): 	at com.android.server.am.ActivityManagerService.broadcastIntentLocked(ActivityManagerService.java:18709)
07-24 10:31:47.568 E/ActivityManager(868): 	at com.android.server.am.ActivityManagerService.broadcastIntent(ActivityManagerService.java:18800)
07-24 10:31:47.568 E/ActivityManager(868): 	at android.app.ActivityManagerNative.onTransact(ActivityManagerNative.java:499)
07-24 10:31:47.568 E/ActivityManager(868): 	at com.android.server.am.ActivityManagerService.onTransact(ActivityManagerService.java:2980)
07-24 10:31:47.568 E/ActivityManager(868): 	at android.os.Binder.execTransact(Binder.java:565)
07-24 10:31:47.841 E/QCOM PowerHAL(868): Failed to acquire lock.
07-24 10:31:47.935 E/QCOM PowerHAL(868): Failed to acquire lock.
07-24 10:31:48.057 W/AudioTrack(1056): AUDIO_OUTPUT_FLAG_FAST denied by client; transfer 4, track 44100 Hz, output 48000 Hz
07-24 10:31:48.061 W/msm8974_platform(440): Codec backend bitwidth 16, samplerate 48000
07-24 10:31:48.106 W/InputMethodManagerService(868): Window already focused, ignoring focus gain of: com.android.internal.view.IInputMethodClient$Stub$Proxy@46cf7a8 attribute=android.view.inputmethod.EditorInfo@9cad2c1, token = android.os.BinderProxy@a312fbf
07-24 10:31:49.086 E/QCOM PowerHAL(868): Failed to acquire lock.
07-24 10:31:50.338 E/QCOM PowerHAL(868): Failed to acquire lock.
07-24 10:31:51.196 E/QCOM PowerHAL(868): Failed to acquire lock.
07-24 10:31:51.257 E/QCOM PowerHAL(868): Failed to acquire lock.
07-24 10:31:51.373 W/Chrome_InProcGp(3470): type=1400 audit(0.0:312): avc: denied { getattr } for path="/sys/devices/fdb00000.qcom,kgsl-3d0/kgsl/kgsl-3d0/reset_count" dev="sysfs" ino=19528 scontext=u:r:untrusted_app:s0:c512,c768 tcontext=u:object_r:sysfs:s0 tclass=file permissive=0
07-24 10:31:51.373 W/Chrome_InProcGp(3470): type=1300 audit(0.0:312): arch=40000028 syscall=197 per=800008 success=no exit=-13 a0=75 a1=b0aab600 a2=b0aab690 a3=5cd76e91 items=0 ppid=439 ppcomm=main auid=4294967295 uid=10048 gid=10048 euid=10048 suid=10048 fsuid=10048 egid=10048 sgid=10048 fsgid=10048 tty=(none) ses=4294967295 exe="/system/bin/app_process32" subj=u:r:untrusted_app:s0:c512,c768 key=(null)
07-24 10:31:51.373 W/auditd  (375): type=1320 audit(0.0:312): 
07-24 10:31:51.373 W/Chrome_InProcGp(3470): type=1400 audit(0.0:313): avc: denied { getattr } for path="/sys/devices/fdb00000.qcom,kgsl-3d0/kgsl/kgsl-3d0/gpuclk" dev="sysfs" ino=19517 scontext=u:r:untrusted_app:s0:c512,c768 tcontext=u:object_r:sysfs:s0 tclass=file permissive=0
07-24 10:31:51.373 W/Chrome_InProcGp(3470): type=1300 audit(0.0:313): arch=40000028 syscall=197 per=800008 success=no exit=-13 a0=75 a1=b0aab5c0 a2=b0aab650 a3=5cd76e91 items=0 ppid=439 ppcomm=main auid=4294967295 uid=10048 gid=10048 euid=10048 suid=10048 fsuid=10048 egid=10048 sgid=10048 fsgid=10048 tty=(none) ses=4294967295 exe="/system/bin/app_process32" subj=u:r:untrusted_app:s0:c512,c768 key=(null)
07-24 10:31:51.373 W/auditd  (375): type=1320 audit(0.0:313): 
