07-24 10:14:45.222 E/AutoInstalls(2274): Unable to add favorite: com.google.android.music/com.android.music.activitymanagement.TopLevelActivity
07-24 10:14:45.222 E/AutoInstalls(2274): android.content.pm.PackageManager$NameNotFoundException: ComponentInfo{com.google.android.music/com.android.music.activitymanagement.TopLevelActivity}
07-24 10:14:45.222 E/AutoInstalls(2274): 	at android.app.ApplicationPackageManager.getActivityInfo(ApplicationPackageManager.java:391)
07-24 10:14:45.222 E/AutoInstalls(2274): 	at com.android.launcher3.AutoInstallsLayout$AppShortcutParser.parseAndAdd(AutoInstallsLayout.java:347)
07-24 10:14:45.222 E/AutoInstalls(2274): 	at com.android.launcher3.AutoInstallsLayout$FolderParser.parseAndAdd(AutoInstallsLayout.java:595)
07-24 10:14:45.222 E/AutoInstalls(2274): 	at com.android.launcher3.DefaultLayoutParser$MyFolderParser.parseAndAdd(DefaultLayoutParser.java:271)
07-24 10:14:45.222 E/AutoInstalls(2274): 	at com.android.launcher3.AutoInstallsLayout.parseAndAddNode(AutoInstallsLayout.java:272)
07-24 10:14:45.222 E/AutoInstalls(2274): 	at com.android.launcher3.AutoInstallsLayout.parseLayout(AutoInstallsLayout.java:217)
07-24 10:14:45.222 E/AutoInstalls(2274): 	at com.android.launcher3.AutoInstallsLayout.loadLayout(AutoInstallsLayout.java:193)
07-24 10:14:45.222 E/AutoInstalls(2274): 	at com.android.launcher3.LauncherProvider$DatabaseHelper.loadFavorites(LauncherProvider.java:1292)
07-24 10:14:45.222 E/AutoInstalls(2274): 	at com.android.launcher3.LauncherProvider.loadDefaultFavoritesIfNecessary(LauncherProvider.java:406)
07-24 10:14:45.222 E/AutoInstalls(2274): 	at com.android.launcher3.LauncherModel$LoaderTask.loadWorkspace(LauncherModel.java:1964)
07-24 10:14:45.222 E/AutoInstalls(2274): 	at com.android.launcher3.LauncherModel$LoaderTask.loadAndBindWorkspace(LauncherModel.java:1555)
07-24 10:14:45.222 E/AutoInstalls(2274): 	at com.android.launcher3.LauncherModel$LoaderTask.run(LauncherModel.java:1652)
07-24 10:14:45.222 E/AutoInstalls(2274): 	at android.os.Handler.handleCallback(Handler.java:751)
07-24 10:14:45.222 E/AutoInstalls(2274): 	at android.os.Handler.dispatchMessage(Handler.java:95)
07-24 10:14:45.222 E/AutoInstalls(2274): 	at android.os.Looper.loop(Looper.java:154)
07-24 10:14:45.222 E/AutoInstalls(2274): 	at android.os.HandlerThread.run(HandlerThread.java:61)
07-24 10:14:45.228 E/AutoInstalls(2274): Unable to add favorite: com.google.android.videos/com.google.android.youtube.videos.EntryPoint
07-24 10:14:45.228 E/AutoInstalls(2274): android.content.pm.PackageManager$NameNotFoundException: ComponentInfo{com.google.android.videos/com.google.android.youtube.videos.EntryPoint}
07-24 10:14:45.228 E/AutoInstalls(2274): 	at android.app.ApplicationPackageManager.getActivityInfo(ApplicationPackageManager.java:391)
07-24 10:14:45.228 E/AutoInstalls(2274): 	at com.android.launcher3.AutoInstallsLayout$AppShortcutParser.parseAndAdd(AutoInstallsLayout.java:347)
07-24 10:14:45.228 E/AutoInstalls(2274): 	at com.android.launcher3.AutoInstallsLayout$FolderParser.parseAndAdd(AutoInstallsLayout.java:595)
07-24 10:14:45.228 E/AutoInstalls(2274): 	at com.android.launcher3.DefaultLayoutParser$MyFolderParser.parseAndAdd(DefaultLayoutParser.java:271)
07-24 10:14:45.228 E/AutoInstalls(2274): 	at com.android.launcher3.AutoInstallsLayout.parseAndAddNode(AutoInstallsLayout.java:272)
07-24 10:14:45.228 E/AutoInstalls(2274): 	at com.android.launcher3.AutoInstallsLayout.parseLayout(AutoInstallsLayout.java:217)
07-24 10:14:45.228 E/AutoInstalls(2274): 	at com.android.launcher3.AutoInstallsLayout.loadLayout(AutoInstallsLayout.java:193)
07-24 10:14:45.228 E/AutoInstalls(2274): 	at com.android.launcher3.LauncherProvider$DatabaseHelper.loadFavorites(LauncherProvider.java:1292)
07-24 10:14:45.228 E/AutoInstalls(2274): 	at com.android.launcher3.LauncherProvider.loadDefaultFavoritesIfNecessary(LauncherProvider.java:406)
07-24 10:14:45.228 E/AutoInstalls(2274): 	at com.android.launcher3.LauncherModel$LoaderTask.loadWorkspace(LauncherModel.java:1964)
07-24 10:14:45.228 E/AutoInstalls(2274): 	at com.android.launcher3.LauncherModel$LoaderTask.loadAndBindWorkspace(LauncherModel.java:1555)
07-24 10:14:45.228 E/AutoInstalls(2274): 	at com.android.launcher3.LauncherModel$LoaderTask.run(LauncherModel.java:1652)
07-24 10:14:45.228 E/AutoInstalls(2274): 	at android.os.Handler.handleCallback(Handler.java:751)
07-24 10:14:45.228 E/AutoInstalls(2274): 	at android.os.Handler.dispatchMessage(Handler.java:95)
07-24 10:14:45.228 E/AutoInstalls(2274): 	at android.os.Looper.loop(Looper.java:154)
07-24 10:14:45.228 E/AutoInstalls(2274): 	at android.os.HandlerThread.run(HandlerThread.java:61)
07-24 10:14:45.233 E/AutoInstalls(2274): Unable to add favorite: com.google.android.play.games/com.google.android.gms.games.ui.destination.main.MainActivity
07-24 10:14:45.233 E/AutoInstalls(2274): android.content.pm.PackageManager$NameNotFoundException: ComponentInfo{com.google.android.play.games/com.google.android.gms.games.ui.destination.main.MainActivity}
07-24 10:14:45.233 E/AutoInstalls(2274): 	at android.app.ApplicationPackageManager.getActivityInfo(ApplicationPackageManager.java:391)
07-24 10:14:45.233 E/AutoInstalls(2274): 	at com.android.launcher3.AutoInstallsLayout$AppShortcutParser.parseAndAdd(AutoInstallsLayout.java:347)
07-24 10:14:45.233 E/AutoInstalls(2274): 	at com.android.launcher3.AutoInstallsLayout$FolderParser.parseAndAdd(AutoInstallsLayout.java:595)
07-24 10:14:45.233 E/AutoInstalls(2274): 	at com.android.launcher3.DefaultLayoutParser$MyFolderParser.parseAndAdd(DefaultLayoutParser.java:271)
07-24 10:14:45.233 E/AutoInstalls(2274): 	at com.android.launcher3.AutoInstallsLayout.parseAndAddNode(AutoInstallsLayout.java:272)
07-24 10:14:45.233 E/AutoInstalls(2274): 	at com.android.launcher3.AutoInstallsLayout.parseLayout(AutoInstallsLayout.java:217)
07-24 10:14:45.233 E/AutoInstalls(2274): 	at com.android.launcher3.AutoInstallsLayout.loadLayout(AutoInstallsLayout.java:193)
07-24 10:14:45.233 E/AutoInstalls(2274): 	at com.android.launcher3.LauncherProvider$DatabaseHelper.loadFavorites(LauncherProvider.java:1292)
07-24 10:14:45.233 E/AutoInstalls(2274): 	at com.android.launcher3.LauncherProvider.loadDefaultFavoritesIfNecessary(LauncherProvider.java:406)
07-24 10:14:45.233 E/AutoInstalls(2274): 	at com.android.launcher3.LauncherModel$LoaderTask.loadWorkspace(LauncherModel.java:1964)
07-24 10:14:45.233 E/AutoInstalls(2274): 	at com.android.launcher3.LauncherModel$LoaderTask.loadAndBindWorkspace(LauncherModel.java:1555)
07-24 10:14:45.233 E/AutoInstalls(2274): 	at com.android.launcher3.LauncherModel$LoaderTask.run(LauncherModel.java:1652)
07-24 10:14:45.233 E/AutoInstalls(2274): 	at android.os.Handler.handleCallback(Handler.java:751)
07-24 10:14:45.233 E/AutoInstalls(2274): 	at android.os.Handler.dispatchMessage(Handler.java:95)
07-24 10:14:45.233 E/AutoInstalls(2274): 	at android.os.Looper.loop(Looper.java:154)
07-24 10:14:45.233 E/AutoInstalls(2274): 	at android.os.HandlerThread.run(HandlerThread.java:61)
07-24 10:14:45.237 E/AutoInstalls(2274): Unable to add favorite: com.google.android.apps.books/com.google.android.apps.books.app.BooksActivity
07-24 10:14:45.237 E/AutoInstalls(2274): android.content.pm.PackageManager$NameNotFoundException: ComponentInfo{com.google.android.apps.books/com.google.android.apps.books.app.BooksActivity}
07-24 10:14:45.237 E/AutoInstalls(2274): 	at android.app.ApplicationPackageManager.getActivityInfo(ApplicationPackageManager.java:391)
07-24 10:14:45.237 E/AutoInstalls(2274): 	at com.android.launcher3.AutoInstallsLayout$AppShortcutParser.parseAndAdd(AutoInstallsLayout.java:347)
07-24 10:14:45.237 E/AutoInstalls(2274): 	at com.android.launcher3.AutoInstallsLayout$FolderParser.parseAndAdd(AutoInstallsLayout.java:595)
07-24 10:14:45.237 E/AutoInstalls(2274): 	at com.android.launcher3.DefaultLayoutParser$MyFolderParser.parseAndAdd(DefaultLayoutParser.java:271)
07-24 10:14:45.237 E/AutoInstalls(2274): 	at com.android.launcher3.AutoInstallsLayout.parseAndAddNode(AutoInstallsLayout.java:272)
07-24 10:14:45.237 E/AutoInstalls(2274): 	at com.android.launcher3.AutoInstallsLayout.parseLayout(AutoInstallsLayout.java:217)
07-24 10:14:45.237 E/AutoInstalls(2274): 	at com.android.launcher3.AutoInstallsLayout.loadLayout(AutoInstallsLayout.java:193)
07-24 10:14:45.237 E/AutoInstalls(2274): 	at com.android.launcher3.LauncherProvider$DatabaseHelper.loadFavorites(LauncherProvider.java:1292)
07-24 10:14:45.237 E/AutoInstalls(2274): 	at com.android.launcher3.LauncherProvider.loadDefaultFavoritesIfNecessary(LauncherProvider.java:406)
07-24 10:14:45.237 E/AutoInstalls(2274): 	at com.android.launcher3.LauncherModel$LoaderTask.loadWorkspace(LauncherModel.java:1964)
07-24 10:14:45.237 E/AutoInstalls(2274): 	at com.android.launcher3.LauncherModel$LoaderTask.loadAndBindWorkspace(LauncherModel.java:1555)
07-24 10:14:45.237 E/AutoInstalls(2274): 	at com.android.launcher3.LauncherModel$LoaderTask.run(LauncherModel.java:1652)
07-24 10:14:45.237 E/AutoInstalls(2274): 	at android.os.Handler.handleCallback(Handler.java:751)
07-24 10:14:45.237 E/AutoInstalls(2274): 	at android.os.Handler.dispatchMessage(Handler.java:95)
07-24 10:14:45.237 E/AutoInstalls(2274): 	at android.os.Looper.loop(Looper.java:154)
07-24 10:14:45.237 E/AutoInstalls(2274): 	at android.os.HandlerThread.run(HandlerThread.java:61)
07-24 10:14:45.239 E/AutoInstalls(2274): Unable to add favorite: com.google.android.apps.magazines/com.google.apps.dots.android.app.activity.CurrentsStartActivity
07-24 10:14:45.239 E/AutoInstalls(2274): android.content.pm.PackageManager$NameNotFoundException: ComponentInfo{com.google.android.apps.magazines/com.google.apps.dots.android.app.activity.CurrentsStartActivity}
07-24 10:14:45.239 E/AutoInstalls(2274): 	at android.app.ApplicationPackageManager.getActivityInfo(ApplicationPackageManager.java:391)
07-24 10:14:45.239 E/AutoInstalls(2274): 	at com.android.launcher3.AutoInstallsLayout$AppShortcutParser.parseAndAdd(AutoInstallsLayout.java:347)
07-24 10:14:45.239 E/AutoInstalls(2274): 	at com.android.launcher3.AutoInstallsLayout$FolderParser.parseAndAdd(AutoInstallsLayout.java:595)
07-24 10:14:45.239 E/AutoInstalls(2274): 	at com.android.launcher3.DefaultLayoutParser$MyFolderParser.parseAndAdd(DefaultLayoutParser.java:271)
07-24 10:14:45.239 E/AutoInstalls(2274): 	at com.android.launcher3.AutoInstallsLayout.parseAndAddNode(AutoInstallsLayout.java:272)
07-24 10:14:45.239 E/AutoInstalls(2274): 	at com.android.launcher3.AutoInstallsLayout.parseLayout(AutoInstallsLayout.java:217)
07-24 10:14:45.239 E/AutoInstalls(2274): 	at com.android.launcher3.AutoInstallsLayout.loadLayout(AutoInstallsLayout.java:193)
07-24 10:14:45.239 E/AutoInstalls(2274): 	at com.android.launcher3.LauncherProvider$DatabaseHelper.loadFavorites(LauncherProvider.java:1292)
07-24 10:14:45.239 E/AutoInstalls(2274): 	at com.android.launcher3.LauncherProvider.loadDefaultFavoritesIfNecessary(LauncherProvider.java:406)
07-24 10:14:45.239 E/AutoInstalls(2274): 	at com.android.launcher3.LauncherModel$LoaderTask.loadWorkspace(LauncherModel.java:1964)
07-24 10:14:45.239 E/AutoInstalls(2274): 	at com.android.launcher3.LauncherModel$LoaderTask.loadAndBindWorkspace(LauncherModel.java:1555)
07-24 10:14:45.239 E/AutoInstalls(2274): 	at com.android.launcher3.LauncherModel$LoaderTask.run(LauncherModel.java:1652)
07-24 10:14:45.239 E/AutoInstalls(2274): 	at android.os.Handler.handleCallback(Handler.java:751)
07-24 10:14:45.239 E/AutoInstalls(2274): 	at android.os.Handler.dispatchMessage(Handler.java:95)
07-24 10:14:45.239 E/AutoInstalls(2274): 	at android.os.Looper.loop(Looper.java:154)
07-24 10:14:45.239 E/AutoInstalls(2274): 	at android.os.HandlerThread.run(HandlerThread.java:61)
07-24 10:14:45.253 E/AutoInstalls(2274): Unable to add favorite: com.cyngn.themestore/com.cyngn.themestore.ui.StoreActivity
07-24 10:14:45.253 E/AutoInstalls(2274): android.content.pm.PackageManager$NameNotFoundException: ComponentInfo{com.cyngn.themestore/com.cyngn.themestore.ui.StoreActivity}
07-24 10:14:45.253 E/AutoInstalls(2274): 	at android.app.ApplicationPackageManager.getActivityInfo(ApplicationPackageManager.java:391)
07-24 10:14:45.253 E/AutoInstalls(2274): 	at com.android.launcher3.AutoInstallsLayout$AppShortcutParser.parseAndAdd(AutoInstallsLayout.java:347)
07-24 10:14:45.253 E/AutoInstalls(2274): 	at com.android.launcher3.AutoInstallsLayout.parseAndAddNode(AutoInstallsLayout.java:272)
07-24 10:14:45.253 E/AutoInstalls(2274): 	at com.android.launcher3.AutoInstallsLayout.parseLayout(AutoInstallsLayout.java:217)
07-24 10:14:45.253 E/AutoInstalls(2274): 	at com.android.launcher3.AutoInstallsLayout.loadLayout(AutoInstallsLayout.java:193)
07-24 10:14:45.253 E/AutoInstalls(2274): 	at com.android.launcher3.LauncherProvider$DatabaseHelper.loadFavorites(LauncherProvider.java:1292)
07-24 10:14:45.253 E/AutoInstalls(2274): 	at com.android.launcher3.LauncherProvider.loadDefaultFavoritesIfNecessary(LauncherProvider.java:406)
07-24 10:14:45.253 E/AutoInstalls(2274): 	at com.android.launcher3.LauncherModel$LoaderTask.loadWorkspace(LauncherModel.java:1964)
07-24 10:14:45.253 E/AutoInstalls(2274): 	at com.android.launcher3.LauncherModel$LoaderTask.loadAndBindWorkspace(LauncherModel.java:1555)
07-24 10:14:45.253 E/AutoInstalls(2274): 	at com.android.launcher3.LauncherModel$LoaderTask.run(LauncherModel.java:1652)
07-24 10:14:45.253 E/AutoInstalls(2274): 	at android.os.Handler.handleCallback(Handler.java:751)
07-24 10:14:45.253 E/AutoInstalls(2274): 	at android.os.Handler.dispatchMessage(Handler.java:95)
07-24 10:14:45.253 E/AutoInstalls(2274): 	at android.os.Looper.loop(Looper.java:154)
07-24 10:14:45.253 E/AutoInstalls(2274): 	at android.os.HandlerThread.run(HandlerThread.java:61)
07-24 10:14:45.255 E/AutoInstalls(2274): Unable to add favorite: com.android.vending/com.android.vending.AssetBrowserActivity
07-24 10:14:45.255 E/AutoInstalls(2274): android.content.pm.PackageManager$NameNotFoundException: ComponentInfo{com.android.vending/com.android.vending.AssetBrowserActivity}
07-24 10:14:45.255 E/AutoInstalls(2274): 	at android.app.ApplicationPackageManager.getActivityInfo(ApplicationPackageManager.java:391)
07-24 10:14:45.255 E/AutoInstalls(2274): 	at com.android.launcher3.AutoInstallsLayout$AppShortcutParser.parseAndAdd(AutoInstallsLayout.java:347)
07-24 10:14:45.255 E/AutoInstalls(2274): 	at com.android.launcher3.DefaultLayoutParser$ResolveParser.parseAndAdd(DefaultLayoutParser.java:222)
07-24 10:14:45.255 E/AutoInstalls(2274): 	at com.android.launcher3.AutoInstallsLayout.parseAndAddNode(AutoInstallsLayout.java:272)
07-24 10:14:45.255 E/AutoInstalls(2274): 	at com.android.launcher3.AutoInstallsLayout.parseLayout(AutoInstallsLayout.java:217)
07-24 10:14:45.255 E/AutoInstalls(2274): 	at com.android.launcher3.AutoInstallsLayout.loadLayout(AutoInstallsLayout.java:193)
07-24 10:14:45.255 E/AutoInstalls(2274): 	at com.android.launcher3.LauncherProvider$DatabaseHelper.loadFavorites(LauncherProvider.java:1292)
07-24 10:14:45.255 E/AutoInstalls(2274): 	at com.android.launcher3.LauncherProvider.loadDefaultFavoritesIfNecessary(LauncherProvider.java:406)
07-24 10:14:45.255 E/AutoInstalls(2274): 	at com.android.launcher3.LauncherModel$LoaderTask.loadWorkspace(LauncherModel.java:1964)
07-24 10:14:45.255 E/AutoInstalls(2274): 	at com.android.launcher3.LauncherModel$LoaderTask.loadAndBindWorkspace(LauncherModel.java:1555)
07-24 10:14:45.255 E/AutoInstalls(2274): 	at com.android.launcher3.LauncherModel$LoaderTask.run(LauncherModel.java:1652)
07-24 10:14:45.255 E/AutoInstalls(2274): 	at android.os.Handler.handleCallback(Handler.java:751)
07-24 10:14:45.255 E/AutoInstalls(2274): 	at android.os.Handler.dispatchMessage(Handler.java:95)
07-24 10:14:45.255 E/AutoInstalls(2274): 	at android.os.Looper.loop(Looper.java:154)
07-24 10:14:45.255 E/AutoInstalls(2274): 	at android.os.HandlerThread.run(HandlerThread.java:61)
07-24 10:14:45.257 E/AutoInstalls(2274): Unable to add favorite: org.cyanogenmod.theme.chooser/org.cyanogenmod.theme.chooser.ChooserActivity
07-24 10:14:45.257 E/AutoInstalls(2274): android.content.pm.PackageManager$NameNotFoundException: ComponentInfo{org.cyanogenmod.theme.chooser/org.cyanogenmod.theme.chooser.ChooserActivity}
07-24 10:14:45.257 E/AutoInstalls(2274): 	at android.app.ApplicationPackageManager.getActivityInfo(ApplicationPackageManager.java:391)
07-24 10:14:45.257 E/AutoInstalls(2274): 	at com.android.launcher3.AutoInstallsLayout$AppShortcutParser.parseAndAdd(AutoInstallsLayout.java:347)
07-24 10:14:45.257 E/AutoInstalls(2274): 	at com.android.launcher3.DefaultLayoutParser$ResolveParser.parseAndAdd(DefaultLayoutParser.java:222)
07-24 10:14:45.257 E/AutoInstalls(2274): 	at com.android.launcher3.AutoInstallsLayout.parseAndAddNode(AutoInstallsLayout.java:272)
07-24 10:14:45.257 E/AutoInstalls(2274): 	at com.android.launcher3.AutoInstallsLayout.parseLayout(AutoInstallsLayout.java:217)
07-24 10:14:45.257 E/AutoInstalls(2274): 	at com.android.launcher3.AutoInstallsLayout.loadLayout(AutoInstallsLayout.java:193)
07-24 10:14:45.257 E/AutoInstalls(2274): 	at com.android.launcher3.LauncherProvider$DatabaseHelper.loadFavorites(LauncherProvider.java:1292)
07-24 10:14:45.257 E/AutoInstalls(2274): 	at com.android.launcher3.LauncherProvider.loadDefaultFavoritesIfNecessary(LauncherProvider.java:406)
07-24 10:14:45.257 E/AutoInstalls(2274): 	at com.android.launcher3.LauncherModel$LoaderTask.loadWorkspace(LauncherModel.java:1964)
07-24 10:14:45.257 E/AutoInstalls(2274): 	at com.android.launcher3.LauncherModel$LoaderTask.loadAndBindWorkspace(LauncherModel.java:1555)
07-24 10:14:45.257 E/AutoInstalls(2274): 	at com.android.launcher3.LauncherModel$LoaderTask.run(LauncherModel.java:1652)
07-24 10:14:45.257 E/AutoInstalls(2274): 	at android.os.Handler.handleCallback(Handler.java:751)
07-24 10:14:45.257 E/AutoInstalls(2274): 	at android.os.Handler.dispatchMessage(Handler.java:95)
07-24 10:14:45.257 E/AutoInstalls(2274): 	at android.os.Looper.loop(Looper.java:154)
07-24 10:14:45.257 E/AutoInstalls(2274): 	at android.os.HandlerThread.run(HandlerThread.java:61)
07-24 10:14:45.286 E/AutoInstalls(2274): Unable to add favorite: com.cyngn.gallerynext/com.cyngn.gallerynext.app.GalleryActivity
07-24 10:14:45.286 E/AutoInstalls(2274): android.content.pm.PackageManager$NameNotFoundException: ComponentInfo{com.cyngn.gallerynext/com.cyngn.gallerynext.app.GalleryActivity}
07-24 10:14:45.286 E/AutoInstalls(2274): 	at android.app.ApplicationPackageManager.getActivityInfo(ApplicationPackageManager.java:391)
07-24 10:14:45.286 E/AutoInstalls(2274): 	at com.android.launcher3.AutoInstallsLayout$AppShortcutParser.parseAndAdd(AutoInstallsLayout.java:347)
07-24 10:14:45.286 E/AutoInstalls(2274): 	at com.android.launcher3.DefaultLayoutParser$ResolveParser.parseAndAdd(DefaultLayoutParser.java:222)
07-24 10:14:45.286 E/AutoInstalls(2274): 	at com.android.launcher3.AutoInstallsLayout.parseAndAddNode(AutoInstallsLayout.java:272)
07-24 10:14:45.286 E/AutoInstalls(2274): 	at com.android.launcher3.AutoInstallsLayout.parseLayout(AutoInstallsLayout.java:217)
07-24 10:14:45.286 E/AutoInstalls(2274): 	at com.android.launcher3.AutoInstallsLayout.loadLayout(AutoInstallsLayout.java:193)
07-24 10:14:45.286 E/AutoInstalls(2274): 	at com.android.launcher3.LauncherProvider$DatabaseHelper.loadFavorites(LauncherProvider.java:1292)
07-24 10:14:45.286 E/AutoInstalls(2274): 	at com.android.launcher3.LauncherProvider.loadDefaultFavoritesIfNecessary(LauncherProvider.java:406)
07-24 10:14:45.286 E/AutoInstalls(2274): 	at com.android.launcher3.LauncherModel$LoaderTask.loadWorkspace(LauncherModel.java:1964)
07-24 10:14:45.286 E/AutoInstalls(2274): 	at com.android.launcher3.LauncherModel$LoaderTask.loadAndBindWorkspace(LauncherModel.java:1555)
07-24 10:14:45.286 E/AutoInstalls(2274): 	at com.android.launcher3.LauncherModel$LoaderTask.run(LauncherModel.java:1652)
07-24 10:14:45.286 E/AutoInstalls(2274): 	at android.os.Handler.handleCallback(Handler.java:751)
07-24 10:14:45.286 E/AutoInstalls(2274): 	at android.os.Handler.dispatchMessage(Handler.java:95)
07-24 10:14:45.286 E/AutoInstalls(2274): 	at android.os.Looper.loop(Looper.java:154)
07-24 10:14:45.286 E/AutoInstalls(2274): 	at android.os.HandlerThread.run(HandlerThread.java:61)
07-24 10:14:45.351 E/AutoInstalls(2274): Unable to add favorite: org.cyanogenmod.gello.browser/com.android.browser.BrowserActivity
07-24 10:14:45.351 E/AutoInstalls(2274): android.content.pm.PackageManager$NameNotFoundException: ComponentInfo{org.cyanogenmod.gello.browser/com.android.browser.BrowserActivity}
07-24 10:14:45.351 E/AutoInstalls(2274): 	at android.app.ApplicationPackageManager.getActivityInfo(ApplicationPackageManager.java:391)
07-24 10:14:45.351 E/AutoInstalls(2274): 	at com.android.launcher3.AutoInstallsLayout$AppShortcutParser.parseAndAdd(AutoInstallsLayout.java:347)
07-24 10:14:45.351 E/AutoInstalls(2274): 	at com.android.launcher3.DefaultLayoutParser$ResolveParser.parseAndAdd(DefaultLayoutParser.java:222)
07-24 10:14:45.351 E/AutoInstalls(2274): 	at com.android.launcher3.AutoInstallsLayout.parseAndAddNode(AutoInstallsLayout.java:272)
07-24 10:14:45.351 E/AutoInstalls(2274): 	at com.android.launcher3.AutoInstallsLayout.parseLayout(AutoInstallsLayout.java:217)
07-24 10:14:45.351 E/AutoInstalls(2274): 	at com.android.launcher3.AutoInstallsLayout.loadLayout(AutoInstallsLayout.java:193)
07-24 10:14:45.351 E/AutoInstalls(2274): 	at com.android.launcher3.LauncherProvider$DatabaseHelper.loadFavorites(LauncherProvider.java:1292)
07-24 10:14:45.351 E/AutoInstalls(2274): 	at com.android.launcher3.LauncherProvider.loadDefaultFavoritesIfNecessary(LauncherProvider.java:406)
07-24 10:14:45.351 E/AutoInstalls(2274): 	at com.android.launcher3.LauncherModel$LoaderTask.loadWorkspace(LauncherModel.java:1964)
07-24 10:14:45.351 E/AutoInstalls(2274): 	at com.android.launcher3.LauncherModel$LoaderTask.loadAndBindWorkspace(LauncherModel.java:1555)
07-24 10:14:45.351 E/AutoInstalls(2274): 	at com.android.launcher3.LauncherModel$LoaderTask.run(LauncherModel.java:1652)
07-24 10:14:45.351 E/AutoInstalls(2274): 	at android.os.Handler.handleCallback(Handler.java:751)
07-24 10:14:45.351 E/AutoInstalls(2274): 	at android.os.Handler.dispatchMessage(Handler.java:95)
07-24 10:14:45.351 E/AutoInstalls(2274): 	at android.os.Looper.loop(Looper.java:154)
07-24 10:14:45.351 E/AutoInstalls(2274): 	at android.os.HandlerThread.run(HandlerThread.java:61)
07-24 10:14:45.352 E/AutoInstalls(2274): Unable to add favorite: com.android.browser/com.android.browser.BrowserActivity
07-24 10:14:45.352 E/AutoInstalls(2274): android.content.pm.PackageManager$NameNotFoundException: ComponentInfo{com.android.browser/com.android.browser.BrowserActivity}
07-24 10:14:45.352 E/AutoInstalls(2274): 	at android.app.ApplicationPackageManager.getActivityInfo(ApplicationPackageManager.java:391)
07-24 10:14:45.352 E/AutoInstalls(2274): 	at com.android.launcher3.AutoInstallsLayout$AppShortcutParser.parseAndAdd(AutoInstallsLayout.java:347)
07-24 10:14:45.352 E/AutoInstalls(2274): 	at com.android.launcher3.DefaultLayoutParser$ResolveParser.parseAndAdd(DefaultLayoutParser.java:222)
07-24 10:14:45.352 E/AutoInstalls(2274): 	at com.android.launcher3.AutoInstallsLayout.parseAndAddNode(AutoInstallsLayout.java:272)
07-24 10:14:45.352 E/AutoInstalls(2274): 	at com.android.launcher3.AutoInstallsLayout.parseLayout(AutoInstallsLayout.java:217)
07-24 10:14:45.352 E/AutoInstalls(2274): 	at com.android.launcher3.AutoInstallsLayout.loadLayout(AutoInstallsLayout.java:193)
07-24 10:14:45.352 E/AutoInstalls(2274): 	at com.android.launcher3.LauncherProvider$DatabaseHelper.loadFavorites(LauncherProvider.java:1292)
07-24 10:14:45.352 E/AutoInstalls(2274): 	at com.android.launcher3.LauncherProvider.loadDefaultFavoritesIfNecessary(LauncherProvider.java:406)
07-24 10:14:45.352 E/AutoInstalls(2274): 	at com.android.launcher3.LauncherModel$LoaderTask.loadWorkspace(LauncherModel.java:1964)
07-24 10:14:45.352 E/AutoInstalls(2274): 	at com.android.launcher3.LauncherModel$LoaderTask.loadAndBindWorkspace(LauncherModel.java:1555)
07-24 10:14:45.352 E/AutoInstalls(2274): 	at com.android.launcher3.LauncherModel$LoaderTask.run(LauncherModel.java:1652)
07-24 10:14:45.352 E/AutoInstalls(2274): 	at android.os.Handler.handleCallback(Handler.java:751)
07-24 10:14:45.352 E/AutoInstalls(2274): 	at android.os.Handler.dispatchMessage(Handler.java:95)
07-24 10:14:45.352 E/AutoInstalls(2274): 	at android.os.Looper.loop(Looper.java:154)
07-24 10:14:45.352 E/AutoInstalls(2274): 	at android.os.HandlerThread.run(HandlerThread.java:61)
07-24 10:14:45.353 E/AutoInstalls(2274): Unable to add favorite: com.cyngn.browser/com.android.browser.BrowserLauncher
07-24 10:14:45.353 E/AutoInstalls(2274): android.content.pm.PackageManager$NameNotFoundException: ComponentInfo{com.cyngn.browser/com.android.browser.BrowserLauncher}
07-24 10:14:45.353 E/AutoInstalls(2274): 	at android.app.ApplicationPackageManager.getActivityInfo(ApplicationPackageManager.java:391)
07-24 10:14:45.353 E/AutoInstalls(2274): 	at com.android.launcher3.AutoInstallsLayout$AppShortcutParser.parseAndAdd(AutoInstallsLayout.java:347)
07-24 10:14:45.353 E/AutoInstalls(2274): 	at com.android.launcher3.DefaultLayoutParser$ResolveParser.parseAndAdd(DefaultLayoutParser.java:222)
07-24 10:14:45.353 E/AutoInstalls(2274): 	at com.android.launcher3.AutoInstallsLayout.parseAndAddNode(AutoInstallsLayout.java:272)
07-24 10:14:45.353 E/AutoInstalls(2274): 	at com.android.launcher3.AutoInstallsLayout.parseLayout(AutoInstallsLayout.java:217)
07-24 10:14:45.353 E/AutoInstalls(2274): 	at com.android.launcher3.AutoInstallsLayout.loadLayout(AutoInstallsLayout.java:193)
07-24 10:14:45.353 E/AutoInstalls(2274): 	at com.android.launcher3.LauncherProvider$DatabaseHelper.loadFavorites(LauncherProvider.java:1292)
07-24 10:14:45.353 E/AutoInstalls(2274): 	at com.android.launcher3.LauncherProvider.loadDefaultFavoritesIfNecessary(LauncherProvider.java:406)
07-24 10:14:45.353 E/AutoInstalls(2274): 	at com.android.launcher3.LauncherModel$LoaderTask.loadWorkspace(LauncherModel.java:1964)
07-24 10:14:45.353 E/AutoInstalls(2274): 	at com.android.launcher3.LauncherModel$LoaderTask.loadAndBindWorkspace(LauncherModel.java:1555)
07-24 10:14:45.353 E/AutoInstalls(2274): 	at com.android.launcher3.LauncherModel$LoaderTask.run(LauncherModel.java:1652)
07-24 10:14:45.353 E/AutoInstalls(2274): 	at android.os.Handler.handleCallback(Handler.java:751)
07-24 10:14:45.353 E/AutoInstalls(2274): 	at android.os.Handler.dispatchMessage(Handler.java:95)
07-24 10:14:45.353 E/AutoInstalls(2274): 	at android.os.Looper.loop(Looper.java:154)
07-24 10:14:45.353 E/AutoInstalls(2274): 	at android.os.HandlerThread.run(HandlerThread.java:61)
07-24 10:14:45.354 E/AutoInstalls(2274): Unable to add favorite: com.android.chrome/com.google.android.apps.chrome.Main
07-24 10:14:45.354 E/AutoInstalls(2274): android.content.pm.PackageManager$NameNotFoundException: ComponentInfo{com.android.chrome/com.google.android.apps.chrome.Main}
07-24 10:14:45.354 E/AutoInstalls(2274): 	at android.app.ApplicationPackageManager.getActivityInfo(ApplicationPackageManager.java:391)
07-24 10:14:45.354 E/AutoInstalls(2274): 	at com.android.launcher3.AutoInstallsLayout$AppShortcutParser.parseAndAdd(AutoInstallsLayout.java:347)
07-24 10:14:45.354 E/AutoInstalls(2274): 	at com.android.launcher3.DefaultLayoutParser$ResolveParser.parseAndAdd(DefaultLayoutParser.java:222)
07-24 10:14:45.354 E/AutoInstalls(2274): 	at com.android.launcher3.AutoInstallsLayout.parseAndAddNode(AutoInstallsLayout.java:272)
07-24 10:14:45.354 E/AutoInstalls(2274): 	at com.android.launcher3.AutoInstallsLayout.parseLayout(AutoInstallsLayout.java:217)
07-24 10:14:45.354 E/AutoInstalls(2274): 	at com.android.launcher3.AutoInstallsLayout.loadLayout(AutoInstallsLayout.java:193)
07-24 10:14:45.354 E/AutoInstalls(2274): 	at com.android.launcher3.LauncherProvider$DatabaseHelper.loadFavorites(LauncherProvider.java:1292)
07-24 10:14:45.354 E/AutoInstalls(2274): 	at com.android.launcher3.LauncherProvider.loadDefaultFavoritesIfNecessary(LauncherProvider.java:406)
07-24 10:14:45.354 E/AutoInstalls(2274): 	at com.android.launcher3.LauncherModel$LoaderTask.loadWorkspace(LauncherModel.java:1964)
07-24 10:14:45.354 E/AutoInstalls(2274): 	at com.android.launcher3.LauncherModel$LoaderTask.loadAndBindWorkspace(LauncherModel.java:1555)
07-24 10:14:45.354 E/AutoInstalls(2274): 	at com.android.launcher3.LauncherModel$LoaderTask.run(LauncherModel.java:1652)
07-24 10:14:45.354 E/AutoInstalls(2274): 	at android.os.Handler.handleCallback(Handler.java:751)
07-24 10:14:45.354 E/AutoInstalls(2274): 	at android.os.Handler.dispatchMessage(Handler.java:95)
07-24 10:14:45.354 E/AutoInstalls(2274): 	at android.os.Looper.loop(Looper.java:154)
07-24 10:14:45.354 E/AutoInstalls(2274): 	at android.os.HandlerThread.run(HandlerThread.java:61)
07-24 10:14:45.364 E/AutoInstalls(2274): Unable to add favorite: com.cyngn.cameranext/com.android.camera.CameraLauncher
07-24 10:14:45.364 E/AutoInstalls(2274): android.content.pm.PackageManager$NameNotFoundException: ComponentInfo{com.cyngn.cameranext/com.android.camera.CameraLauncher}
07-24 10:14:45.364 E/AutoInstalls(2274): 	at android.app.ApplicationPackageManager.getActivityInfo(ApplicationPackageManager.java:391)
07-24 10:14:45.364 E/AutoInstalls(2274): 	at com.android.launcher3.AutoInstallsLayout$AppShortcutParser.parseAndAdd(AutoInstallsLayout.java:347)
07-24 10:14:45.364 E/AutoInstalls(2274): 	at com.android.launcher3.DefaultLayoutParser$ResolveParser.parseAndAdd(DefaultLayoutParser.java:222)
07-24 10:14:45.364 E/AutoInstalls(2274): 	at com.android.launcher3.AutoInstallsLayout.parseAndAddNode(AutoInstallsLayout.java:272)
07-24 10:14:45.364 E/AutoInstalls(2274): 	at com.android.launcher3.AutoInstallsLayout.parseLayout(AutoInstallsLayout.java:217)
07-24 10:14:45.364 E/AutoInstalls(2274): 	at com.android.launcher3.AutoInstallsLayout.loadLayout(AutoInstallsLayout.java:193)
07-24 10:14:45.364 E/AutoInstalls(2274): 	at com.android.launcher3.LauncherProvider$DatabaseHelper.loadFavorites(LauncherProvider.java:1292)
07-24 10:14:45.364 E/AutoInstalls(2274): 	at com.android.launcher3.LauncherProvider.loadDefaultFavoritesIfNecessary(LauncherProvider.java:406)
07-24 10:14:45.364 E/AutoInstalls(2274): 	at com.android.launcher3.LauncherModel$LoaderTask.loadWorkspace(LauncherModel.java:1964)
07-24 10:14:45.364 E/AutoInstalls(2274): 	at com.android.launcher3.LauncherModel$LoaderTask.loadAndBindWorkspace(LauncherModel.java:1555)
07-24 10:14:45.364 E/AutoInstalls(2274): 	at com.android.launcher3.LauncherModel$LoaderTask.run(LauncherModel.java:1652)
07-24 10:14:45.364 E/AutoInstalls(2274): 	at android.os.Handler.handleCallback(Handler.java:751)
07-24 10:14:45.364 E/AutoInstalls(2274): 	at android.os.Handler.dispatchMessage(Handler.java:95)
07-24 10:14:45.364 E/AutoInstalls(2274): 	at android.os.Looper.loop(Looper.java:154)
07-24 10:14:45.364 E/AutoInstalls(2274): 	at android.os.HandlerThread.run(HandlerThread.java:61)
07-24 10:14:45.366 E/AutoInstalls(2274): Unable to add favorite: org.cyanogenmod.snap/com.android.camera.CameraLauncher
07-24 10:14:45.366 E/AutoInstalls(2274): android.content.pm.PackageManager$NameNotFoundException: ComponentInfo{org.cyanogenmod.snap/com.android.camera.CameraLauncher}
07-24 10:14:45.366 E/AutoInstalls(2274): 	at android.app.ApplicationPackageManager.getActivityInfo(ApplicationPackageManager.java:391)
07-24 10:14:45.366 E/AutoInstalls(2274): 	at com.android.launcher3.AutoInstallsLayout$AppShortcutParser.parseAndAdd(AutoInstallsLayout.java:347)
07-24 10:14:45.366 E/AutoInstalls(2274): 	at com.android.launcher3.DefaultLayoutParser$ResolveParser.parseAndAdd(DefaultLayoutParser.java:222)
07-24 10:14:45.366 E/AutoInstalls(2274): 	at com.android.launcher3.AutoInstallsLayout.parseAndAddNode(AutoInstallsLayout.java:272)
07-24 10:14:45.366 E/AutoInstalls(2274): 	at com.android.launcher3.AutoInstallsLayout.parseLayout(AutoInstallsLayout.java:217)
07-24 10:14:45.366 E/AutoInstalls(2274): 	at com.android.launcher3.AutoInstallsLayout.loadLayout(AutoInstallsLayout.java:193)
07-24 10:14:45.366 E/AutoInstalls(2274): 	at com.android.launcher3.LauncherProvider$DatabaseHelper.loadFavorites(LauncherProvider.java:1292)
07-24 10:14:45.366 E/AutoInstalls(2274): 	at com.android.launcher3.LauncherProvider.loadDefaultFavoritesIfNecessary(LauncherProvider.java:406)
07-24 10:14:45.366 E/AutoInstalls(2274): 	at com.android.launcher3.LauncherModel$LoaderTask.loadWorkspace(LauncherModel.java:1964)
07-24 10:14:45.366 E/AutoInstalls(2274): 	at com.android.launcher3.LauncherModel$LoaderTask.loadAndBindWorkspace(LauncherModel.java:1555)
07-24 10:14:45.366 E/AutoInstalls(2274): 	at com.android.launcher3.LauncherModel$LoaderTask.run(LauncherModel.java:1652)
07-24 10:14:45.366 E/AutoInstalls(2274): 	at android.os.Handler.handleCallback(Handler.java:751)
07-24 10:14:45.366 E/AutoInstalls(2274): 	at android.os.Handler.dispatchMessage(Handler.java:95)
07-24 10:14:45.366 E/AutoInstalls(2274): 	at android.os.Looper.loop(Looper.java:154)
07-24 10:14:45.366 E/AutoInstalls(2274): 	at android.os.HandlerThread.run(HandlerThread.java:61)
07-24 10:14:45.396 W/Launcher(2274): setApplicationContext called twice! old=android.app.Application@5a9bb2e new=android.app.Application@5a9bb2e
07-24 10:14:45.610 W/System  (2274): ClassLoader referenced unknown path: 
07-24 10:14:45.610 W/System  (2274): ClassLoader referenced unknown path: /system/app/LockClock/lib/arm
07-24 10:14:46.025 W/auditd  (375): type=1325 audit(0.0:193): table=filter family=2 entries=95
07-24 10:14:46.025 W/auditd  (375): type=1320 audit(0.0:193): 
07-24 10:14:46.045 W/auditd  (375): type=1325 audit(0.0:194): table=filter family=10 entries=98
07-24 10:14:46.045 W/auditd  (375): type=1320 audit(0.0:194): 
07-24 10:14:46.062 W/auditd  (375): type=1325 audit(0.0:195): table=filter family=2 entries=97
07-24 10:14:46.062 W/auditd  (375): type=1320 audit(0.0:195): 
07-24 10:14:46.088 W/auditd  (375): type=1325 audit(0.0:196): table=filter family=10 entries=100
07-24 10:14:46.088 W/auditd  (375): type=1320 audit(0.0:196): 
07-24 10:14:46.152 W/auditd  (375): type=1325 audit(0.0:197): table=filter family=2 entries=98
07-24 10:14:46.152 W/auditd  (375): type=1320 audit(0.0:197): 
07-24 10:14:46.165 W/auditd  (375): type=1325 audit(0.0:198): table=filter family=10 entries=101
07-24 10:14:46.165 W/auditd  (375): type=1320 audit(0.0:198): 
07-24 10:14:46.205 W/auditd  (375): type=1325 audit(0.0:199): table=filter family=2 entries=99
07-24 10:14:46.205 W/auditd  (375): type=1320 audit(0.0:199): 
07-24 10:14:46.218 W/auditd  (375): type=1325 audit(0.0:200): table=filter family=10 entries=102
07-24 10:14:46.218 W/auditd  (375): type=1320 audit(0.0:200): 
07-24 10:14:46.265 W/auditd  (375): type=1325 audit(0.0:201): table=filter family=2 entries=100
07-24 10:14:46.265 W/auditd  (375): type=1320 audit(0.0:201): 
07-24 10:14:46.288 W/auditd  (375): type=1325 audit(0.0:202): table=filter family=10 entries=103
07-24 10:14:46.288 W/auditd  (375): type=1320 audit(0.0:202): 
07-24 10:14:46.329 E/NetdConnector(868): NDC Command {42 bandwidth setiquota rmnet0 9223372036854775807} took too long (1367ms)
07-24 10:14:46.352 W/msm8974_platform(440): Codec backend bitwidth 16, samplerate 48000
07-24 10:14:46.863 E/BrokerableCMSystemService(868): Target component lacks cyanogenmod.permission.ACCESS_THEME_MANAGER service permission, failing ComponentInfo{org.cyanogenmod.themeservice/org.cyanogenmod.themeservice.ThemeManagerService}
07-24 10:14:49.394 W/InputMethodManagerService(868): Window already focused, ignoring focus gain of: com.android.internal.view.IInputMethodClient$Stub$Proxy@c609eab attribute=null, token = android.os.BinderProxy@a312fbf
07-24 10:14:49.623 W/msm8974_platform(440): Codec backend bitwidth 16, samplerate 48000
07-24 10:14:55.977 W/InputMethodManagerService(868): Window already focused, ignoring focus gain of: com.android.internal.view.IInputMethodClient$Stub$Proxy@646fba attribute=android.view.inputmethod.EditorInfo@8aa6e6b, token = android.os.BinderProxy@a312fbf
07-24 10:14:58.536 W/msm8974_platform(440): Codec backend bitwidth 16, samplerate 48000
07-24 10:14:58.555 E/ActivityManager(868): applyOptionsLocked: Unknown animationType=0
07-24 10:14:58.804 W/ProcStatsManager(2524): No process android.process.media/10012 for service com.android.providers.media.MediaScannerService
07-24 10:14:58.804 W/ProcStatsManager(2524): No process com.android.phone/1001 for service com.android.mms.service.MmsService
07-24 10:14:58.804 W/ProcStatsManager(2524): No process com.android.messaging/10061 for service com.android.messaging.datamodel.action.BackgroundWorkerService
07-24 10:14:58.804 W/ProcStatsManager(2524): No process com.android.messaging/10061 for service com.android.messaging.datamodel.action.ActionServiceImpl
07-24 10:14:58.804 W/ProcStatsManager(2524): No process com.android.carrierconfig/10005 for service com.android.carrierconfig.DefaultCarrierConfigService
07-24 10:14:58.804 W/ProcStatsManager(2524): No process com.android.phone/1001 for service com.android.stk.StkAppService
07-24 10:14:58.804 W/ProcStatsManager(2524): No process com.cyanogenmod.lockclock/10050 for service com.cyanogenmod.lockclock.ClockWidgetService
07-24 10:14:58.804 W/ProcStatsManager(2524): No process com.cyanogenmod.lockclock/10050 for service com.cyanogenmod.lockclock.weather.WeatherUpdateService
07-24 10:14:58.804 W/ProcStatsManager(2524): No process com.cyanogenmod.lockclock/10050 for service com.cyanogenmod.lockclock.DeviceStatusService
07-24 10:14:58.804 W/ProcStatsManager(2524): No process com.cyanogenmod.lockclock/10050 for service com.cyanogenmod.lockclock.weather.WeatherSourceListenerService
07-24 10:14:58.804 W/ProcStatsManager(2524): No process com.android.printspooler/10056 for service com.android.printspooler.model.PrintSpoolerService
07-24 10:14:58.804 W/ProcStatsManager(2524): No process com.android.cellbroadcastreceiver/10007 for service com.android.cellbroadcastreceiver.CellBroadcastConfigService
07-24 10:14:58.804 W/ProcStatsManager(2524): No process com.android.onetimeinitializer/10019 for service com.android.onetimeinitializer.OneTimeInitializerService
07-24 10:14:58.804 W/ProcStatsManager(2524): No process system/1000 for service com.android.server.telecom.components.BluetoothPhoneService
07-24 10:14:58.804 W/ProcStatsManager(2524): No process system/1000 for service com.android.server.telecom.components.TelecomService
07-24 10:14:58.804 W/ProcStatsManager(2524): No process com.android.keychain/1000 for service com.android.keychain.KeyChainService
07-24 10:14:58.804 W/ProcStatsManager(2524): No process com.android.dialer/10017 for service com.android.dialer.calllog.CallLogNotificationsService
07-24 10:14:58.805 W/ProcStatsManager(2524): No process org.lineageos.updater/10004 for service com.cyanogenmod.updater.service.UpdateCheckService
07-24 10:14:58.805 W/ProcStatsManager(2524): No process system/1000 for service com.android.location.fused.FusedLocationService
07-24 10:14:58.805 W/ProcStatsManager(2524): No process com.android.exchange/10046 for service com.android.exchange.service.EasService
07-24 10:14:58.805 W/ProcStatsManager(2524): No process com.android.bluetooth/1002 for service com.android.bluetooth.btservice.AdapterService
07-24 10:14:58.841 W/TileUtils(2524): Found com.android.systemui.tuner.TunerActivity for intent Intent { act=com.android.settings.action.EXTRA_SETTINGS } missing metadata 
07-24 10:14:59.023 W/FingerprintManager(2524): isFingerprintHardwareDetected(): Service not connected!
07-24 10:15:00.538 E/BatteryStatsService(868): no controller energy info supplied
07-24 10:15:00.538 E/BatteryStatsService(868): no controller energy info supplied
07-24 10:15:00.549 E/BatteryStatsService(868): modem info is invalid: ModemActivityInfo{ mTimestamp=0 mSleepTimeMs=0 mIdleTimeMs=0 mTxTimeMs[]=[0, 0, 0, 0, 0] mRxTimeMs=0 mEnergyUsed=0}
07-24 10:15:08.537 W/msm8974_platform(440): Codec backend bitwidth 16, samplerate 48000
07-24 10:15:08.689 W/TileUtils(2524): Found com.android.systemui.tuner.TunerActivity for intent Intent { act=com.android.settings.action.EXTRA_SETTINGS } missing metadata 
07-24 10:15:08.924 W/ApplicationsState(2524): Cannot find pkg: com.android.terminal on user 0
07-24 10:15:08.960 W/TileUtils(2524): Found com.android.systemui.tuner.TunerActivity for intent Intent { act=com.android.settings.action.EXTRA_SETTINGS } missing metadata 
07-24 10:15:08.970 W/ApplicationsState(2524): Cannot find pkg: com.android.terminal on user 0
07-24 10:15:09.531 E/cutils-trace(2797): Error opening trace file: Permission denied (13)
07-24 10:15:09.723 E/cutils-trace(2822): Error opening trace file: Permission denied (13)
07-24 10:15:09.724 E/patchoat(2822): Failed to open output oat file /data/dalvik-cache/arm/system@framework@am.jar@classes.dex: Permission denied(13)
07-24 10:15:09.726 W/art     (2797): Failed execv(/system/bin/patchoat --instruction-set=arm --input-oat-file=/system/framework/oat/arm/am.odex --output-oat-file=/data/dalvik-cache/arm/system@framework@am.jar@classes.dex --patched-image-location=/system/framework/boot.art) because non-0 exit status
07-24 10:15:16.020 E/NetlinkEvent(454): NetlinkEvent::FindParam(): Parameter 'TIME_NS' not found
07-24 10:15:16.020 E/NetlinkEvent(454): NetlinkEvent::FindParam(): Parameter 'UID' not found
07-24 10:15:28.708 W/msm8974_platform(440): Codec backend bitwidth 16, samplerate 48000
07-24 10:15:29.817 W/InputMethodManagerService(868): Window already focused, ignoring focus gain of: com.android.internal.view.IInputMethodClient$Stub$Proxy@4c1a69d attribute=null, token = android.os.BinderProxy@5f75701
07-24 10:15:53.486 E/cutils-trace(2843): Error opening trace file: Permission denied (13)
07-24 10:15:53.643 E/cutils-trace(2845): Error opening trace file: Permission denied (13)
07-24 10:15:53.643 E/patchoat(2845): Failed to open output oat file /data/dalvik-cache/arm/system@framework@am.jar@classes.dex: Permission denied(13)
07-24 10:15:53.645 W/art     (2843): Failed execv(/system/bin/patchoat --instruction-set=arm --input-oat-file=/system/framework/oat/arm/am.odex --output-oat-file=/data/dalvik-cache/arm/system@framework@am.jar@classes.dex --patched-image-location=/system/framework/boot.art) because non-0 exit status
07-24 10:16:05.251 W/ProcStatsManager(2524): No process com.android.providers.calendar/10006 for service com.android.providers.calendar.EmptyService
07-24 10:16:05.251 W/ProcStatsManager(2524): No process com.android.providers.calendar/10006 for service com.android.providers.calendar.CalendarProviderIntentService
07-24 10:16:05.251 W/ProcStatsManager(2524): No process android.process.media/10012 for service com.android.providers.media.MediaScannerService
07-24 10:16:05.251 W/ProcStatsManager(2524): No process com.android.messaging/10061 for service com.android.messaging.datamodel.action.BackgroundWorkerService
07-24 10:16:05.251 W/ProcStatsManager(2524): No process com.android.messaging/10061 for service com.android.messaging.datamodel.action.ActionServiceImpl
07-24 10:16:05.251 W/ProcStatsManager(2524): No process com.android.defcontainer/10008 for service com.android.defcontainer.DefaultContainerService
07-24 10:16:05.252 W/ProcStatsManager(2524): No process com.android.carrierconfig/10005 for service com.android.carrierconfig.DefaultCarrierConfigService
07-24 10:16:05.252 W/ProcStatsManager(2524): No process com.android.printspooler/10056 for service com.android.printspooler.model.PrintSpoolerService
07-24 10:16:05.252 W/ProcStatsManager(2524): No process com.android.cellbroadcastreceiver/10007 for service com.android.cellbroadcastreceiver.CellBroadcastConfigService
07-24 10:16:05.252 W/ProcStatsManager(2524): No process com.android.onetimeinitializer/10019 for service com.android.onetimeinitializer.OneTimeInitializerService
07-24 10:16:05.252 W/ProcStatsManager(2524): No process com.android.keychain/1000 for service com.android.keychain.KeyChainService
07-24 10:16:05.252 W/ProcStatsManager(2524): No process com.android.dialer/10017 for service com.android.dialer.calllog.CallLogNotificationsService
07-24 10:16:05.252 W/ProcStatsManager(2524): No process org.lineageos.updater/10004 for service com.cyanogenmod.updater.service.UpdateCheckService
07-24 10:16:05.252 W/ProcStatsManager(2524): No process com.android.exchange/10046 for service com.android.exchange.service.EasService
07-24 10:16:05.252 W/ProcStatsManager(2524): No process com.android.bluetooth/1002 for service com.android.bluetooth.btservice.AdapterService
07-24 10:16:05.293 W/IInputConnectionWrapper(2524): finishComposingText on inactive InputConnection
07-24 10:16:05.295 W/TileUtils(2524): Found com.android.systemui.tuner.TunerActivity for intent Intent { act=com.android.settings.action.EXTRA_SETTINGS } missing metadata 
07-24 10:16:05.423 E/BatteryStatsService(868): no controller energy info supplied
07-24 10:16:05.423 E/BatteryStatsService(868): no controller energy info supplied
07-24 10:16:05.440 E/BatteryStatsService(868): modem info is invalid: ModemActivityInfo{ mTimestamp=0 mSleepTimeMs=0 mIdleTimeMs=0 mTxTimeMs[]=[0, 0, 0, 0, 0] mRxTimeMs=0 mEnergyUsed=0}
07-24 10:16:06.416 E/NetlinkEvent(454): NetlinkEvent::FindParam(): Parameter 'TIME_NS' not found
07-24 10:16:06.417 E/NetlinkEvent(454): NetlinkEvent::FindParam(): Parameter 'UID' not found
07-24 10:16:07.022 W/OpenGLRenderer(2274): Incorrectly called buildLayer on View: ShortcutAndWidgetContainer, destroying layer...
07-24 10:16:10.165 E/cutils-trace(2866): Error opening trace file: Permission denied (13)
07-24 10:16:10.336 E/cutils-trace(2869): Error opening trace file: Permission denied (13)
07-24 10:16:10.337 E/patchoat(2869): Failed to open output oat file /data/dalvik-cache/arm/system@framework@am.jar@classes.dex: Permission denied(13)
07-24 10:16:10.339 W/art     (2866): Failed execv(/system/bin/patchoat --instruction-set=arm --input-oat-file=/system/framework/oat/arm/am.odex --output-oat-file=/data/dalvik-cache/arm/system@framework@am.jar@classes.dex --patched-image-location=/system/framework/boot.art) because non-0 exit status
07-24 10:16:12.398 E/BatteryStatsService(868): no controller energy info supplied
07-24 10:16:12.398 E/BatteryStatsService(868): no controller energy info supplied
07-24 10:16:12.436 E/BatteryStatsService(868): modem info is invalid: ModemActivityInfo{ mTimestamp=0 mSleepTimeMs=0 mIdleTimeMs=0 mTxTimeMs[]=[0, 0, 0, 0, 0] mRxTimeMs=0 mEnergyUsed=0}
07-24 10:16:13.622 E/cutils-trace(2898): Error opening trace file: Permission denied (13)
07-24 10:16:13.622 E/patchoat(2898): Failed to open output oat file /data/dalvik-cache/arm/system@priv-app@MediaProvider@MediaProvider.apk@classes.dex: Permission denied(13)
07-24 10:16:13.625 W/art     (2884): Failed execv(/system/bin/patchoat --instruction-set=arm --input-oat-file=/system/priv-app/MediaProvider/oat/arm/MediaProvider.odex --output-oat-file=/data/dalvik-cache/arm/system@priv-app@MediaProvider@MediaProvider.apk@classes.dex --patched-image-location=/system/framework/boot.art) because non-0 exit status
07-24 10:16:13.627 W/System  (2884): ClassLoader referenced unknown path: /system/priv-app/MediaProvider/lib/arm
07-24 10:16:13.723 E/cutils-trace(2901): Error opening trace file: Permission denied (13)
07-24 10:16:13.724 E/patchoat(2901): Failed to open output oat file /data/dalvik-cache/arm/system@priv-app@DownloadProvider@DownloadProvider.apk@classes.dex: Permission denied(13)
07-24 10:16:13.726 W/art     (2884): Failed execv(/system/bin/patchoat --instruction-set=arm --input-oat-file=/system/priv-app/DownloadProvider/oat/arm/DownloadProvider.odex --output-oat-file=/data/dalvik-cache/arm/system@priv-app@DownloadProvider@DownloadProvider.apk@classes.dex --patched-image-location=/system/framework/boot.art) because non-0 exit status
07-24 10:16:13.728 W/System  (2884): ClassLoader referenced unknown path: /system/priv-app/DownloadProvider/lib/arm
07-24 10:16:16.474 E/NetlinkEvent(454): NetlinkEvent::FindParam(): Parameter 'TIME_NS' not found
07-24 10:16:16.474 E/NetlinkEvent(454): NetlinkEvent::FindParam(): Parameter 'UID' not found
07-24 10:16:19.751 W/msm8974_platform(440): Codec backend bitwidth 16, samplerate 48000
07-24 10:16:22.462 E/ActivityManager(868): applyOptionsLocked: Unknown animationType=0
07-24 10:16:22.721 W/TileUtils(2524): Found com.android.systemui.tuner.TunerActivity for intent Intent { act=com.android.settings.action.EXTRA_SETTINGS } missing metadata 
07-24 10:16:23.106 W/SubtypeLocaleUtils(1040): KeyboardLayoutSet not found, use QWERTY: locale=en_AU extraValue=TrySuppressingImeSwitcher,AsciiCapable,SupportTouchPositionCorrection,EmojiCapable
07-24 10:16:23.108 W/SubtypeLocaleUtils(1040): KeyboardLayoutSet not found, use QWERTY: locale=hu_ZZ extraValue=AsciiCapable,SupportTouchPositionCorrection,EmojiCapable
07-24 10:16:23.111 W/RichInputMethodSubtype(1040): Can't find emoji subtype
07-24 10:16:23.111 W/RichInputMethodSubtype(1040): No input method subtype found; returning dummy subtype: Multi-lingual subtype: android.view.inputmethod.InputMethodSubtype@d78b2ed0, zz
07-24 10:16:23.415 W/ViewPager(1040): Requested offscreen page limit 0 too small; defaulting to 1
07-24 10:16:23.732 W/RenderThread(2922): type=1400 audit(0.0:205): avc: denied { getattr } for path="/sys/devices/fdb00000.qcom,kgsl-3d0/kgsl/kgsl-3d0/gpuclk" dev="sysfs" ino=19517 scontext=u:r:untrusted_app:s0:c512,c768 tcontext=u:object_r:sysfs:s0 tclass=file permissive=0
07-24 10:16:23.732 W/RenderThread(2922): type=1300 audit(0.0:205): arch=40000028 syscall=197 per=800008 success=no exit=-13 a0=37 a1=b32513e0 a2=b3251470 a3=5cd76e91 items=0 ppid=439 ppcomm=main auid=4294967295 uid=10062 gid=10062 euid=10062 suid=10062 fsuid=10062 egid=10062 sgid=10062 fsgid=10062 tty=(none) ses=4294967295 exe="/system/bin/app_process32" subj=u:r:untrusted_app:s0:c512,c768 key=(null)
07-24 10:16:23.732 W/auditd  (375): type=1320 audit(0.0:205): 
