07-24 10:16:24.570 W/IInputConnectionWrapper(2524): getSelectedText on inactive InputConnection
07-24 10:16:24.583 W/IInputConnectionWrapper(2524): requestCursorAnchorInfo on inactive InputConnection
07-24 10:16:24.599 W/IInputConnectionWrapper(2524): getTextBeforeCursor on inactive InputConnection
07-24 10:16:24.600 E/RichInputConnection(1040): Unable to connect to the editor to retrieve text.
07-24 10:16:24.616 W/IInputConnectionWrapper(2524): getTextBeforeCursor on inactive InputConnection
07-24 10:16:24.617 E/RichInputConnection(1040): Unable to connect to the editor to retrieve text.
07-24 10:16:24.617 W/RichInputConnection(1040): Unable to connect to the editor. Setting caps mode without knowing text.
07-24 10:16:29.754 W/msm8974_platform(440): Codec backend bitwidth 16, samplerate 48000
07-24 10:16:29.790 W/InputMethodService(1040): Window size has been changed. This may cause jankiness of resizing window: -1 -> -2
07-24 10:16:29.801 W/IInputConnectionWrapper(2524): finishComposingText on inactive InputConnection
07-24 10:16:29.801 W/IInputConnectionWrapper(2524): finishComposingText on inactive InputConnection
07-24 10:16:35.086 E/NetlinkEvent(454): NetlinkEvent::FindParam(): Parameter 'TIME_NS' not found
07-24 10:16:35.086 E/NetlinkEvent(454): NetlinkEvent::FindParam(): Parameter 'UID' not found
07-24 10:16:35.128 W/auditd  (375): type=1325 audit(0.0:206): table=mangle family=2 entries=25
07-24 10:16:35.128 W/auditd  (375): type=1320 audit(0.0:206): 
07-24 10:16:35.172 W/auditd  (375): type=1325 audit(0.0:207): table=mangle family=10 entries=24
07-24 10:16:35.172 W/auditd  (375): type=1320 audit(0.0:207): 
07-24 10:16:36.115 W/auditd  (375): type=1325 audit(0.0:208): table=raw family=2 entries=14
07-24 10:16:36.115 W/auditd  (375): type=1320 audit(0.0:208): 
07-24 10:16:36.148 W/auditd  (375): type=1325 audit(0.0:209): table=raw family=10 entries=14
07-24 10:16:36.148 W/auditd  (375): type=1320 audit(0.0:209): 
07-24 10:16:36.165 W/auditd  (375): type=1325 audit(0.0:210): table=mangle family=2 entries=26
07-24 10:16:36.165 W/auditd  (375): type=1320 audit(0.0:210): 
07-24 10:16:36.195 W/auditd  (375): type=1325 audit(0.0:211): table=mangle family=10 entries=25
07-24 10:16:36.195 W/auditd  (375): type=1320 audit(0.0:211): 
07-24 10:16:36.204 E/BatteryStatsService(868): no controller energy info supplied
07-24 10:16:36.278 W/auditd  (375): type=1325 audit(0.0:212): table=filter family=2 entries=102
07-24 10:16:36.278 W/auditd  (375): type=1320 audit(0.0:212): 
07-24 10:16:36.298 W/auditd  (375): type=1325 audit(0.0:213): table=filter family=10 entries=105
07-24 10:16:36.298 W/auditd  (375): type=1320 audit(0.0:213): 
07-24 10:16:36.328 W/auditd  (375): type=1325 audit(0.0:214): table=filter family=2 entries=101
07-24 10:16:36.328 W/auditd  (375): type=1320 audit(0.0:214): 
07-24 10:16:36.355 W/auditd  (375): type=1325 audit(0.0:215): table=filter family=10 entries=104
07-24 10:16:36.355 W/auditd  (375): type=1320 audit(0.0:215): 
07-24 10:16:36.398 W/auditd  (375): type=1325 audit(0.0:216): table=filter family=2 entries=100
07-24 10:16:36.398 W/auditd  (375): type=1320 audit(0.0:216): 
07-24 10:16:36.435 W/auditd  (375): type=1325 audit(0.0:217): table=filter family=10 entries=103
07-24 10:16:36.435 W/auditd  (375): type=1320 audit(0.0:217): 
07-24 10:16:36.472 W/auditd  (375): type=1325 audit(0.0:218): table=filter family=2 entries=99
07-24 10:16:36.472 W/auditd  (375): type=1320 audit(0.0:218): 
07-24 10:16:36.498 W/auditd  (375): type=1325 audit(0.0:219): table=filter family=10 entries=102
07-24 10:16:36.498 W/auditd  (375): type=1320 audit(0.0:219): 
07-24 10:16:36.518 W/auditd  (375): type=1325 audit(0.0:220): table=filter family=2 entries=97
07-24 10:16:36.518 W/auditd  (375): type=1320 audit(0.0:220): 
07-24 10:16:36.538 W/auditd  (375): type=1325 audit(0.0:221): table=filter family=10 entries=100
07-24 10:16:36.538 W/auditd  (375): type=1320 audit(0.0:221): 
07-24 10:16:36.645 W/auditd  (375): type=1325 audit(0.0:222): table=filter family=2 entries=95
07-24 10:16:36.645 W/auditd  (375): type=1320 audit(0.0:222): 
07-24 10:16:36.692 W/auditd  (375): type=1325 audit(0.0:223): table=filter family=10 entries=98
07-24 10:16:36.692 W/auditd  (375): type=1320 audit(0.0:223): 
07-24 10:16:36.712 W/auditd  (375): type=1325 audit(0.0:224): table=filter family=2 entries=97
07-24 10:16:37.358 W/auditd  (375): type=1325 audit(0.0:241): table=filter family=10 entries=102
07-24 10:16:37.358 W/auditd  (375): type=1320 audit(0.0:241): 
07-24 10:16:37.412 W/auditd  (375): type=1325 audit(0.0:242): table=filter family=2 entries=97
07-24 10:16:37.412 W/auditd  (375): type=1320 audit(0.0:242): 
07-24 10:16:37.455 W/auditd  (375): type=1325 audit(0.0:243): table=filter family=10 entries=100
07-24 10:16:37.455 W/auditd  (375): type=1320 audit(0.0:243): 
07-24 10:16:37.565 W/auditd  (375): type=1325 audit(0.0:244): table=filter family=2 entries=95
07-24 10:16:37.565 W/auditd  (375): type=1320 audit(0.0:244): 
07-24 10:16:37.588 W/auditd  (375): type=1325 audit(0.0:245): table=filter family=10 entries=98
07-24 10:16:37.588 W/auditd  (375): type=1320 audit(0.0:245): 
07-24 10:16:37.615 W/auditd  (375): type=1325 audit(0.0:246): table=filter family=2 entries=97
07-24 10:16:37.615 W/auditd  (375): type=1320 audit(0.0:246): 
07-24 10:16:37.638 W/auditd  (375): type=1325 audit(0.0:247): table=filter family=10 entries=100
07-24 10:16:37.638 W/auditd  (375): type=1320 audit(0.0:247): 
07-24 10:16:37.715 W/auditd  (375): type=1325 audit(0.0:248): table=filter family=2 entries=98
07-24 10:16:37.715 W/auditd  (375): type=1320 audit(0.0:248): 
07-24 10:16:37.738 W/auditd  (375): type=1325 audit(0.0:249): table=filter family=10 entries=101
07-24 10:16:37.738 W/auditd  (375): type=1320 audit(0.0:249): 
07-24 10:16:37.815 W/auditd  (375): type=1325 audit(0.0:250): table=filter family=2 entries=99
07-24 10:16:37.815 W/auditd  (375): type=1320 audit(0.0:250): 
07-24 10:16:38.095 E/NetdConnector(868): NDC Command {60 bandwidth setiquota rmnet0 9223372036854775807} took too long (630ms)
07-24 10:16:43.859 E/QCOM PowerHAL(868): Failed to acquire lock.
07-24 10:16:43.943 E/QCOM PowerHAL(868): Failed to acquire lock.
07-24 10:16:44.038 E/QCOM PowerHAL(868): Failed to acquire lock.
07-24 10:16:44.568 W/OpenGLRenderer(2274): Incorrectly called buildLayer on View: ShortcutAndWidgetContainer, destroying layer...
07-24 10:16:45.464 E/QCOM PowerHAL(868): Failed to acquire lock.
07-24 10:16:45.579 E/QCOM PowerHAL(868): Failed to acquire lock.
07-24 10:16:46.024 E/QCOM PowerHAL(868): Failed to acquire lock.
07-24 10:16:46.090 W/msm8974_platform(440): Codec backend bitwidth 16, samplerate 48000
07-24 10:16:46.094 E/QCOM PowerHAL(868): Failed to acquire lock.
07-24 10:16:46.105 E/ActivityManager(868): applyOptionsLocked: Unknown animationType=0
07-24 10:16:46.234 E/NetlinkEvent(454): NetlinkEvent::FindParam(): Parameter 'TIME_NS' not found
07-24 10:16:46.234 E/NetlinkEvent(454): NetlinkEvent::FindParam(): Parameter 'UID' not found
07-24 10:16:46.294 W/ProcStatsManager(2524): No process com.android.providers.calendar/10006 for service com.android.providers.calendar.EmptyService
07-24 10:16:46.295 W/ProcStatsManager(2524): No process com.android.providers.calendar/10006 for service com.android.providers.calendar.CalendarProviderIntentService
07-24 10:16:46.295 W/ProcStatsManager(2524): No process android.process.media/10012 for service com.android.providers.media.MediaScannerService
07-24 10:16:46.295 W/ProcStatsManager(2524): No process com.android.messaging/10061 for service com.android.messaging.datamodel.action.BackgroundWorkerService
07-24 10:16:46.295 W/ProcStatsManager(2524): No process com.android.messaging/10061 for service com.android.messaging.datamodel.action.ActionServiceImpl
07-24 10:16:46.295 W/ProcStatsManager(2524): No process com.android.defcontainer/10008 for service com.android.defcontainer.DefaultContainerService
07-24 10:16:46.295 W/ProcStatsManager(2524): No process com.android.carrierconfig/10005 for service com.android.carrierconfig.DefaultCarrierConfigService
07-24 10:16:46.295 W/ProcStatsManager(2524): No process com.android.printspooler/10056 for service com.android.printspooler.model.PrintSpoolerService
07-24 10:16:46.295 W/ProcStatsManager(2524): No process com.android.cellbroadcastreceiver/10007 for service com.android.cellbroadcastreceiver.CellBroadcastConfigService
07-24 10:16:46.295 W/ProcStatsManager(2524): No process com.android.onetimeinitializer/10019 for service com.android.onetimeinitializer.OneTimeInitializerService
07-24 10:16:46.295 W/ProcStatsManager(2524): No process com.android.keychain/1000 for service com.android.keychain.KeyChainService
07-24 10:16:46.295 W/ProcStatsManager(2524): No process com.android.dialer/10017 for service com.android.dialer.calllog.CallLogNotificationsService
07-24 10:16:46.295 W/ProcStatsManager(2524): No process org.lineageos.updater/10004 for service com.cyanogenmod.updater.service.UpdateCheckService
07-24 10:16:46.295 W/ProcStatsManager(2524): No process com.android.exchange/10046 for service com.android.exchange.service.EasService
07-24 10:16:46.295 W/ProcStatsManager(2524): No process com.android.bluetooth/1002 for service com.android.bluetooth.btservice.AdapterService
07-24 10:16:46.369 W/TileUtils(2524): Found com.android.systemui.tuner.TunerActivity for intent Intent { act=com.android.settings.action.EXTRA_SETTINGS } missing metadata 
07-24 10:16:46.426 E/wifi    (868): wifi_get_supported_feature_set returned error = 0xffffffa1
07-24 10:16:46.427 E/BatteryStatsService(868): no controller energy info supplied
07-24 10:16:46.428 E/BatteryStatsService(868): no controller energy info supplied
07-24 10:16:46.440 E/BatteryStatsService(868): modem info is invalid: ModemActivityInfo{ mTimestamp=0 mSleepTimeMs=0 mIdleTimeMs=0 mTxTimeMs[]=[0, 0, 0, 0, 0] mRxTimeMs=0 mEnergyUsed=0}
07-24 10:16:46.555 E/QCOM PowerHAL(868): Failed to acquire lock.
07-24 10:16:47.441 E/QCOM PowerHAL(868): Failed to acquire lock.
07-24 10:16:47.703 E/QCOM PowerHAL(868): Failed to acquire lock.
07-24 10:16:48.162 E/QCOM PowerHAL(868): Failed to acquire lock.
07-24 10:16:48.623 E/QCOM PowerHAL(868): Failed to acquire lock.
07-24 10:16:48.811 W/TileUtils(2524): Found com.android.systemui.tuner.TunerActivity for intent Intent { act=com.android.settings.action.EXTRA_SETTINGS } missing metadata 
07-24 10:16:49.095 E/QCOM PowerHAL(868): Failed to acquire lock.
07-24 10:16:49.258 E/cutils-trace(3025): Error opening trace file: Permission denied (13)
07-24 10:16:49.333 E/NetlinkEvent(454): NetlinkEvent::FindParam(): Parameter 'TIME_NS' not found
07-24 10:16:49.333 E/NetlinkEvent(454): NetlinkEvent::FindParam(): Parameter 'UID' not found
07-24 10:16:49.429 E/cutils-trace(3028): Error opening trace file: Permission denied (13)
07-24 10:16:49.430 E/patchoat(3028): Failed to open output oat file /data/dalvik-cache/arm/system@framework@am.jar@classes.dex: Permission denied(13)
07-24 10:16:49.433 W/art     (3025): Failed execv(/system/bin/patchoat --instruction-set=arm --input-oat-file=/system/framework/oat/arm/am.odex --output-oat-file=/data/dalvik-cache/arm/system@framework@am.jar@classes.dex --patched-image-location=/system/framework/boot.art) because non-0 exit status
07-24 10:16:49.515 E/ActivityManager(868): Sending non-protected broadcast com.sec.intent.action.GRIPSENSOR_CP from system uid 1001 pkg null
07-24 10:16:49.515 E/ActivityManager(868): java.lang.Throwable
07-24 10:16:49.515 E/ActivityManager(868): 	at com.android.server.am.ActivityManagerService.checkBroadcastFromSystem(ActivityManagerService.java:18125)
07-24 10:16:49.515 E/ActivityManager(868): 	at com.android.server.am.ActivityManagerService.broadcastIntentLocked(ActivityManagerService.java:18709)
07-24 10:16:49.515 E/ActivityManager(868): 	at com.android.server.am.ActivityManagerService.broadcastIntent(ActivityManagerService.java:18800)
07-24 10:16:49.515 E/ActivityManager(868): 	at android.app.ActivityManagerNative.onTransact(ActivityManagerNative.java:499)
07-24 10:16:49.515 E/ActivityManager(868): 	at com.android.server.am.ActivityManagerService.onTransact(ActivityManagerService.java:2980)
07-24 10:16:49.515 E/ActivityManager(868): 	at android.os.Binder.execTransact(Binder.java:565)
07-24 10:16:50.790 E/QCOM PowerHAL(868): Failed to acquire lock.
07-24 10:16:50.985 W/TileUtils(2524): Found com.android.systemui.tuner.TunerActivity for intent Intent { act=com.android.settings.action.EXTRA_SETTINGS } missing metadata 
07-24 10:16:51.590 E/QCOM PowerHAL(868): Failed to acquire lock.
07-24 10:16:51.735 W/TileUtils(2524): Found com.android.systemui.tuner.TunerActivity for intent Intent { act=com.android.settings.action.EXTRA_SETTINGS } missing metadata 
07-24 10:16:52.310 E/QCOM PowerHAL(868): Failed to acquire lock.
07-24 10:16:52.377 E/QCOM PowerHAL(868): Failed to acquire lock.
07-24 10:16:52.436 W/ActivityManager(868): Slow operation: 55ms so far, now at startProcess: returned from zygote!
07-24 10:16:52.437 W/ActivityManager(868): Slow operation: 55ms so far, now at startProcess: done updating battery stats
07-24 10:16:52.437 W/ActivityManager(868): Slow operation: 55ms so far, now at startProcess: building log message
07-24 10:16:52.437 W/ActivityManager(868): Slow operation: 56ms so far, now at startProcess: starting to update pids map
07-24 10:16:52.437 W/ActivityManager(868): Slow operation: 56ms so far, now at startProcess: done updating pids map
07-24 10:16:52.437 W/ActivityManager(868): Slow operation: 56ms so far, now at startProcess: done starting proc!
07-24 10:16:52.569 E/cutils-trace(3058): Error opening trace file: Permission denied (13)
07-24 10:16:52.570 E/patchoat(3058): Failed to open output oat file /data/dalvik-cache/arm/system@priv-app@DocumentsUI@DocumentsUI.apk@classes.dex: Permission denied(13)
07-24 10:16:52.572 W/art     (3044): Failed execv(/system/bin/patchoat --instruction-set=arm --input-oat-file=/system/priv-app/DocumentsUI/oat/arm/DocumentsUI.odex --output-oat-file=/data/dalvik-cache/arm/system@priv-app@DocumentsUI@DocumentsUI.apk@classes.dex --patched-image-location=/system/framework/boot.art) because non-0 exit status
07-24 10:16:52.575 W/System  (3044): ClassLoader referenced unknown path: /system/priv-app/DocumentsUI/lib/arm
07-24 10:16:52.722 E/cutils-trace(3076): Error opening trace file: Permission denied (13)
07-24 10:16:52.723 E/patchoat(3076): Failed to open output oat file /data/dalvik-cache/arm/system@priv-app@ExternalStorageProvider@ExternalStorageProvider.apk@classes.dex: Permission denied(13)
07-24 10:16:52.726 W/art     (3062): Failed execv(/system/bin/patchoat --instruction-set=arm --input-oat-file=/system/priv-app/ExternalStorageProvider/oat/arm/ExternalStorageProvider.odex --output-oat-file=/data/dalvik-cache/arm/system@priv-app@ExternalStorageProvider@ExternalStorageProvider.apk@classes.dex --patched-image-location=/system/framework/boot.art) because non-0 exit status
07-24 10:16:52.728 W/System  (3062): ClassLoader referenced unknown path: /system/priv-app/ExternalStorageProvider/lib/arm
07-24 10:16:52.915 E/cutils-trace(3096): Error opening trace file: Permission denied (13)
07-24 10:16:52.916 E/patchoat(3096): Failed to open output oat file /data/dalvik-cache/arm/system@priv-app@MtpDocumentsProvider@MtpDocumentsProvider.apk@classes.dex: Permission denied(13)
07-24 10:16:52.919 W/art     (3082): Failed execv(/system/bin/patchoat --instruction-set=arm --input-oat-file=/system/priv-app/MtpDocumentsProvider/oat/arm/MtpDocumentsProvider.odex --output-oat-file=/data/dalvik-cache/arm/system@priv-app@MtpDocumentsProvider@MtpDocumentsProvider.apk@classes.dex --patched-image-location=/system/framework/boot.art) because non-0 exit status
07-24 10:16:53.993 E/QCOM PowerHAL(868): Failed to acquire lock.
07-24 10:16:55.813 E/QCOM PowerHAL(868): Failed to acquire lock.
07-24 10:16:55.915 E/cutils-trace(3109): Error opening trace file: Permission denied (13)
07-24 10:16:55.926 W/ActivityManager(868): Slow operation: 52ms so far, now at startProcess: returned from zygote!
07-24 10:16:55.926 W/ActivityManager(868): Slow operation: 52ms so far, now at startProcess: done updating battery stats
07-24 10:16:55.927 W/ActivityManager(868): Slow operation: 52ms so far, now at startProcess: building log message
07-24 10:16:55.927 W/ActivityManager(868): Slow operation: 52ms so far, now at startProcess: starting to update pids map
07-24 10:16:55.927 W/ActivityManager(868): Slow operation: 52ms so far, now at startProcess: done updating pids map
07-24 10:16:55.927 W/ActivityManager(868): Slow operation: 52ms so far, now at startProcess: done starting proc!
07-24 10:16:55.960 W/System  (3112): ClassLoader referenced unknown path: /system/priv-app/PackageInstaller/lib/arm
07-24 10:16:56.149 E/cutils-trace(3130): Error opening trace file: Permission denied (13)
07-24 10:16:56.150 E/patchoat(3130): Failed to open output oat file /data/dalvik-cache/arm/system@framework@am.jar@classes.dex: Permission denied(13)
07-24 10:16:56.152 W/art     (3109): Failed execv(/system/bin/patchoat --instruction-set=arm --input-oat-file=/system/framework/oat/arm/am.odex --output-oat-file=/data/dalvik-cache/arm/system@framework@am.jar@classes.dex --patched-image-location=/system/framework/boot.art) because non-0 exit status
07-24 10:16:56.225 E/ActivityManager(868): Sending non-protected broadcast com.sec.intent.action.GRIPSENSOR_CP from system uid 1001 pkg null
07-24 10:16:56.225 E/ActivityManager(868): java.lang.Throwable
07-24 10:16:56.225 E/ActivityManager(868): 	at com.android.server.am.ActivityManagerService.checkBroadcastFromSystem(ActivityManagerService.java:18125)
07-24 10:16:56.225 E/ActivityManager(868): 	at com.android.server.am.ActivityManagerService.broadcastIntentLocked(ActivityManagerService.java:18709)
07-24 10:16:56.225 E/ActivityManager(868): 	at com.android.server.am.ActivityManagerService.broadcastIntent(ActivityManagerService.java:18800)
07-24 10:16:56.225 E/ActivityManager(868): 	at android.app.ActivityManagerNative.onTransact(ActivityManagerNative.java:499)
07-24 10:16:56.225 E/ActivityManager(868): 	at com.android.server.am.ActivityManagerService.onTransact(ActivityManagerService.java:2980)
07-24 10:16:56.225 E/ActivityManager(868): 	at android.os.Binder.execTransact(Binder.java:565)
07-24 10:16:56.815 E/QCOM PowerHAL(868): Failed to acquire lock.
07-24 10:16:56.862 W/msm8974_platform(440): Codec backend bitwidth 16, samplerate 48000
07-24 10:16:57.176 E/cutils-trace(3147): Error opening trace file: Permission denied (13)
07-24 10:16:57.500 W/PackageManager(868): Not granting permission android.permission.READ_LOGS to package com.nolanlawson.logcat (protectionLevel=50 flags=0x1808be44)
07-24 10:16:57.500 W/PackageManager(868): Unknown permission android.permission.ACCESS_SUPERUSER in package com.nolanlawson.logcat
07-24 10:16:57.585 W/BackupManagerService(868): Requested unavailable transport: com.google.android.gms/.backup.BackupTransportService
07-24 10:16:57.585 W/BackupManagerService(868): No transport
07-24 10:16:57.645 E/        (442): Couldn't opendir /data/app/vmdl2099446327.tmp: No such file or directory
07-24 10:16:57.759 E/cutils-trace(3166): Error opening trace file: Permission denied (13)
07-24 10:16:57.759 E/patchoat(3166): Failed to open output oat file /data/dalvik-cache/arm/system@priv-app@Gallery2@Gallery2.apk@classes.dex: Permission denied(13)
07-24 10:16:57.762 W/art     (3152): Failed execv(/system/bin/patchoat --instruction-set=arm --input-oat-file=/system/priv-app/Gallery2/oat/arm/Gallery2.odex --output-oat-file=/data/dalvik-cache/arm/system@priv-app@Gallery2@Gallery2.apk@classes.dex --patched-image-location=/system/framework/boot.art) because non-0 exit status
07-24 10:16:57.762 W/Searchables(868): No global search activity found
07-24 10:16:57.763 W/VoiceInteractionManagerService(868): no available voice recognition services found for user 0
07-24 10:16:59.061 E/QCOM PowerHAL(868): Failed to acquire lock.
07-24 10:16:59.407 E/NetlinkEvent(454): NetlinkEvent::FindParam(): Parameter 'TIME_NS' not found
07-24 10:16:59.407 E/NetlinkEvent(454): NetlinkEvent::FindParam(): Parameter 'UID' not found
07-24 10:17:00.782 E/QCOM PowerHAL(868): Failed to acquire lock.
07-24 10:17:00.883 E/QCOM PowerHAL(868): Failed to acquire lock.
07-24 10:17:01.018 E/QCOM PowerHAL(868): Failed to acquire lock.
07-24 10:17:01.509 W/OpenGLRenderer(2274): Incorrectly called buildLayer on View: ShortcutAndWidgetContainer, destroying layer...
07-24 10:17:01.714 E/QCOM PowerHAL(868): Failed to acquire lock.
07-24 10:17:02.841 E/QCOM PowerHAL(868): Failed to acquire lock.
07-24 10:17:02.895 E/QCOM PowerHAL(868): Failed to acquire lock.
07-24 10:17:02.960 W/ActivityManager(868): Slow operation: 54ms so far, now at startProcess: returned from zygote!
07-24 10:17:02.960 W/ActivityManager(868): Slow operation: 54ms so far, now at startProcess: done updating battery stats
07-24 10:17:02.960 W/ActivityManager(868): Slow operation: 54ms so far, now at startProcess: building log message
07-24 10:17:02.960 W/ActivityManager(868): Slow operation: 54ms so far, now at startProcess: starting to update pids map
07-24 10:17:02.960 W/ActivityManager(868): Slow operation: 55ms so far, now at startProcess: done updating pids map
07-24 10:17:02.960 W/ActivityManager(868): Slow operation: 55ms so far, now at startProcess: done starting proc!
07-24 10:17:02.990 W/System  (3183): ClassLoader referenced unknown path: /data/app/com.nolanlawson.logcat-1/lib/arm
--------- beginning of crash
07-24 10:17:03.170 F/libc    (3206): unable to stat "/proc/self/exe": No such file or directory
07-24 10:17:03.170 F/libc    (3206): Fatal signal 6 (SIGABRT), code -6 in tid 3206 (su)
07-24 10:17:03.170 W/        (362): debuggerd: handling request: pid=3206 uid=10064 gid=10064 tid=3206
07-24 10:17:03.174 F/libc    (3206): failed to resend signal during crash: Operation not permitted
07-24 10:17:03.226 E/DEBUG   (3208): unexpected waitpid response: n=3206, status=00000000
07-24 10:17:03.226 E/        (3208): debuggerd: timed out waiting for signal
07-24 10:17:03.227 W/NativeCrashListener(868): Couldn't find ProcessRecord for pid 3206
07-24 10:17:03.228 E/        (3208): AM eod write failed: Broken pipe
07-24 10:17:03.228 E/        (3208): debuggerd: ptrace detach from 3206 failed: No such process
07-24 10:17:03.228 E/        (3208): debuggerd: failed to kill process 3206: No such process
07-24 10:17:03.234 W/        (362): debuggerd: resuming target 3206
07-24 10:17:03.234 E/        (362): debuggerd: failed to send signal 18 to target: No such process
07-24 10:17:03.343 F/libc    (3213): unable to stat "/proc/self/exe": No such file or directory
07-24 10:17:03.344 F/libc    (3213): Fatal signal 6 (SIGABRT), code -6 in tid 3213 (su)
07-24 10:17:03.344 W/        (362): debuggerd: handling request: pid=3213 uid=10064 gid=10064 tid=3213
07-24 10:17:03.348 F/libc    (3213): failed to resend signal during crash: Operation not permitted
07-24 10:17:03.353 F/libc    (3216): unable to stat "/proc/self/exe": No such file or directory
07-24 10:17:03.354 F/libc    (3216): Fatal signal 6 (SIGABRT), code -6 in tid 3216 (su)
07-24 10:17:03.398 E/DEBUG   (3215): unexpected waitpid response: n=3213, status=00000000
07-24 10:17:03.398 E/        (3215): debuggerd: timed out waiting for signal
07-24 10:17:03.399 W/NativeCrashListener(868): Couldn't find ProcessRecord for pid 3213
07-24 10:17:03.399 E/        (3215): debuggerd: ptrace detach from 3213 failed: No such process
07-24 10:17:03.400 E/        (3215): debuggerd: failed to kill process 3213: No such process
07-24 10:17:03.401 W/        (362): debuggerd: resuming target 3213
07-24 10:17:03.401 E/        (362): debuggerd: failed to send signal 18 to target: No such process
07-24 10:17:03.402 W/        (362): debuggerd: handling request: pid=3216 uid=10064 gid=10064 tid=3216
07-24 10:17:03.406 F/libc    (3216): failed to resend signal during crash: Operation not permitted
07-24 10:17:03.457 E/DEBUG   (3218): unexpected waitpid response: n=3216, status=00000000
07-24 10:17:03.457 E/        (3218): debuggerd: timed out waiting for signal
07-24 10:17:03.458 W/NativeCrashListener(868): Couldn't find ProcessRecord for pid 3216
07-24 10:17:03.458 E/        (3218): AM eod write failed: Broken pipe
07-24 10:17:03.458 E/        (3218): debuggerd: ptrace detach from 3216 failed: No such process
07-24 10:17:03.459 E/        (3218): debuggerd: failed to kill process 3216: No such process
07-24 10:17:03.460 W/        (362): debuggerd: resuming target 3216
07-24 10:17:03.460 E/        (362): debuggerd: failed to send signal 18 to target: No such process
07-24 10:17:03.462 F/libc    (3219): unable to stat "/proc/self/exe": No such file or directory
07-24 10:17:03.463 F/libc    (3219): Fatal signal 6 (SIGABRT), code -6 in tid 3219 (su)
07-24 10:17:03.465 W/        (362): debuggerd: handling request: pid=3219 uid=10064 gid=10064 tid=3219
07-24 10:17:03.479 F/libc    (3219): failed to resend signal during crash: Operation not permitted
07-24 10:17:03.537 E/DEBUG   (3220): unexpected waitpid response: n=3219, status=00000000
07-24 10:17:03.537 E/        (3220): debuggerd: timed out waiting for signal
07-24 10:17:03.539 W/NativeCrashListener(868): Couldn't find ProcessRecord for pid 3219
07-24 10:17:03.539 E/        (3220): AM eod write failed: Broken pipe
07-24 10:17:03.539 E/        (3220): debuggerd: ptrace detach from 3219 failed: No such process
07-24 10:17:03.540 E/        (3220): debuggerd: failed to kill process 3219: No such process
07-24 10:17:03.541 W/        (362): debuggerd: resuming target 3219
07-24 10:17:03.541 E/        (362): debuggerd: failed to send signal 18 to target: No such process
07-24 10:17:03.555 F/libc    (3221): unable to stat "/proc/self/exe": No such file or directory
07-24 10:17:03.556 F/libc    (3221): Fatal signal 6 (SIGABRT), code -6 in tid 3221 (su)
07-24 10:17:03.556 W/        (362): debuggerd: handling request: pid=3221 uid=10064 gid=10064 tid=3221
07-24 10:17:03.563 F/libc    (3221): failed to resend signal during crash: Operation not permitted
07-24 10:17:03.568 F/libc    (3223): unable to stat "/proc/self/exe": No such file or directory
07-24 10:17:03.568 F/libc    (3223): Fatal signal 6 (SIGABRT), code -6 in tid 3223 (su)
07-24 10:17:03.613 E/DEBUG   (3222): unexpected waitpid response: n=3221, status=00000000
07-24 10:17:03.613 E/        (3222): debuggerd: timed out waiting for signal
07-24 10:17:03.613 W/NativeCrashListener(868): Couldn't find ProcessRecord for pid 3221
07-24 10:17:03.614 E/        (3222): debuggerd: ptrace detach from 3221 failed: No such process
07-24 10:17:03.615 W/        (362): debuggerd: resuming target 3221
07-24 10:17:03.615 E/        (362): debuggerd: failed to send signal 18 to target: No such process
07-24 10:17:03.615 W/        (362): debuggerd: handling request: pid=3223 uid=10064 gid=10064 tid=3223
07-24 10:17:03.619 F/libc    (3223): failed to resend signal during crash: Operation not permitted
07-24 10:17:03.673 E/DEBUG   (3224): unexpected waitpid response: n=3223, status=00000000
07-24 10:17:03.673 E/        (3224): debuggerd: timed out waiting for signal
07-24 10:17:03.674 W/NativeCrashListener(868): Couldn't find ProcessRecord for pid 3223
07-24 10:17:03.674 E/        (3224): AM eod write failed: Broken pipe
07-24 10:17:03.674 E/        (3224): debuggerd: ptrace detach from 3223 failed: No such process
07-24 10:17:03.674 E/        (3224): debuggerd: failed to kill process 3223: No such process
07-24 10:17:03.676 W/        (362): debuggerd: resuming target 3223
07-24 10:17:03.676 E/        (362): debuggerd: failed to send signal 18 to target: No such process
07-24 10:17:03.677 E/QCOM PowerHAL(868): Failed to acquire lock.
07-24 10:17:03.679 F/libc    (3225): unable to stat "/proc/self/exe": No such file or directory
07-24 10:17:03.681 F/libc    (3225): Fatal signal 6 (SIGABRT), code -6 in tid 3225 (su)
07-24 10:17:03.682 W/        (362): debuggerd: handling request: pid=3225 uid=10064 gid=10064 tid=3225
07-24 10:17:03.692 F/libc    (3225): failed to resend signal during crash: Operation not permitted
07-24 10:17:03.744 E/DEBUG   (3226): unexpected waitpid response: n=3225, status=00000000
07-24 10:17:03.744 E/        (3226): debuggerd: timed out waiting for signal
07-24 10:17:03.745 W/NativeCrashListener(868): Couldn't find ProcessRecord for pid 3225
07-24 10:17:03.746 E/        (3226): AM eod write failed: Broken pipe
07-24 10:17:03.746 E/        (3226): debuggerd: ptrace detach from 3225 failed: No such process
07-24 10:17:03.746 E/        (3226): debuggerd: failed to kill process 3225: No such process
07-24 10:17:03.749 W/        (362): debuggerd: resuming target 3225
07-24 10:17:03.749 E/        (362): debuggerd: failed to send signal 18 to target: No such process
07-24 10:17:04.646 E/QCOM PowerHAL(868): Failed to acquire lock.
07-24 10:17:04.724 W/InputMethodManagerService(868): Window already focused, ignoring focus gain of: com.android.internal.view.IInputMethodClient$Stub$Proxy@871f3a9 attribute=null, token = android.os.BinderProxy@f8b2aa6
07-24 10:17:05.925 E/QCOM PowerHAL(868): Failed to acquire lock.
07-24 10:17:06.026 E/QCOM PowerHAL(868): Failed to acquire lock.
07-24 10:17:06.097 W/ConnectivityExtension(868): ConnectivityExt jar file not present
07-24 10:17:06.128 W/auditd  (375): type=1325 audit(0.0:256): table=mangle family=2 entries=27
07-24 10:17:06.128 W/auditd  (375): type=1320 audit(0.0:256): 
07-24 10:17:06.130 E/NetlinkEvent(454): NetlinkEvent::FindParam(): Parameter 'TIME_NS' not found
07-24 10:17:06.130 E/NetlinkEvent(454): NetlinkEvent::FindParam(): Parameter 'UID' not found
07-24 10:17:06.148 W/auditd  (375): type=1325 audit(0.0:257): table=mangle family=10 entries=26
07-24 10:17:06.148 W/auditd  (375): type=1320 audit(0.0:257): 
07-24 10:17:06.195 E/Netd    (454): netlink response contains error (No such file or directory)
07-24 10:17:06.299 E/QCOM PowerHAL(868): Failed to acquire lock.
07-24 10:17:06.534 W/InputMethodManagerService(868): Window already focused, ignoring focus gain of: com.android.internal.view.IInputMethodClient$Stub$Proxy@6f36ee1 attribute=null, token = android.os.BinderProxy@f8b2aa6
07-24 10:17:06.601 E/QCOM PowerHAL(868): Failed to acquire lock.
07-24 10:17:06.615 W/rild    (887): type=1400 audit(0.0:258): avc: denied { write } for name="data" dev="mmcblk0p26" ino=114241 scontext=u:r:rild:s0 tcontext=u:object_r:system_data_file:s0 tclass=dir permissive=0
07-24 10:17:06.615 W/rild    (887): type=1300 audit(0.0:258): arch=40000028 syscall=322 per=800008 success=no exit=-13 a0=ffffff9c a1=b6773c52 a2=20241 a3=1b6 items=1 ppid=1 ppcomm=init auid=4294967295 uid=1001 gid=1001 euid=1001 suid=1001 fsuid=1001 egid=1001 sgid=1001 fsgid=1001 tty=(none) ses=4294967295 exe="/system/bin/rild" subj=u:r:rild:s0 key=(null)
07-24 10:17:06.615 W/auditd  (375): type=1307 audit(0.0:258): cwd="/"
07-24 10:17:06.615 W/auditd  (375): type=1302 audit(0.0:258): item=0 name="/data/data/data_usage_rx" inode=114241 dev=b3:1a mode=040771 ouid=1000 ogid=1000 rdev=00:00 obj=u:object_r:system_data_file:s0
07-24 10:17:06.615 W/auditd  (375): type=1320 audit(0.0:258): 
07-24 10:17:06.615 W/rild    (887): type=1400 audit(0.0:259): avc: denied { write } for name="data" dev="mmcblk0p26" ino=114241 scontext=u:r:rild:s0 tcontext=u:object_r:system_data_file:s0 tclass=dir permissive=0
07-24 10:17:06.615 W/rild    (887): type=1300 audit(0.0:259): arch=40000028 syscall=322 per=800008 success=no exit=-13 a0=ffffff9c a1=b677399f a2=20241 a3=1b6 items=1 ppid=1 ppcomm=init auid=4294967295 uid=1001 gid=1001 euid=1001 suid=1001 fsuid=1001 egid=1001 sgid=1001 fsgid=1001 tty=(none) ses=4294967295 exe="/system/bin/rild" subj=u:r:rild:s0 key=(null)
07-24 10:17:06.615 W/auditd  (375): type=1307 audit(0.0:259): cwd="/"
07-24 10:17:06.615 W/auditd  (375): type=1302 audit(0.0:259): item=0 name="/data/data/data_usage_tx" inode=114241 dev=b3:1a mode=040771 ouid=1000 ogid=1000 rdev=00:00 obj=u:object_r:system_data_file:s0
07-24 10:17:06.615 W/auditd  (375): type=1320 audit(0.0:259): 
07-24 10:17:06.764 W/WindowManager(868): Attempted to remove non-existing token: android.os.Binder@a387083
07-24 10:17:06.892 E/QCOM PowerHAL(868): Failed to acquire lock.
07-24 10:17:07.282 E/cutils-trace(3232): Error opening trace file: Permission denied (13)
07-24 10:17:07.302 E/QCOM PowerHAL(868): Failed to acquire lock.
07-24 10:17:07.444 E/cutils-trace(3237): Error opening trace file: Permission denied (13)
07-24 10:17:07.445 E/patchoat(3237): Failed to open output oat file /data/dalvik-cache/arm/system@framework@am.jar@classes.dex: Permission denied(13)
07-24 10:17:07.447 W/art     (3232): Failed execv(/system/bin/patchoat --instruction-set=arm --input-oat-file=/system/framework/oat/arm/am.odex --output-oat-file=/data/dalvik-cache/arm/system@framework@am.jar@classes.dex --patched-image-location=/system/framework/boot.art) because non-0 exit status
07-24 10:17:07.468 E/QCOM PowerHAL(868): Failed to acquire lock.
07-24 10:17:07.476 E/ActivityManager(868): applyOptionsLocked: Unknown animationType=0
07-24 10:17:07.577 E/ActivityManager(868): Sending non-protected broadcast com.sec.intent.action.GRIPSENSOR_CP from system uid 1001 pkg null
07-24 10:17:07.577 E/ActivityManager(868): java.lang.Throwable
07-24 10:17:07.577 E/ActivityManager(868): 	at com.android.server.am.ActivityManagerService.checkBroadcastFromSystem(ActivityManagerService.java:18125)
07-24 10:17:07.577 E/ActivityManager(868): 	at com.android.server.am.ActivityManagerService.broadcastIntentLocked(ActivityManagerService.java:18709)
07-24 10:17:07.577 E/ActivityManager(868): 	at com.android.server.am.ActivityManagerService.broadcastIntent(ActivityManagerService.java:18800)
07-24 10:17:07.577 E/ActivityManager(868): 	at android.app.ActivityManagerNative.onTransact(ActivityManagerNative.java:499)
07-24 10:17:07.577 E/ActivityManager(868): 	at com.android.server.am.ActivityManagerService.onTransact(ActivityManagerService.java:2980)
07-24 10:17:07.577 E/ActivityManager(868): 	at android.os.Binder.execTransact(Binder.java:565)
07-24 10:17:07.599 W/ProcStatsManager(2524): No process com.android.providers.calendar/10006 for service com.android.providers.calendar.EmptyService
07-24 10:17:07.599 W/ProcStatsManager(2524): No process com.android.providers.calendar/10006 for service com.android.providers.calendar.CalendarProviderIntentService
07-24 10:17:07.599 W/ProcStatsManager(2524): No process android.process.media/10012 for service com.android.providers.media.MediaScannerService
07-24 10:17:07.599 W/ProcStatsManager(2524): No process com.android.messaging/10061 for service com.android.messaging.datamodel.action.BackgroundWorkerService
07-24 10:17:07.599 W/ProcStatsManager(2524): No process com.android.messaging/10061 for service com.android.messaging.datamodel.action.ActionServiceImpl
07-24 10:17:07.599 W/ProcStatsManager(2524): No process com.android.defcontainer/10008 for service com.android.defcontainer.DefaultContainerService
07-24 10:17:07.599 W/ProcStatsManager(2524): No process com.android.carrierconfig/10005 for service com.android.carrierconfig.DefaultCarrierConfigService
07-24 10:17:07.599 W/ProcStatsManager(2524): No process com.android.printspooler/10056 for service com.android.printspooler.model.PrintSpoolerService
07-24 10:17:07.599 W/ProcStatsManager(2524): No process com.android.cellbroadcastreceiver/10007 for service com.android.cellbroadcastreceiver.CellBroadcastConfigService
07-24 10:17:07.600 W/ProcStatsManager(2524): No process com.android.onetimeinitializer/10019 for service com.android.onetimeinitializer.OneTimeInitializerService
07-24 10:17:07.600 W/ProcStatsManager(2524): No process com.android.keychain/1000 for service com.android.keychain.KeyChainService
07-24 10:17:07.600 W/ProcStatsManager(2524): No process com.android.dialer/10017 for service com.android.dialer.calllog.CallLogNotificationsService
07-24 10:17:07.600 W/ProcStatsManager(2524): No process com.android.gallery3d/10021 for service com.android.gallery3d.app.PackagesMonitor$AsyncService
07-24 10:17:07.600 W/ProcStatsManager(2524): No process org.lineageos.updater/10004 for service com.cyanogenmod.updater.service.UpdateCheckService
07-24 10:17:07.600 W/ProcStatsManager(2524): No process com.android.exchange/10046 for service com.android.exchange.service.EasService
07-24 10:17:07.600 W/ProcStatsManager(2524): No process com.android.bluetooth/1002 for service com.android.bluetooth.btservice.AdapterService
07-24 10:17:07.619 E/QCOM PowerHAL(868): Failed to acquire lock.
07-24 10:17:07.659 W/TileUtils(2524): Found com.android.systemui.tuner.TunerActivity for intent Intent { act=com.android.settings.action.EXTRA_SETTINGS } missing metadata 
07-24 10:17:07.741 E/wifi    (868): wifi_get_supported_feature_set returned error = 0xffffffa1
07-24 10:17:07.742 E/BatteryStatsService(868): no controller energy info supplied
07-24 10:17:07.742 E/BatteryStatsService(868): no controller energy info supplied
07-24 10:17:07.757 E/BatteryStatsService(868): modem info is invalid: ModemActivityInfo{ mTimestamp=0 mSleepTimeMs=0 mIdleTimeMs=0 mTxTimeMs[]=[0, 0, 0, 0, 0] mRxTimeMs=0 mEnergyUsed=0}
07-24 10:17:07.945 W/TileUtils(2524): Found com.android.systemui.tuner.TunerActivity for intent Intent { act=com.android.settings.action.EXTRA_SETTINGS } missing metadata 
07-24 10:17:07.962 W/Searchables(868): No global search activity found
07-24 10:17:08.501 E/QCOM PowerHAL(868): Failed to acquire lock.
07-24 10:17:08.572 E/QCOM PowerHAL(868): Failed to acquire lock.
07-24 10:17:09.104 E/QCOM PowerHAL(868): Failed to acquire lock.
07-24 10:17:09.351 W/TileUtils(2524): Found com.android.systemui.tuner.TunerActivity for intent Intent { act=com.android.settings.action.EXTRA_SETTINGS } missing metadata 
07-24 10:17:09.492 E/cutils-trace(3251): Error opening trace file: Permission denied (13)
07-24 10:17:09.691 E/cutils-trace(3255): Error opening trace file: Permission denied (13)
07-24 10:17:09.692 E/patchoat(3255): Failed to open output oat file /data/dalvik-cache/arm/system@framework@am.jar@classes.dex: Permission denied(13)
07-24 10:17:09.695 W/art     (3251): Failed execv(/system/bin/patchoat --instruction-set=arm --input-oat-file=/system/framework/oat/arm/am.odex --output-oat-file=/data/dalvik-cache/arm/system@framework@am.jar@classes.dex --patched-image-location=/system/framework/boot.art) because non-0 exit status
07-24 10:17:09.766 E/ActivityManager(868): Sending non-protected broadcast com.sec.intent.action.GRIPSENSOR_CP from system uid 1001 pkg null
07-24 10:17:09.766 E/ActivityManager(868): java.lang.Throwable
07-24 10:17:09.766 E/ActivityManager(868): 	at com.android.server.am.ActivityManagerService.checkBroadcastFromSystem(ActivityManagerService.java:18125)
07-24 10:17:09.766 E/ActivityManager(868): 	at com.android.server.am.ActivityManagerService.broadcastIntentLocked(ActivityManagerService.java:18709)
07-24 10:17:09.766 E/ActivityManager(868): 	at com.android.server.am.ActivityManagerService.broadcastIntent(ActivityManagerService.java:18800)
07-24 10:17:09.766 E/ActivityManager(868): 	at android.app.ActivityManagerNative.onTransact(ActivityManagerNative.java:499)
07-24 10:17:09.766 E/ActivityManager(868): 	at com.android.server.am.ActivityManagerService.onTransact(ActivityManagerService.java:2980)
07-24 10:17:09.766 E/ActivityManager(868): 	at android.os.Binder.execTransact(Binder.java:565)
07-24 10:17:09.921 E/QCOM PowerHAL(868): Failed to acquire lock.
07-24 10:17:09.986 E/QCOM PowerHAL(868): Failed to acquire lock.
07-24 10:17:10.611 E/QCOM PowerHAL(868): Failed to acquire lock.
07-24 10:17:10.945 E/QCOM PowerHAL(868): Failed to acquire lock.
07-24 10:17:11.163 W/WindowManager(868): Attempted to remove non-existing token: android.os.Binder@5c42ae
07-24 10:17:11.262 E/QCOM PowerHAL(868): Failed to acquire lock.
07-24 10:17:11.325 W/WindowManager(868): Attempted to remove non-existing token: android.os.Binder@fd56a6b
07-24 10:17:11.575 W/WindowManager(868): Attempted to remove non-existing token: android.os.Binder@bde4247
07-24 10:17:11.612 E/QCOM PowerHAL(868): Failed to acquire lock.
07-24 10:17:11.742 W/TileUtils(2524): Found com.android.systemui.tuner.TunerActivity for intent Intent { act=com.android.settings.action.EXTRA_SETTINGS } missing metadata 
07-24 10:17:11.761 W/WindowManager(868): Attempted to remove non-existing token: android.os.Binder@2b2bbe3
07-24 10:17:12.633 E/QCOM PowerHAL(868): Failed to acquire lock.
07-24 10:17:12.765 W/ProcStatsManager(2524): No process com.android.providers.calendar/10006 for service com.android.providers.calendar.EmptyService
07-24 10:17:12.765 W/ProcStatsManager(2524): No process com.android.providers.calendar/10006 for service com.android.providers.calendar.CalendarProviderIntentService
07-24 10:17:12.765 W/ProcStatsManager(2524): No process android.process.media/10012 for service com.android.providers.media.MediaScannerService
07-24 10:17:12.765 W/ProcStatsManager(2524): No process com.android.messaging/10061 for service com.android.messaging.datamodel.action.BackgroundWorkerService
07-24 10:17:12.765 W/ProcStatsManager(2524): No process com.android.messaging/10061 for service com.android.messaging.datamodel.action.ActionServiceImpl
07-24 10:17:12.765 W/ProcStatsManager(2524): No process com.android.defcontainer/10008 for service com.android.defcontainer.DefaultContainerService
07-24 10:17:12.765 W/ProcStatsManager(2524): No process com.android.carrierconfig/10005 for service com.android.carrierconfig.DefaultCarrierConfigService
07-24 10:17:12.766 W/ProcStatsManager(2524): No process com.android.printspooler/10056 for service com.android.printspooler.model.PrintSpoolerService
07-24 10:17:12.766 W/ProcStatsManager(2524): No process com.android.cellbroadcastreceiver/10007 for service com.android.cellbroadcastreceiver.CellBroadcastConfigService
07-24 10:17:12.766 W/ProcStatsManager(2524): No process com.android.onetimeinitializer/10019 for service com.android.onetimeinitializer.OneTimeInitializerService
07-24 10:17:12.766 W/ProcStatsManager(2524): No process com.android.keychain/1000 for service com.android.keychain.KeyChainService
07-24 10:17:12.766 W/ProcStatsManager(2524): No process com.android.dialer/10017 for service com.android.dialer.calllog.CallLogNotificationsService
07-24 10:17:12.766 W/ProcStatsManager(2524): No process com.android.gallery3d/10021 for service com.android.gallery3d.app.PackagesMonitor$AsyncService
07-24 10:17:12.766 W/ProcStatsManager(2524): No process org.lineageos.updater/10004 for service com.cyanogenmod.updater.service.UpdateCheckService
07-24 10:17:12.766 W/ProcStatsManager(2524): No process com.android.exchange/10046 for service com.android.exchange.service.EasService
07-24 10:17:12.767 W/ProcStatsManager(2524): No process com.android.bluetooth/1002 for service com.android.bluetooth.btservice.AdapterService
07-24 10:17:12.803 W/TileUtils(2524): Found com.android.systemui.tuner.TunerActivity for intent Intent { act=com.android.settings.action.EXTRA_SETTINGS } missing metadata 
07-24 10:17:12.893 E/wifi    (868): wifi_get_supported_feature_set returned error = 0xffffffa1
07-24 10:17:12.895 E/BatteryStatsService(868): no controller energy info supplied
07-24 10:17:12.895 E/BatteryStatsService(868): no controller energy info supplied
07-24 10:17:12.909 E/BatteryStatsService(868): modem info is invalid: ModemActivityInfo{ mTimestamp=0 mSleepTimeMs=0 mIdleTimeMs=0 mTxTimeMs[]=[0, 0, 0, 0, 0] mRxTimeMs=0 mEnergyUsed=0}
07-24 10:17:12.969 E/BatteryStatsService(868): power: Missing API
07-24 10:17:12.970 E/wifi    (868): wifi_get_supported_feature_set returned error = 0xffffffa1
07-24 10:17:12.971 E/BatteryStatsService(868): no controller energy info supplied
07-24 10:17:12.971 E/BatteryStatsService(868): no controller energy info supplied
07-24 10:17:13.000 E/BatteryStatsService(868): modem info is invalid: ModemActivityInfo{ mTimestamp=0 mSleepTimeMs=0 mIdleTimeMs=0 mTxTimeMs[]=[0, 0, 0, 0, 0] mRxTimeMs=0 mEnergyUsed=0}
07-24 10:17:13.493 E/QCOM PowerHAL(868): Failed to acquire lock.
07-24 10:17:13.752 E/QCOM PowerHAL(868): Failed to acquire lock.
07-24 10:17:14.047 E/QCOM PowerHAL(868): Failed to acquire lock.
07-24 10:17:14.167 E/UserRestrictionsUtils(868): Unknown restriction: null
07-24 10:17:14.169 E/UserRestrictionsUtils(868): Unknown restriction: null
07-24 10:17:14.266 W/Settings(2524): Setting bugreport_in_power_menu has moved from android.provider.Settings.Secure to android.provider.Settings.Global.
07-24 10:17:14.302 W/Settings(2524): Setting bugreport_in_power_menu has moved from android.provider.Settings.Secure to android.provider.Settings.Global.
07-24 10:17:14.355 W/TileUtils(2524): Found com.android.systemui.tuner.TunerActivity for intent Intent { act=com.android.settings.action.EXTRA_SETTINGS } missing metadata 
07-24 10:17:14.599 E/SELinux (388): avc:  denied  { find } for service=netd pid=2524 uid=1000 scontext=u:r:system_app:s0 tcontext=u:object_r:netd_service:s0 tclass=service_manager permissive=0
07-24 10:17:15.282 W/WindowManager(868): Attempted to remove non-existing token: android.os.Binder@cb333f
07-24 10:17:15.524 E/QCOM PowerHAL(868): Failed to acquire lock.
07-24 10:17:15.638 E/QCOM PowerHAL(868): Failed to acquire lock.
07-24 10:17:16.153 E/NetlinkEvent(454): NetlinkEvent::FindParam(): Parameter 'TIME_NS' not found
07-24 10:17:16.153 E/NetlinkEvent(454): NetlinkEvent::FindParam(): Parameter 'UID' not found
07-24 10:17:16.593 E/QCOM PowerHAL(868): Failed to acquire lock.
07-24 10:17:17.721 E/QCOM PowerHAL(868): Failed to acquire lock.
07-24 10:17:17.861 W/InputMethodManagerService(868): Window already focused, ignoring focus gain of: com.android.internal.view.IInputMethodClient$Stub$Proxy@9eea0b attribute=null, token = android.os.BinderProxy@502c391
07-24 10:17:18.536 E/QCOM PowerHAL(868): Failed to acquire lock.
07-24 10:17:18.613 W/InputMethodManagerService(868): Window already focused, ignoring focus gain of: com.android.internal.view.IInputMethodClient$Stub$Proxy@29eb5a6 attribute=null, token = android.os.BinderProxy@502c391
07-24 10:17:19.171 E/QCOM PowerHAL(868): Failed to acquire lock.
07-24 10:17:19.241 E/QCOM PowerHAL(868): Failed to acquire lock.
07-24 10:17:19.642 E/QCOM PowerHAL(868): Failed to acquire lock.
07-24 10:17:19.872 W/OpenGLRenderer(2274): Incorrectly called buildLayer on View: ShortcutAndWidgetContainer, destroying layer...
07-24 10:17:20.065 E/QCOM PowerHAL(868): Failed to acquire lock.
07-24 10:17:20.893 E/QCOM PowerHAL(868): Failed to acquire lock.
07-24 10:17:21.145 E/QCOM PowerHAL(868): Failed to acquire lock.
07-24 10:17:21.747 W/ResourceType(868): No known package when getting value for resource number 0x7f020116
07-24 10:17:21.747 W/ResourceType(868): No known package when getting value for resource number 0x7f0c0509
07-24 10:17:21.750 W/ResourceType(868): No known package when getting value for resource number 0x7f020115
07-24 10:17:21.750 W/ResourceType(868): No known package when getting value for resource number 0x7f0c0a9a
07-24 10:17:21.750 W/ResourceType(868): No known package when getting value for resource number 0x7f020114
07-24 10:17:21.750 W/ResourceType(868): No known package when getting value for resource number 0x7f0c0954
07-24 10:17:21.775 W/Searchables(868): No global search activity found
07-24 10:17:22.686 E/QCOM PowerHAL(868): Failed to acquire lock.
07-24 10:17:22.743 E/QCOM PowerHAL(868): Failed to acquire lock.
07-24 10:17:22.878 E/QCOM PowerHAL(868): Failed to acquire lock.
07-24 10:17:24.313 E/QCOM PowerHAL(868): Failed to acquire lock.
07-24 10:17:25.276 E/QCOM PowerHAL(868): Failed to acquire lock.
07-24 10:17:25.329 E/QCOM PowerHAL(868): Failed to acquire lock.
07-24 10:17:25.455 E/su      (3304): SU from: u0_a64
07-24 10:17:25.464 E/AppOps  (868): Creating dialog box
07-24 10:17:25.730 E/QCOM PowerHAL(868): Failed to acquire lock.
07-24 10:17:34.712 E/QCOM PowerHAL(868): Failed to acquire lock.
07-24 10:17:34.798 W/msm8974_platform(440): Codec backend bitwidth 16, samplerate 48000
07-24 10:17:34.819 W/InputMethodManagerService(868): Window already focused, ignoring focus gain of: com.android.internal.view.IInputMethodClient$Stub$Proxy@ce75959 attribute=null, token = android.os.BinderProxy@af9161c
07-24 10:17:34.997 W/AppOps  (868): Finishing op nesting under-run: uid 1000 pkg android code 24 time=0 duration=0 nesting=0
07-24 10:17:35.083 W/IPCThreadState(3304): Calling IPCThreadState::self() during shutdown is dangerous, expect a crash.
07-24 10:17:35.083 W/IPCThreadState(3304): Calling IPCThreadState::self() during shutdown is dangerous, expect a crash.
07-24 10:17:35.104 E/su      (3327): SU from: u0_a64
07-24 10:17:35.106 E/AppOps  (868): Creating dialog box
07-24 10:17:36.465 E/QCOM PowerHAL(868): Failed to acquire lock.
07-24 10:17:36.586 W/InputMethodManagerService(868): Window already focused, ignoring focus gain of: com.android.internal.view.IInputMethodClient$Stub$Proxy@a844ac9 attribute=null, token = android.os.BinderProxy@af9161c
07-24 10:17:36.652 W/IPCThreadState(3327): Calling IPCThreadState::self() during shutdown is dangerous, expect a crash.
07-24 10:17:36.652 W/IPCThreadState(3327): Calling IPCThreadState::self() during shutdown is dangerous, expect a crash.
07-24 10:17:36.757 E/su      (3341): SU from: u0_a64
07-24 10:17:36.762 E/AppOps  (868): Creating dialog box
07-24 10:17:36.769 W/AppOps  (868): Finishing op nesting under-run: uid 1000 pkg android code 24 time=0 duration=0 nesting=0
07-24 10:17:37.840 E/QCOM PowerHAL(868): Failed to acquire lock.
07-24 10:17:38.411 E/QCOM PowerHAL(868): Failed to acquire lock.
07-24 10:17:38.508 W/InputMethodManagerService(868): Window already focused, ignoring focus gain of: com.android.internal.view.IInputMethodClient$Stub$Proxy@15353de attribute=null, token = android.os.BinderProxy@af9161c
