07-24 10:22:28.375 E/qdoverlay(389): Bad ov dump:  mdp_overlay z=1 fg=0 alpha=179 mask=-1 flags=0x20200 id=8
07-24 10:22:28.375 E/qdoverlay(389): src msmfb_img w=2176 h=221 format=13 MDP_RGBA_8888
07-24 10:22:28.375 E/qdoverlay(389): src_rect mdp_rect x=0 y=0 w=1547 h=221
07-24 10:22:28.375 E/qdoverlay(389): dst_rect mdp_rect x=32 y=200 w=1504 h=215
07-24 10:22:28.392 E/qdoverlay(389): Bad ov dump:  mdp_overlay z=1 fg=0 alpha=210 mask=-1 flags=0x20200 id=8
07-24 10:22:28.392 E/qdoverlay(389): src msmfb_img w=2176 h=221 format=13 MDP_RGBA_8888
07-24 10:22:28.392 E/qdoverlay(389): src_rect mdp_rect x=0 y=0 w=1542 h=221
07-24 10:22:28.392 E/qdoverlay(389): dst_rect mdp_rect x=20 y=200 w=1516 h=217
07-24 10:22:28.408 E/qdoverlay(389): Bad ov dump:  mdp_overlay z=1 fg=0 alpha=232 mask=-1 flags=0x20200 id=8
07-24 10:22:28.408 E/qdoverlay(389): src msmfb_img w=2176 h=221 format=13 MDP_RGBA_8888
07-24 10:22:28.408 E/qdoverlay(389): src_rect mdp_rect x=0 y=0 w=1538 h=221
07-24 10:22:28.408 E/qdoverlay(389): dst_rect mdp_rect x=12 y=200 w=1524 h=219
07-24 10:22:29.581 E/QCOM PowerHAL(868): Failed to acquire lock.
07-24 10:22:29.778 E/qdoverlay(389): Bad ov dump:  mdp_overlay z=1 fg=0 alpha=178 mask=-1 flags=0x20200 id=8
07-24 10:22:29.778 E/qdoverlay(389): src msmfb_img w=2176 h=89 format=13 MDP_RGBA_8888
07-24 10:22:29.778 E/qdoverlay(389): src_rect mdp_rect x=0 y=0 w=1549 h=89
07-24 10:22:29.778 E/qdoverlay(389): dst_rect mdp_rect x=38 y=200 w=1498 h=86
07-24 10:22:29.792 E/qdoverlay(389): Bad ov dump:  mdp_overlay z=1 fg=0 alpha=118 mask=-1 flags=0x20200 id=8
07-24 10:22:29.792 E/qdoverlay(389): src msmfb_img w=2176 h=89 format=13 MDP_RGBA_8888
07-24 10:22:29.792 E/qdoverlay(389): src_rect mdp_rect x=0 y=0 w=1561 h=89
07-24 10:22:29.792 E/qdoverlay(389): dst_rect mdp_rect x=64 y=200 w=1472 h=84
07-24 10:22:29.809 E/qdoverlay(389): Bad ov dump:  mdp_overlay z=1 fg=0 alpha=76 mask=-1 flags=0x20200 id=8
07-24 10:22:29.809 E/qdoverlay(389): src msmfb_img w=2176 h=89 format=13 MDP_RGBA_8888
07-24 10:22:29.809 E/qdoverlay(389): src_rect mdp_rect x=0 y=0 w=1569 h=89
07-24 10:22:29.809 E/qdoverlay(389): dst_rect mdp_rect x=81 y=200 w=1455 h=83
07-24 10:22:29.827 E/qdoverlay(389): Bad ov dump:  mdp_overlay z=1 fg=0 alpha=43 mask=-1 flags=0x20200 id=8
07-24 10:22:29.827 E/qdoverlay(389): src msmfb_img w=2176 h=89 format=13 MDP_RGBA_8888
07-24 10:22:29.827 E/qdoverlay(389): src_rect mdp_rect x=0 y=0 w=1575 h=89
07-24 10:22:29.827 E/qdoverlay(389): dst_rect mdp_rect x=93 y=200 w=1443 h=82
07-24 10:22:29.842 E/qdoverlay(389): Bad ov dump:  mdp_overlay z=1 fg=0 alpha=22 mask=-1 flags=0x20200 id=8
07-24 10:22:29.842 E/qdoverlay(389): src msmfb_img w=2176 h=89 format=13 MDP_RGBA_8888
07-24 10:22:29.842 E/qdoverlay(389): src_rect mdp_rect x=0 y=0 w=1578 h=89
07-24 10:22:29.842 E/qdoverlay(389): dst_rect mdp_rect x=101 y=200 w=1435 h=81
07-24 10:22:29.861 E/qdoverlay(389): Bad ov dump:  mdp_overlay z=1 fg=0 alpha=9 mask=-1 flags=0x20200 id=8
07-24 10:22:29.861 E/qdoverlay(389): src msmfb_img w=2176 h=89 format=13 MDP_RGBA_8888
07-24 10:22:29.861 E/qdoverlay(389): src_rect mdp_rect x=0 y=0 w=1581 h=89
07-24 10:22:29.861 E/qdoverlay(389): dst_rect mdp_rect x=105 y=200 w=1431 h=81
07-24 10:22:29.880 E/qdoverlay(389): Bad ov dump:  mdp_overlay z=1 fg=0 alpha=3 mask=-1 flags=0x20200 id=8
07-24 10:22:29.880 E/qdoverlay(389): src msmfb_img w=2176 h=89 format=13 MDP_RGBA_8888
07-24 10:22:29.880 E/qdoverlay(389): src_rect mdp_rect x=0 y=0 w=1583 h=89
07-24 10:22:29.880 E/qdoverlay(389): dst_rect mdp_rect x=108 y=200 w=1428 h=80
07-24 10:22:30.655 E/QCOM PowerHAL(868): Failed to acquire lock.
07-24 10:22:30.974 E/qdoverlay(389): Bad ov dump:  mdp_overlay z=1 fg=0 alpha=77 mask=-1 flags=0x20200 id=8
07-24 10:22:30.974 E/qdoverlay(389): src msmfb_img w=2176 h=89 format=13 MDP_RGBA_8888
07-24 10:22:30.974 E/qdoverlay(389): src_rect mdp_rect x=0 y=0 w=1566 h=89
07-24 10:22:30.974 E/qdoverlay(389): dst_rect mdp_rect x=75 y=200 w=1461 h=83
07-24 10:22:30.974 E/qdoverlay(389): Bad ov dump:  mdp_overlay z=1 fg=0 alpha=77 mask=-1 flags=0x20200 id=32
07-24 10:22:30.974 E/qdoverlay(389): src msmfb_img w=2176 h=89 format=13 MDP_RGBA_8888
07-24 10:22:30.974 E/qdoverlay(389): src_rect mdp_rect x=0 y=0 w=1566 h=89
07-24 10:22:30.974 E/qdoverlay(389): dst_rect mdp_rect x=75 y=200 w=1461 h=83
07-24 10:22:30.990 E/qdoverlay(389): Bad ov dump:  mdp_overlay z=1 fg=0 alpha=137 mask=-1 flags=0x20200 id=8
07-24 10:22:30.990 E/qdoverlay(389): src msmfb_img w=2176 h=89 format=13 MDP_RGBA_8888
07-24 10:22:30.990 E/qdoverlay(389): src_rect mdp_rect x=0 y=0 w=1554 h=89
07-24 10:22:30.990 E/qdoverlay(389): dst_rect mdp_rect x=49 y=200 w=1487 h=85
07-24 10:22:31.007 E/qdoverlay(389): Bad ov dump:  mdp_overlay z=1 fg=0 alpha=179 mask=-1 flags=0x20200 id=8
07-24 10:22:31.007 E/qdoverlay(389): src msmfb_img w=2176 h=89 format=13 MDP_RGBA_8888
07-24 10:22:31.007 E/qdoverlay(389): src_rect mdp_rect x=0 y=0 w=1547 h=89
07-24 10:22:31.007 E/qdoverlay(389): dst_rect mdp_rect x=32 y=200 w=1504 h=87
07-24 10:22:31.024 E/qdoverlay(389): Bad ov dump:  mdp_overlay z=1 fg=0 alpha=212 mask=-1 flags=0x20200 id=8
07-24 10:22:31.025 E/qdoverlay(389): src msmfb_img w=2176 h=89 format=13 MDP_RGBA_8888
07-24 10:22:31.025 E/qdoverlay(389): src_rect mdp_rect x=0 y=0 w=1541 h=88
07-24 10:22:31.025 E/qdoverlay(389): dst_rect mdp_rect x=20 y=200 w=1516 h=88
07-24 10:22:31.041 E/qdoverlay(389): Bad ov dump:  mdp_overlay z=1 fg=0 alpha=233 mask=-1 flags=0x20200 id=8
07-24 10:22:31.041 E/qdoverlay(389): src msmfb_img w=2176 h=89 format=13 MDP_RGBA_8888
07-24 10:22:31.041 E/qdoverlay(389): src_rect mdp_rect x=0 y=0 w=1538 h=88
07-24 10:22:31.041 E/qdoverlay(389): dst_rect mdp_rect x=12 y=200 w=1524 h=88
07-24 10:22:31.420 E/QCOM PowerHAL(868): Failed to acquire lock.
07-24 10:22:31.696 E/QCOM PowerHAL(868): Failed to acquire lock.
07-24 10:22:31.946 E/QCOM PowerHAL(868): Failed to acquire lock.
07-24 10:22:32.074 E/qdoverlay(389): Bad ov dump:  mdp_overlay z=1 fg=0 alpha=182 mask=-1 flags=0x20200 id=8
07-24 10:22:32.074 E/qdoverlay(389): src msmfb_img w=2176 h=221 format=13 MDP_RGBA_8888
07-24 10:22:32.074 E/qdoverlay(389): src_rect mdp_rect x=0 y=0 w=1549 h=221
07-24 10:22:32.074 E/qdoverlay(389): dst_rect mdp_rect x=36 y=200 w=1500 h=214
07-24 10:22:32.091 E/qdoverlay(389): Bad ov dump:  mdp_overlay z=1 fg=0 alpha=121 mask=-1 flags=0x20200 id=8
07-24 10:22:32.091 E/qdoverlay(389): src msmfb_img w=2176 h=221 format=13 MDP_RGBA_8888
07-24 10:22:32.091 E/qdoverlay(389): src_rect mdp_rect x=0 y=0 w=1561 h=221
07-24 10:22:32.091 E/qdoverlay(389): dst_rect mdp_rect x=62 y=200 w=1474 h=209
07-24 10:22:32.108 E/qdoverlay(389): Bad ov dump:  mdp_overlay z=1 fg=0 alpha=76 mask=-1 flags=0x20200 id=8
07-24 10:22:32.108 E/qdoverlay(389): src msmfb_img w=2176 h=221 format=13 MDP_RGBA_8888
07-24 10:22:32.108 E/qdoverlay(389): src_rect mdp_rect x=0 y=0 w=1569 h=221
07-24 10:22:32.108 E/qdoverlay(389): dst_rect mdp_rect x=81 y=200 w=1455 h=205
07-24 10:22:32.124 E/qdoverlay(389): Bad ov dump:  mdp_overlay z=1 fg=0 alpha=45 mask=-1 flags=0x20200 id=8
07-24 10:22:32.124 E/qdoverlay(389): src msmfb_img w=2176 h=221 format=13 MDP_RGBA_8888
07-24 10:22:32.124 E/qdoverlay(389): src_rect mdp_rect x=0 y=0 w=1575 h=221
07-24 10:22:32.124 E/qdoverlay(389): dst_rect mdp_rect x=92 y=200 w=1444 h=203
07-24 10:22:32.141 E/qdoverlay(389): Bad ov dump:  mdp_overlay z=1 fg=0 alpha=23 mask=-1 flags=0x20200 id=8
07-24 10:22:32.141 E/qdoverlay(389): src msmfb_img w=2176 h=221 format=13 MDP_RGBA_8888
07-24 10:22:32.141 E/qdoverlay(389): src_rect mdp_rect x=0 y=0 w=1579 h=221
07-24 10:22:32.141 E/qdoverlay(389): dst_rect mdp_rect x=100 y=200 w=1436 h=201
07-24 10:22:32.158 E/qdoverlay(389): Bad ov dump:  mdp_overlay z=1 fg=0 alpha=9 mask=-1 flags=0x20200 id=8
07-24 10:22:32.158 E/qdoverlay(389): src msmfb_img w=2176 h=221 format=13 MDP_RGBA_8888
07-24 10:22:32.158 E/qdoverlay(389): src_rect mdp_rect x=0 y=0 w=1581 h=221
07-24 10:22:32.158 E/qdoverlay(389): dst_rect mdp_rect x=105 y=200 w=1431 h=200
07-24 10:22:32.175 E/qdoverlay(389): Bad ov dump:  mdp_overlay z=1 fg=0 alpha=3 mask=-1 flags=0x20200 id=8
07-24 10:22:32.175 E/qdoverlay(389): src msmfb_img w=2176 h=221 format=13 MDP_RGBA_8888
07-24 10:22:32.175 E/qdoverlay(389): src_rect mdp_rect x=0 y=0 w=1583 h=221
07-24 10:22:32.175 E/qdoverlay(389): dst_rect mdp_rect x=108 y=200 w=1428 h=199
07-24 10:22:34.335 E/QCOM PowerHAL(868): Failed to acquire lock.
07-24 10:22:34.590 E/qdoverlay(389): Bad ov dump:  mdp_overlay z=1 fg=0 alpha=73 mask=-1 flags=0x20200 id=8
07-24 10:22:34.590 E/qdoverlay(389): src msmfb_img w=2176 h=287 format=13 MDP_RGBA_8888
07-24 10:22:34.590 E/qdoverlay(389): src_rect mdp_rect x=0 y=0 w=1568 h=287
07-24 10:22:34.590 E/qdoverlay(389): dst_rect mdp_rect x=76 y=200 w=1460 h=267
07-24 10:22:34.591 E/qdoverlay(389): Bad ov dump:  mdp_overlay z=1 fg=0 alpha=73 mask=-1 flags=0x20200 id=32
07-24 10:22:34.591 E/qdoverlay(389): src msmfb_img w=2176 h=287 format=13 MDP_RGBA_8888
07-24 10:22:34.591 E/qdoverlay(389): src_rect mdp_rect x=0 y=0 w=1568 h=287
07-24 10:22:34.591 E/qdoverlay(389): dst_rect mdp_rect x=76 y=200 w=1460 h=267
07-24 10:22:34.608 E/qdoverlay(389): Bad ov dump:  mdp_overlay z=1 fg=0 alpha=134 mask=-1 flags=0x20200 id=8
07-24 10:22:34.608 E/qdoverlay(389): src msmfb_img w=2176 h=287 format=13 MDP_RGBA_8888
07-24 10:22:34.608 E/qdoverlay(389): src_rect mdp_rect x=0 y=0 w=1555 h=287
07-24 10:22:34.608 E/qdoverlay(389): dst_rect mdp_rect x=50 y=200 w=1486 h=274
07-24 10:22:34.624 E/qdoverlay(389): Bad ov dump:  mdp_overlay z=1 fg=0 alpha=179 mask=-1 flags=0x20200 id=8
07-24 10:22:34.624 E/qdoverlay(389): src msmfb_img w=2176 h=287 format=13 MDP_RGBA_8888
07-24 10:22:34.624 E/qdoverlay(389): src_rect mdp_rect x=0 y=0 w=1547 h=287
07-24 10:22:34.624 E/qdoverlay(389): dst_rect mdp_rect x=32 y=200 w=1504 h=279
07-24 10:22:34.641 E/qdoverlay(389): Bad ov dump:  mdp_overlay z=1 fg=0 alpha=210 mask=-1 flags=0x20200 id=8
07-24 10:22:34.641 E/qdoverlay(389): src msmfb_img w=2176 h=287 format=13 MDP_RGBA_8888
07-24 10:22:34.641 E/qdoverlay(389): src_rect mdp_rect x=0 y=0 w=1542 h=287
07-24 10:22:34.641 E/qdoverlay(389): dst_rect mdp_rect x=20 y=200 w=1516 h=282
07-24 10:22:34.658 E/qdoverlay(389): Bad ov dump:  mdp_overlay z=1 fg=0 alpha=232 mask=-1 flags=0x20200 id=8
07-24 10:22:34.658 E/qdoverlay(389): src msmfb_img w=2176 h=287 format=13 MDP_RGBA_8888
07-24 10:22:34.658 E/qdoverlay(389): src_rect mdp_rect x=0 y=0 w=1538 h=287
07-24 10:22:34.658 E/qdoverlay(389): dst_rect mdp_rect x=12 y=200 w=1524 h=284
07-24 10:22:35.675 E/QCOM PowerHAL(868): Failed to acquire lock.
07-24 10:22:35.941 E/qdoverlay(389): Bad ov dump:  mdp_overlay z=1 fg=0 alpha=178 mask=-1 flags=0x20200 id=8
07-24 10:22:35.941 E/qdoverlay(389): src msmfb_img w=2176 h=287 format=13 MDP_RGBA_8888
07-24 10:22:35.941 E/qdoverlay(389): src_rect mdp_rect x=0 y=0 w=1549 h=286
07-24 10:22:35.941 E/qdoverlay(389): dst_rect mdp_rect x=38 y=200 w=1498 h=277
07-24 10:22:35.958 E/qdoverlay(389): Bad ov dump:  mdp_overlay z=1 fg=0 alpha=121 mask=-1 flags=0x20200 id=8
07-24 10:22:35.958 E/qdoverlay(389): src msmfb_img w=2176 h=287 format=13 MDP_RGBA_8888
07-24 10:22:35.958 E/qdoverlay(389): src_rect mdp_rect x=0 y=0 w=1561 h=287
07-24 10:22:35.958 E/qdoverlay(389): dst_rect mdp_rect x=62 y=200 w=1474 h=271
07-24 10:22:35.975 E/qdoverlay(389): Bad ov dump:  mdp_overlay z=1 fg=0 alpha=76 mask=-1 flags=0x20200 id=8
07-24 10:22:35.975 E/qdoverlay(389): src msmfb_img w=2176 h=287 format=13 MDP_RGBA_8888
07-24 10:22:35.975 E/qdoverlay(389): src_rect mdp_rect x=0 y=0 w=1569 h=287
07-24 10:22:35.975 E/qdoverlay(389): dst_rect mdp_rect x=81 y=200 w=1455 h=266
07-24 10:22:35.992 E/qdoverlay(389): Bad ov dump:  mdp_overlay z=1 fg=0 alpha=43 mask=-1 flags=0x20200 id=8
07-24 10:22:35.992 E/qdoverlay(389): src msmfb_img w=2176 h=287 format=13 MDP_RGBA_8888
07-24 10:22:35.992 E/qdoverlay(389): src_rect mdp_rect x=0 y=0 w=1575 h=287
07-24 10:22:35.992 E/qdoverlay(389): dst_rect mdp_rect x=93 y=200 w=1443 h=263
07-24 10:22:36.009 E/qdoverlay(389): Bad ov dump:  mdp_overlay z=1 fg=0 alpha=23 mask=-1 flags=0x20200 id=8
07-24 10:22:36.009 E/qdoverlay(389): src msmfb_img w=2176 h=287 format=13 MDP_RGBA_8888
07-24 10:22:36.009 E/qdoverlay(389): src_rect mdp_rect x=0 y=0 w=1579 h=287
07-24 10:22:36.010 E/qdoverlay(389): dst_rect mdp_rect x=100 y=200 w=1436 h=261
07-24 10:22:36.028 E/qdoverlay(389): Bad ov dump:  mdp_overlay z=1 fg=0 alpha=9 mask=-1 flags=0x20200 id=8
07-24 10:22:36.028 E/qdoverlay(389): src msmfb_img w=2176 h=287 format=13 MDP_RGBA_8888
07-24 10:22:36.028 E/qdoverlay(389): src_rect mdp_rect x=0 y=0 w=1581 h=287
07-24 10:22:36.028 E/qdoverlay(389): dst_rect mdp_rect x=105 y=200 w=1431 h=260
07-24 10:22:36.043 E/qdoverlay(389): Bad ov dump:  mdp_overlay z=1 fg=0 alpha=3 mask=-1 flags=0x20200 id=8
07-24 10:22:36.043 E/qdoverlay(389): src msmfb_img w=2176 h=287 format=13 MDP_RGBA_8888
07-24 10:22:36.043 E/qdoverlay(389): src_rect mdp_rect x=0 y=0 w=1583 h=287
07-24 10:22:36.043 E/qdoverlay(389): dst_rect mdp_rect x=108 y=200 w=1428 h=259
07-24 10:22:36.060 E/QCOM PowerHAL(868): Failed to acquire lock.
07-24 10:22:36.311 E/QCOM PowerHAL(868): Failed to acquire lock.
07-24 10:22:36.568 E/QCOM PowerHAL(868): Failed to acquire lock.
07-24 10:22:36.841 E/QCOM PowerHAL(868): Failed to acquire lock.
07-24 10:22:37.856 E/QCOM PowerHAL(868): Failed to acquire lock.
07-24 10:22:42.591 E/QCOM PowerHAL(868): Failed to acquire lock.
07-24 10:22:42.843 E/QCOM PowerHAL(868): Failed to acquire lock.
07-24 10:22:43.108 E/QCOM PowerHAL(868): Failed to acquire lock.
07-24 10:22:43.439 E/QCOM PowerHAL(868): Failed to acquire lock.
07-24 10:22:43.508 E/qdoverlay(389): Bad ov dump:  mdp_overlay z=1 fg=0 alpha=73 mask=-1 flags=0x20200 id=8
07-24 10:22:43.508 E/qdoverlay(389): src msmfb_img w=2176 h=287 format=13 MDP_RGBA_8888
07-24 10:22:43.508 E/qdoverlay(389): src_rect mdp_rect x=0 y=0 w=1568 h=287
07-24 10:22:43.508 E/qdoverlay(389): dst_rect mdp_rect x=76 y=200 w=1460 h=267
07-24 10:22:43.508 E/qdoverlay(389): Bad ov dump:  mdp_overlay z=1 fg=0 alpha=73 mask=-1 flags=0x20200 id=32
07-24 10:22:43.509 E/qdoverlay(389): src msmfb_img w=2176 h=287 format=13 MDP_RGBA_8888
07-24 10:22:43.509 E/qdoverlay(389): src_rect mdp_rect x=0 y=0 w=1568 h=287
07-24 10:22:43.509 E/qdoverlay(389): dst_rect mdp_rect x=76 y=200 w=1460 h=267
07-24 10:22:43.525 E/qdoverlay(389): Bad ov dump:  mdp_overlay z=1 fg=0 alpha=134 mask=-1 flags=0x20200 id=8
07-24 10:22:43.525 E/qdoverlay(389): src msmfb_img w=2176 h=287 format=13 MDP_RGBA_8888
07-24 10:22:43.525 E/qdoverlay(389): src_rect mdp_rect x=0 y=0 w=1555 h=287
07-24 10:22:43.525 E/qdoverlay(389): dst_rect mdp_rect x=50 y=200 w=1486 h=274
07-24 10:22:43.543 E/qdoverlay(389): Bad ov dump:  mdp_overlay z=1 fg=0 alpha=179 mask=-1 flags=0x20200 id=8
07-24 10:22:43.543 E/qdoverlay(389): src msmfb_img w=2176 h=287 format=13 MDP_RGBA_8888
07-24 10:22:43.543 E/qdoverlay(389): src_rect mdp_rect x=0 y=0 w=1547 h=287
07-24 10:22:43.543 E/qdoverlay(389): dst_rect mdp_rect x=32 y=200 w=1504 h=279
07-24 10:22:43.559 E/qdoverlay(389): Bad ov dump:  mdp_overlay z=1 fg=0 alpha=212 mask=-1 flags=0x20200 id=8
07-24 10:22:43.559 E/qdoverlay(389): src msmfb_img w=2176 h=287 format=13 MDP_RGBA_8888
07-24 10:22:43.559 E/qdoverlay(389): src_rect mdp_rect x=0 y=0 w=1541 h=287
07-24 10:22:43.559 E/qdoverlay(389): dst_rect mdp_rect x=20 y=200 w=1516 h=282
07-24 10:22:43.576 E/qdoverlay(389): Bad ov dump:  mdp_overlay z=1 fg=0 alpha=232 mask=-1 flags=0x20200 id=8
07-24 10:22:43.576 E/qdoverlay(389): src msmfb_img w=2176 h=287 format=13 MDP_RGBA_8888
07-24 10:22:43.576 E/qdoverlay(389): src_rect mdp_rect x=0 y=0 w=1538 h=287
07-24 10:22:43.576 E/qdoverlay(389): dst_rect mdp_rect x=12 y=200 w=1524 h=284
07-24 10:22:43.843 E/qdoverlay(389): Bad ov dump:  mdp_overlay z=1 fg=0 alpha=178 mask=-1 flags=0x20200 id=8
07-24 10:22:43.843 E/qdoverlay(389): src msmfb_img w=2176 h=287 format=13 MDP_RGBA_8888
07-24 10:22:43.843 E/qdoverlay(389): src_rect mdp_rect x=0 y=0 w=1549 h=286
07-24 10:22:43.844 E/qdoverlay(389): dst_rect mdp_rect x=38 y=200 w=1498 h=277
07-24 10:22:43.860 E/qdoverlay(389): Bad ov dump:  mdp_overlay z=1 fg=0 alpha=118 mask=-1 flags=0x20200 id=8
07-24 10:22:43.860 E/qdoverlay(389): src msmfb_img w=2176 h=287 format=13 MDP_RGBA_8888
07-24 10:22:43.860 E/qdoverlay(389): src_rect mdp_rect x=0 y=0 w=1561 h=287
07-24 10:22:43.860 E/qdoverlay(389): dst_rect mdp_rect x=64 y=200 w=1472 h=271
07-24 10:22:43.876 E/qdoverlay(389): Bad ov dump:  mdp_overlay z=1 fg=0 alpha=76 mask=-1 flags=0x20200 id=8
07-24 10:22:43.876 E/qdoverlay(389): src msmfb_img w=2176 h=287 format=13 MDP_RGBA_8888
07-24 10:22:43.876 E/qdoverlay(389): src_rect mdp_rect x=0 y=0 w=1569 h=287
07-24 10:22:43.876 E/qdoverlay(389): dst_rect mdp_rect x=81 y=200 w=1455 h=266
07-24 10:22:43.893 E/qdoverlay(389): Bad ov dump:  mdp_overlay z=1 fg=0 alpha=43 mask=-1 flags=0x20200 id=8
07-24 10:22:43.893 E/qdoverlay(389): src msmfb_img w=2176 h=287 format=13 MDP_RGBA_8888
07-24 10:22:43.893 E/qdoverlay(389): src_rect mdp_rect x=0 y=0 w=1575 h=287
07-24 10:22:43.893 E/qdoverlay(389): dst_rect mdp_rect x=93 y=200 w=1443 h=263
07-24 10:22:43.909 E/qdoverlay(389): Bad ov dump:  mdp_overlay z=1 fg=0 alpha=22 mask=-1 flags=0x20200 id=8
07-24 10:22:43.909 E/qdoverlay(389): src msmfb_img w=2176 h=287 format=13 MDP_RGBA_8888
07-24 10:22:43.910 E/qdoverlay(389): src_rect mdp_rect x=0 y=0 w=1578 h=287
07-24 10:22:43.910 E/qdoverlay(389): dst_rect mdp_rect x=101 y=200 w=1435 h=261
07-24 10:22:43.926 E/qdoverlay(389): Bad ov dump:  mdp_overlay z=1 fg=0 alpha=9 mask=-1 flags=0x20200 id=8
07-24 10:22:43.927 E/qdoverlay(389): src msmfb_img w=2176 h=287 format=13 MDP_RGBA_8888
07-24 10:22:43.927 E/qdoverlay(389): src_rect mdp_rect x=0 y=0 w=1581 h=287
07-24 10:22:43.927 E/qdoverlay(389): dst_rect mdp_rect x=105 y=200 w=1431 h=260
07-24 10:22:43.942 E/qdoverlay(389): Bad ov dump:  mdp_overlay z=1 fg=0 alpha=3 mask=-1 flags=0x20200 id=8
07-24 10:22:43.942 E/qdoverlay(389): src msmfb_img w=2176 h=287 format=13 MDP_RGBA_8888
07-24 10:22:43.942 E/qdoverlay(389): src_rect mdp_rect x=0 y=0 w=1583 h=287
07-24 10:22:43.942 E/qdoverlay(389): dst_rect mdp_rect x=108 y=200 w=1428 h=259
07-24 10:22:55.434 E/QCOM PowerHAL(868): Failed to acquire lock.
07-24 10:22:55.694 E/qdoverlay(389): Bad ov dump:  mdp_overlay z=1 fg=0 alpha=77 mask=-1 flags=0x20200 id=8
07-24 10:22:55.694 E/qdoverlay(389): src msmfb_img w=2176 h=580 format=13 MDP_RGBA_8888
07-24 10:22:55.694 E/qdoverlay(389): src_rect mdp_rect x=0 y=0 w=1566 h=580
07-24 10:22:55.694 E/qdoverlay(389): dst_rect mdp_rect x=75 y=200 w=1461 h=541
07-24 10:22:55.695 E/qdoverlay(389): Bad ov dump:  mdp_overlay z=1 fg=0 alpha=77 mask=-1 flags=0x20200 id=32
07-24 10:22:55.695 E/qdoverlay(389): src msmfb_img w=2176 h=580 format=13 MDP_RGBA_8888
07-24 10:22:55.695 E/qdoverlay(389): src_rect mdp_rect x=0 y=0 w=1566 h=580
07-24 10:22:55.695 E/qdoverlay(389): dst_rect mdp_rect x=75 y=200 w=1461 h=541
07-24 10:22:55.710 E/qdoverlay(389): Bad ov dump:  mdp_overlay z=1 fg=0 alpha=137 mask=-1 flags=0x20200 id=8
07-24 10:22:55.711 E/qdoverlay(389): src msmfb_img w=2176 h=580 format=13 MDP_RGBA_8888
07-24 10:22:55.711 E/qdoverlay(389): src_rect mdp_rect x=0 y=0 w=1554 h=580
07-24 10:22:55.711 E/qdoverlay(389): dst_rect mdp_rect x=49 y=200 w=1487 h=555
07-24 10:22:55.720 E/QCOM PowerHAL(868): Failed to acquire lock.
07-24 10:22:55.728 E/qdoverlay(389): Bad ov dump:  mdp_overlay z=1 fg=0 alpha=179 mask=-1 flags=0x20200 id=8
07-24 10:22:55.728 E/qdoverlay(389): src msmfb_img w=2176 h=580 format=13 MDP_RGBA_8888
07-24 10:22:55.728 E/qdoverlay(389): src_rect mdp_rect x=0 y=0 w=1547 h=580
07-24 10:22:55.728 E/qdoverlay(389): dst_rect mdp_rect x=32 y=200 w=1504 h=564
07-24 10:22:55.744 E/qdoverlay(389): Bad ov dump:  mdp_overlay z=1 fg=0 alpha=212 mask=-1 flags=0x20200 id=8
07-24 10:22:55.744 E/qdoverlay(389): src msmfb_img w=2176 h=580 format=13 MDP_RGBA_8888
07-24 10:22:55.744 E/qdoverlay(389): src_rect mdp_rect x=0 y=0 w=1541 h=580
07-24 10:22:55.744 E/qdoverlay(389): dst_rect mdp_rect x=20 y=200 w=1516 h=571
07-24 10:22:55.761 E/qdoverlay(389): Bad ov dump:  mdp_overlay z=1 fg=0 alpha=233 mask=-1 flags=0x20200 id=8
07-24 10:22:55.761 E/qdoverlay(389): src msmfb_img w=2176 h=580 format=13 MDP_RGBA_8888
07-24 10:22:55.761 E/qdoverlay(389): src_rect mdp_rect x=0 y=0 w=1538 h=580
07-24 10:22:55.761 E/qdoverlay(389): dst_rect mdp_rect x=12 y=200 w=1524 h=575
07-24 10:22:56.046 E/qdoverlay(389): Bad ov dump:  mdp_overlay z=1 fg=0 alpha=178 mask=-1 flags=0x20200 id=8
07-24 10:22:56.046 E/qdoverlay(389): src msmfb_img w=2176 h=155 format=13 MDP_RGBA_8888
07-24 10:22:56.046 E/qdoverlay(389): src_rect mdp_rect x=0 y=0 w=1549 h=155
07-24 10:22:56.046 E/qdoverlay(389): dst_rect mdp_rect x=38 y=200 w=1498 h=150
07-24 10:22:56.062 E/qdoverlay(389): Bad ov dump:  mdp_overlay z=1 fg=0 alpha=118 mask=-1 flags=0x20200 id=8
07-24 10:22:56.062 E/qdoverlay(389): src msmfb_img w=2176 h=155 format=13 MDP_RGBA_8888
07-24 10:22:56.062 E/qdoverlay(389): src_rect mdp_rect x=0 y=0 w=1561 h=155
07-24 10:22:56.062 E/qdoverlay(389): dst_rect mdp_rect x=64 y=200 w=1472 h=146
07-24 10:22:56.079 E/qdoverlay(389): Bad ov dump:  mdp_overlay z=1 fg=0 alpha=76 mask=-1 flags=0x20200 id=8
07-24 10:22:56.079 E/qdoverlay(389): src msmfb_img w=2176 h=155 format=13 MDP_RGBA_8888
07-24 10:22:56.079 E/qdoverlay(389): src_rect mdp_rect x=0 y=0 w=1569 h=155
07-24 10:22:56.079 E/qdoverlay(389): dst_rect mdp_rect x=81 y=200 w=1455 h=144
07-24 10:22:56.095 E/qdoverlay(389): Bad ov dump:  mdp_overlay z=1 fg=0 alpha=43 mask=-1 flags=0x20200 id=8
07-24 10:22:56.095 E/qdoverlay(389): src msmfb_img w=2176 h=155 format=13 MDP_RGBA_8888
07-24 10:22:56.096 E/qdoverlay(389): src_rect mdp_rect x=0 y=0 w=1575 h=155
07-24 10:22:56.096 E/qdoverlay(389): dst_rect mdp_rect x=93 y=200 w=1443 h=142
07-24 10:22:56.115 E/qdoverlay(389): Bad ov dump:  mdp_overlay z=1 fg=0 alpha=22 mask=-1 flags=0x20200 id=8
07-24 10:22:56.115 E/qdoverlay(389): src msmfb_img w=2176 h=155 format=13 MDP_RGBA_8888
07-24 10:22:56.116 E/qdoverlay(389): src_rect mdp_rect x=0 y=0 w=1578 h=155
07-24 10:22:56.116 E/qdoverlay(389): dst_rect mdp_rect x=101 y=200 w=1435 h=141
07-24 10:22:56.129 E/qdoverlay(389): Bad ov dump:  mdp_overlay z=1 fg=0 alpha=9 mask=-1 flags=0x20200 id=8
07-24 10:22:56.129 E/qdoverlay(389): src msmfb_img w=2176 h=155 format=13 MDP_RGBA_8888
07-24 10:22:56.129 E/qdoverlay(389): src_rect mdp_rect x=0 y=0 w=1581 h=155
07-24 10:22:56.129 E/qdoverlay(389): dst_rect mdp_rect x=105 y=200 w=1431 h=140
07-24 10:22:56.145 E/qdoverlay(389): Bad ov dump:  mdp_overlay z=1 fg=0 alpha=3 mask=-1 flags=0x20200 id=8
07-24 10:22:56.145 E/qdoverlay(389): src msmfb_img w=2176 h=155 format=13 MDP_RGBA_8888
07-24 10:22:56.145 E/qdoverlay(389): src_rect mdp_rect x=0 y=0 w=1583 h=155
07-24 10:22:56.145 E/qdoverlay(389): dst_rect mdp_rect x=108 y=200 w=1428 h=140
07-24 10:22:56.840 W/ConnectivityExtension(868): ConnectivityExt jar file not present
07-24 10:22:57.357 E/QCOM PowerHAL(868): Failed to acquire lock.
07-24 10:22:57.635 E/QCOM PowerHAL(868): Failed to acquire lock.
07-24 10:22:57.778 E/qdoverlay(389): Bad ov dump:  mdp_overlay z=1 fg=0 alpha=77 mask=-1 flags=0x20200 id=8
07-24 10:22:57.778 E/qdoverlay(389): src msmfb_img w=2176 h=155 format=13 MDP_RGBA_8888
07-24 10:22:57.778 E/qdoverlay(389): src_rect mdp_rect x=0 y=0 w=1566 h=155
07-24 10:22:57.778 E/qdoverlay(389): dst_rect mdp_rect x=75 y=200 w=1461 h=145
07-24 10:22:57.778 E/qdoverlay(389): Bad ov dump:  mdp_overlay z=1 fg=0 alpha=77 mask=-1 flags=0x20200 id=32
07-24 10:22:57.778 E/qdoverlay(389): src msmfb_img w=2176 h=155 format=13 MDP_RGBA_8888
07-24 10:22:57.778 E/qdoverlay(389): src_rect mdp_rect x=0 y=0 w=1566 h=155
07-24 10:22:57.778 E/qdoverlay(389): dst_rect mdp_rect x=75 y=200 w=1461 h=145
07-24 10:22:57.805 E/qdoverlay(389): Bad ov dump:  mdp_overlay z=1 fg=0 alpha=134 mask=-1 flags=0x20200 id=8
07-24 10:22:57.805 E/qdoverlay(389): src msmfb_img w=2176 h=155 format=13 MDP_RGBA_8888
07-24 10:22:57.805 E/qdoverlay(389): src_rect mdp_rect x=0 y=0 w=1555 h=155
07-24 10:22:57.805 E/qdoverlay(389): dst_rect mdp_rect x=50 y=200 w=1486 h=148
07-24 10:22:57.813 E/qdoverlay(389): Bad ov dump:  mdp_overlay z=1 fg=0 alpha=179 mask=-1 flags=0x20200 id=8
07-24 10:22:57.813 E/qdoverlay(389): src msmfb_img w=2176 h=155 format=13 MDP_RGBA_8888
07-24 10:22:57.813 E/qdoverlay(389): src_rect mdp_rect x=0 y=0 w=1547 h=155
07-24 10:22:57.813 E/qdoverlay(389): dst_rect mdp_rect x=32 y=200 w=1504 h=151
07-24 10:22:57.829 E/qdoverlay(389): Bad ov dump:  mdp_overlay z=1 fg=0 alpha=212 mask=-1 flags=0x20200 id=8
07-24 10:22:57.829 E/qdoverlay(389): src msmfb_img w=2176 h=155 format=13 MDP_RGBA_8888
07-24 10:22:57.829 E/qdoverlay(389): src_rect mdp_rect x=0 y=0 w=1541 h=155
07-24 10:22:57.829 E/qdoverlay(389): dst_rect mdp_rect x=20 y=200 w=1516 h=152
07-24 10:22:57.845 E/qdoverlay(389): Bad ov dump:  mdp_overlay z=1 fg=0 alpha=232 mask=-1 flags=0x20200 id=8
07-24 10:22:57.845 E/qdoverlay(389): src msmfb_img w=2176 h=155 format=13 MDP_RGBA_8888
07-24 10:22:57.845 E/qdoverlay(389): src_rect mdp_rect x=0 y=0 w=1538 h=154
07-24 10:22:57.845 E/qdoverlay(389): dst_rect mdp_rect x=12 y=200 w=1524 h=154
07-24 10:22:57.938 E/QCOM PowerHAL(868): Failed to acquire lock.
07-24 10:22:58.630 E/qdoverlay(389): Bad ov dump:  mdp_overlay z=1 fg=0 alpha=178 mask=-1 flags=0x20200 id=8
07-24 10:22:58.630 E/qdoverlay(389): src msmfb_img w=2176 h=580 format=13 MDP_RGBA_8888
07-24 10:22:58.630 E/qdoverlay(389): src_rect mdp_rect x=0 y=0 w=1549 h=580
07-24 10:22:58.630 E/qdoverlay(389): dst_rect mdp_rect x=38 y=200 w=1498 h=561
07-24 10:22:58.646 E/qdoverlay(389): Bad ov dump:  mdp_overlay z=1 fg=0 alpha=118 mask=-1 flags=0x20200 id=8
07-24 10:22:58.646 E/qdoverlay(389): src msmfb_img w=2176 h=580 format=13 MDP_RGBA_8888
07-24 10:22:58.646 E/qdoverlay(389): src_rect mdp_rect x=0 y=0 w=1561 h=580
07-24 10:22:58.646 E/qdoverlay(389): dst_rect mdp_rect x=64 y=200 w=1472 h=547
07-24 10:22:58.665 E/qdoverlay(389): Bad ov dump:  mdp_overlay z=1 fg=0 alpha=76 mask=-1 flags=0x20200 id=8
07-24 10:22:58.666 E/qdoverlay(389): src msmfb_img w=2176 h=580 format=13 MDP_RGBA_8888
07-24 10:22:58.666 E/qdoverlay(389): src_rect mdp_rect x=0 y=0 w=1569 h=580
07-24 10:22:58.666 E/qdoverlay(389): dst_rect mdp_rect x=81 y=200 w=1455 h=538
07-24 10:22:58.682 E/qdoverlay(389): Bad ov dump:  mdp_overlay z=1 fg=0 alpha=43 mask=-1 flags=0x20200 id=8
07-24 10:22:58.682 E/qdoverlay(389): src msmfb_img w=2176 h=580 format=13 MDP_RGBA_8888
07-24 10:22:58.682 E/qdoverlay(389): src_rect mdp_rect x=0 y=0 w=1575 h=580
07-24 10:22:58.682 E/qdoverlay(389): dst_rect mdp_rect x=93 y=200 w=1443 h=531
07-24 10:22:58.701 E/qdoverlay(389): Bad ov dump:  mdp_overlay z=1 fg=0 alpha=22 mask=-1 flags=0x20200 id=8
07-24 10:22:58.701 E/qdoverlay(389): src msmfb_img w=2176 h=580 format=13 MDP_RGBA_8888
07-24 10:22:58.701 E/qdoverlay(389): src_rect mdp_rect x=0 y=0 w=1578 h=580
07-24 10:22:58.701 E/qdoverlay(389): dst_rect mdp_rect x=101 y=200 w=1435 h=527
07-24 10:22:58.716 E/qdoverlay(389): Bad ov dump:  mdp_overlay z=1 fg=0 alpha=9 mask=-1 flags=0x20200 id=8
07-24 10:22:58.716 E/qdoverlay(389): src msmfb_img w=2176 h=580 format=13 MDP_RGBA_8888
07-24 10:22:58.717 E/qdoverlay(389): src_rect mdp_rect x=0 y=0 w=1581 h=580
07-24 10:22:58.717 E/qdoverlay(389): dst_rect mdp_rect x=105 y=200 w=1431 h=525
07-24 10:22:58.732 E/qdoverlay(389): Bad ov dump:  mdp_overlay z=1 fg=0 alpha=3 mask=-1 flags=0x20200 id=8
07-24 10:22:58.732 E/qdoverlay(389): src msmfb_img w=2176 h=580 format=13 MDP_RGBA_8888
07-24 10:22:58.732 E/qdoverlay(389): src_rect mdp_rect x=0 y=0 w=1583 h=580
07-24 10:22:58.732 E/qdoverlay(389): dst_rect mdp_rect x=108 y=200 w=1428 h=523
07-24 10:23:04.710 E/QCOM PowerHAL(868): Failed to acquire lock.
07-24 10:23:05.333 E/QCOM PowerHAL(868): Failed to acquire lock.
07-24 10:23:05.609 E/QCOM PowerHAL(868): Failed to acquire lock.
07-24 10:23:05.859 E/QCOM PowerHAL(868): Failed to acquire lock.
07-24 10:23:06.190 E/QCOM PowerHAL(868): Failed to acquire lock.
07-24 10:23:08.221 E/QCOM PowerHAL(868): Failed to acquire lock.
07-24 10:23:08.324 W/InputMethodService(1040): Window size has been changed. This may cause jankiness of resizing window: -1 -> -2
07-24 10:23:09.590 E/QCOM PowerHAL(868): Failed to acquire lock.
07-24 10:23:09.721 E/QCOM PowerHAL(868): Failed to acquire lock.
07-24 10:23:11.080 E/QCOM PowerHAL(868): Failed to acquire lock.
07-24 10:23:11.172 E/QCOM PowerHAL(868): Failed to acquire lock.
07-24 10:23:11.704 E/QCOM PowerHAL(868): Failed to acquire lock.
07-24 10:23:11.787 E/QCOM PowerHAL(868): Failed to acquire lock.
07-24 10:23:20.742 E/QCOM PowerHAL(868): Failed to acquire lock.
07-24 10:23:20.819 W/InputMethodService(1040): Window size has been changed. This may cause jankiness of resizing window: -1 -> -2
07-24 10:23:20.823 W/msm8974_platform(440): Codec backend bitwidth 16, samplerate 48000
07-24 10:23:20.940 E/BatteryStatsService(868): power: Missing API
07-24 10:23:20.941 E/wifi    (868): wifi_get_supported_feature_set returned error = 0xffffffa1
07-24 10:23:20.942 E/BatteryStatsService(868): no controller energy info supplied
07-24 10:23:20.942 E/BatteryStatsService(868): no controller energy info supplied
07-24 10:23:20.955 E/BatteryStatsService(868): modem info is invalid: ModemActivityInfo{ mTimestamp=0 mSleepTimeMs=0 mIdleTimeMs=0 mTxTimeMs[]=[0, 0, 0, 0, 0] mRxTimeMs=0 mEnergyUsed=0}
07-24 10:23:21.733 E/QCOM PowerHAL(868): Failed to acquire lock.
07-24 10:23:22.065 E/qdoverlay(389): Bad ov dump:  mdp_overlay z=1 fg=0 alpha=77 mask=-1 flags=0x20200 id=8
07-24 10:23:22.065 E/qdoverlay(389): src msmfb_img w=2176 h=580 format=13 MDP_RGBA_8888
07-24 10:23:22.065 E/qdoverlay(389): src_rect mdp_rect x=0 y=0 w=1566 h=580
07-24 10:23:22.065 E/qdoverlay(389): dst_rect mdp_rect x=75 y=200 w=1461 h=541
07-24 10:23:22.066 E/qdoverlay(389): Bad ov dump:  mdp_overlay z=1 fg=0 alpha=77 mask=-1 flags=0x20200 id=32
07-24 10:23:22.066 E/qdoverlay(389): src msmfb_img w=2176 h=580 format=13 MDP_RGBA_8888
07-24 10:23:22.066 E/qdoverlay(389): src_rect mdp_rect x=0 y=0 w=1566 h=580
07-24 10:23:22.066 E/qdoverlay(389): dst_rect mdp_rect x=75 y=200 w=1461 h=541
07-24 10:23:22.082 E/qdoverlay(389): Bad ov dump:  mdp_overlay z=1 fg=0 alpha=134 mask=-1 flags=0x20200 id=8
07-24 10:23:22.082 E/qdoverlay(389): src msmfb_img w=2176 h=580 format=13 MDP_RGBA_8888
07-24 10:23:22.082 E/qdoverlay(389): src_rect mdp_rect x=0 y=0 w=1555 h=580
07-24 10:23:22.082 E/qdoverlay(389): dst_rect mdp_rect x=50 y=200 w=1486 h=554
07-24 10:23:22.099 E/qdoverlay(389): Bad ov dump:  mdp_overlay z=1 fg=0 alpha=179 mask=-1 flags=0x20200 id=8
07-24 10:23:22.099 E/qdoverlay(389): src msmfb_img w=2176 h=580 format=13 MDP_RGBA_8888
07-24 10:23:22.099 E/qdoverlay(389): src_rect mdp_rect x=0 y=0 w=1547 h=580
07-24 10:23:22.099 E/qdoverlay(389): dst_rect mdp_rect x=32 y=200 w=1504 h=564
07-24 10:23:22.116 E/qdoverlay(389): Bad ov dump:  mdp_overlay z=1 fg=0 alpha=212 mask=-1 flags=0x20200 id=8
07-24 10:23:22.116 E/qdoverlay(389): src msmfb_img w=2176 h=580 format=13 MDP_RGBA_8888
07-24 10:23:22.116 E/qdoverlay(389): src_rect mdp_rect x=0 y=0 w=1541 h=580
07-24 10:23:22.116 E/qdoverlay(389): dst_rect mdp_rect x=20 y=200 w=1516 h=571
07-24 10:23:22.132 E/qdoverlay(389): Bad ov dump:  mdp_overlay z=1 fg=0 alpha=232 mask=-1 flags=0x20200 id=8
07-24 10:23:22.132 E/qdoverlay(389): src msmfb_img w=2176 h=580 format=13 MDP_RGBA_8888
07-24 10:23:22.132 E/qdoverlay(389): src_rect mdp_rect x=0 y=0 w=1538 h=580
07-24 10:23:22.132 E/qdoverlay(389): dst_rect mdp_rect x=12 y=200 w=1524 h=575
07-24 10:23:22.431 E/QCOM PowerHAL(868): Failed to acquire lock.
07-24 10:23:25.145 E/QCOM PowerHAL(868): Failed to acquire lock.
07-24 10:23:25.428 E/QCOM PowerHAL(868): Failed to acquire lock.
07-24 10:23:25.707 E/QCOM PowerHAL(868): Failed to acquire lock.
07-24 10:23:25.833 E/qdoverlay(389): Bad ov dump:  mdp_overlay z=1 fg=0 alpha=178 mask=-1 flags=0x20200 id=8
07-24 10:23:25.833 E/qdoverlay(389): src msmfb_img w=2176 h=580 format=13 MDP_RGBA_8888
07-24 10:23:25.833 E/qdoverlay(389): src_rect mdp_rect x=0 y=0 w=1549 h=580
07-24 10:23:25.833 E/qdoverlay(389): dst_rect mdp_rect x=38 y=200 w=1498 h=561
07-24 10:23:25.849 E/qdoverlay(389): Bad ov dump:  mdp_overlay z=1 fg=0 alpha=121 mask=-1 flags=0x20200 id=8
07-24 10:23:25.849 E/qdoverlay(389): src msmfb_img w=2176 h=580 format=13 MDP_RGBA_8888
07-24 10:23:25.850 E/qdoverlay(389): src_rect mdp_rect x=0 y=0 w=1561 h=580
07-24 10:23:25.850 E/qdoverlay(389): dst_rect mdp_rect x=62 y=200 w=1474 h=548
07-24 10:23:25.867 E/qdoverlay(389): Bad ov dump:  mdp_overlay z=1 fg=0 alpha=76 mask=-1 flags=0x20200 id=8
07-24 10:23:25.867 E/qdoverlay(389): src msmfb_img w=2176 h=580 format=13 MDP_RGBA_8888
07-24 10:23:25.867 E/qdoverlay(389): src_rect mdp_rect x=0 y=0 w=1569 h=580
07-24 10:23:25.867 E/qdoverlay(389): dst_rect mdp_rect x=81 y=200 w=1455 h=538
07-24 10:23:25.883 E/qdoverlay(389): Bad ov dump:  mdp_overlay z=1 fg=0 alpha=43 mask=-1 flags=0x20200 id=8
07-24 10:23:25.883 E/qdoverlay(389): src msmfb_img w=2176 h=580 format=13 MDP_RGBA_8888
07-24 10:23:25.883 E/qdoverlay(389): src_rect mdp_rect x=0 y=0 w=1575 h=580
07-24 10:23:25.883 E/qdoverlay(389): dst_rect mdp_rect x=93 y=200 w=1443 h=531
07-24 10:23:25.902 E/qdoverlay(389): Bad ov dump:  mdp_overlay z=1 fg=0 alpha=23 mask=-1 flags=0x20200 id=8
07-24 10:23:25.902 E/qdoverlay(389): src msmfb_img w=2176 h=580 format=13 MDP_RGBA_8888
07-24 10:23:25.902 E/qdoverlay(389): src_rect mdp_rect x=0 y=0 w=1579 h=580
07-24 10:23:25.902 E/qdoverlay(389): dst_rect mdp_rect x=100 y=200 w=1436 h=527
07-24 10:23:25.917 E/qdoverlay(389): Bad ov dump:  mdp_overlay z=1 fg=0 alpha=9 mask=-1 flags=0x20200 id=8
07-24 10:23:25.917 E/qdoverlay(389): src msmfb_img w=2176 h=580 format=13 MDP_RGBA_8888
07-24 10:23:25.917 E/qdoverlay(389): src_rect mdp_rect x=0 y=0 w=1581 h=580
07-24 10:23:25.917 E/qdoverlay(389): dst_rect mdp_rect x=105 y=200 w=1431 h=525
07-24 10:23:25.934 E/qdoverlay(389): Bad ov dump:  mdp_overlay z=1 fg=0 alpha=3 mask=-1 flags=0x20200 id=8
07-24 10:23:25.934 E/qdoverlay(389): src msmfb_img w=2176 h=580 format=13 MDP_RGBA_8888
07-24 10:23:25.934 E/qdoverlay(389): src_rect mdp_rect x=0 y=0 w=1583 h=580
07-24 10:23:25.934 E/qdoverlay(389): dst_rect mdp_rect x=108 y=200 w=1428 h=523
07-24 10:23:26.042 E/QCOM PowerHAL(868): Failed to acquire lock.
07-24 10:23:29.178 E/QCOM PowerHAL(868): Failed to acquire lock.
07-24 10:23:29.467 E/qdoverlay(389): Bad ov dump:  mdp_overlay z=1 fg=0 alpha=73 mask=-1 flags=0x20200 id=8
07-24 10:23:29.467 E/qdoverlay(389): src msmfb_img w=2176 h=580 format=13 MDP_RGBA_8888
07-24 10:23:29.467 E/qdoverlay(389): src_rect mdp_rect x=0 y=0 w=1568 h=580
07-24 10:23:29.467 E/qdoverlay(389): dst_rect mdp_rect x=76 y=200 w=1460 h=540
07-24 10:23:29.467 E/qdoverlay(389): Bad ov dump:  mdp_overlay z=1 fg=0 alpha=73 mask=-1 flags=0x20200 id=32
07-24 10:23:29.467 E/qdoverlay(389): src msmfb_img w=2176 h=580 format=13 MDP_RGBA_8888
07-24 10:23:29.467 E/qdoverlay(389): src_rect mdp_rect x=0 y=0 w=1568 h=580
07-24 10:23:29.467 E/qdoverlay(389): dst_rect mdp_rect x=76 y=200 w=1460 h=540
07-24 10:23:29.477 E/QCOM PowerHAL(868): Failed to acquire lock.
07-24 10:23:29.483 E/qdoverlay(389): Bad ov dump:  mdp_overlay z=1 fg=0 alpha=134 mask=-1 flags=0x20200 id=8
07-24 10:23:29.483 E/qdoverlay(389): src msmfb_img w=2176 h=580 format=13 MDP_RGBA_8888
07-24 10:23:29.483 E/qdoverlay(389): src_rect mdp_rect x=0 y=0 w=1555 h=580
07-24 10:23:29.483 E/qdoverlay(389): dst_rect mdp_rect x=50 y=200 w=1486 h=554
07-24 10:23:29.500 E/qdoverlay(389): Bad ov dump:  mdp_overlay z=1 fg=0 alpha=179 mask=-1 flags=0x20200 id=8
07-24 10:23:29.501 E/qdoverlay(389): src msmfb_img w=2176 h=580 format=13 MDP_RGBA_8888
07-24 10:23:29.501 E/qdoverlay(389): src_rect mdp_rect x=0 y=0 w=1547 h=580
07-24 10:23:29.501 E/qdoverlay(389): dst_rect mdp_rect x=32 y=200 w=1504 h=564
07-24 10:23:29.517 E/qdoverlay(389): Bad ov dump:  mdp_overlay z=1 fg=0 alpha=212 mask=-1 flags=0x20200 id=8
07-24 10:23:29.517 E/qdoverlay(389): src msmfb_img w=2176 h=580 format=13 MDP_RGBA_8888
07-24 10:23:29.517 E/qdoverlay(389): src_rect mdp_rect x=0 y=0 w=1541 h=580
07-24 10:23:29.517 E/qdoverlay(389): dst_rect mdp_rect x=20 y=200 w=1516 h=571
07-24 10:23:29.534 E/qdoverlay(389): Bad ov dump:  mdp_overlay z=1 fg=0 alpha=232 mask=-1 flags=0x20200 id=8
07-24 10:23:29.534 E/qdoverlay(389): src msmfb_img w=2176 h=580 format=13 MDP_RGBA_8888
07-24 10:23:29.534 E/qdoverlay(389): src_rect mdp_rect x=0 y=0 w=1538 h=580
07-24 10:23:29.534 E/qdoverlay(389): dst_rect mdp_rect x=12 y=200 w=1524 h=575
07-24 10:23:29.746 E/QCOM PowerHAL(868): Failed to acquire lock.
07-24 10:23:30.010 E/QCOM PowerHAL(868): Failed to acquire lock.
07-24 10:23:31.575 E/QCOM PowerHAL(868): Failed to acquire lock.
07-24 10:23:31.694 W/InputMethodService(1040): Window size has been changed. This may cause jankiness of resizing window: -1 -> -2
07-24 10:23:31.725 W/IInputConnectionWrapper(3183): finishComposingText on inactive InputConnection
07-24 10:23:31.735 E/qdoverlay(389): Bad ov dump:  mdp_overlay z=1 fg=0 alpha=182 mask=-1 flags=0x20200 id=8
07-24 10:23:31.735 E/qdoverlay(389): src msmfb_img w=2176 h=89 format=13 MDP_RGBA_8888
07-24 10:23:31.735 E/qdoverlay(389): src_rect mdp_rect x=0 y=0 w=1549 h=89
07-24 10:23:31.735 E/qdoverlay(389): dst_rect mdp_rect x=36 y=200 w=1500 h=86
07-24 10:23:31.751 E/qdoverlay(389): Bad ov dump:  mdp_overlay z=1 fg=0 alpha=121 mask=-1 flags=0x20200 id=8
07-24 10:23:31.751 E/qdoverlay(389): src msmfb_img w=2176 h=89 format=13 MDP_RGBA_8888
07-24 10:23:31.751 E/qdoverlay(389): src_rect mdp_rect x=0 y=0 w=1561 h=89
07-24 10:23:31.751 E/qdoverlay(389): dst_rect mdp_rect x=62 y=200 w=1474 h=84
07-24 10:23:31.764 W/IInputConnectionWrapper(3183): finishComposingText on inactive InputConnection
07-24 10:23:31.768 E/qdoverlay(389): Bad ov dump:  mdp_overlay z=1 fg=0 alpha=76 mask=-1 flags=0x20200 id=8
07-24 10:23:31.768 E/qdoverlay(389): src msmfb_img w=2176 h=89 format=13 MDP_RGBA_8888
07-24 10:23:31.768 E/qdoverlay(389): src_rect mdp_rect x=0 y=0 w=1569 h=89
07-24 10:23:31.768 E/qdoverlay(389): dst_rect mdp_rect x=81 y=200 w=1455 h=83
07-24 10:23:31.787 E/qdoverlay(389): Bad ov dump:  mdp_overlay z=1 fg=0 alpha=45 mask=-1 flags=0x20200 id=8
07-24 10:23:31.787 E/qdoverlay(389): src msmfb_img w=2176 h=89 format=13 MDP_RGBA_8888
07-24 10:23:31.787 E/qdoverlay(389): src_rect mdp_rect x=0 y=0 w=1575 h=89
07-24 10:23:31.787 E/qdoverlay(389): dst_rect mdp_rect x=92 y=200 w=1444 h=82
07-24 10:23:31.801 E/qdoverlay(389): Bad ov dump:  mdp_overlay z=1 fg=0 alpha=23 mask=-1 flags=0x20200 id=8
07-24 10:23:31.801 E/qdoverlay(389): src msmfb_img w=2176 h=89 format=13 MDP_RGBA_8888
07-24 10:23:31.801 E/qdoverlay(389): src_rect mdp_rect x=0 y=0 w=1579 h=89
07-24 10:23:31.801 E/qdoverlay(389): dst_rect mdp_rect x=100 y=200 w=1436 h=81
07-24 10:23:31.822 E/qdoverlay(389): Bad ov dump:  mdp_overlay z=1 fg=0 alpha=9 mask=-1 flags=0x20200 id=8
07-24 10:23:31.822 E/qdoverlay(389): src msmfb_img w=2176 h=89 format=13 MDP_RGBA_8888
07-24 10:23:31.822 E/qdoverlay(389): src_rect mdp_rect x=0 y=0 w=1581 h=89
07-24 10:23:31.822 E/qdoverlay(389): dst_rect mdp_rect x=105 y=200 w=1431 h=81
07-24 10:23:31.835 E/qdoverlay(389): Bad ov dump:  mdp_overlay z=1 fg=0 alpha=3 mask=-1 flags=0x20200 id=8
07-24 10:23:31.835 E/qdoverlay(389): src msmfb_img w=2176 h=89 format=13 MDP_RGBA_8888
07-24 10:23:31.835 E/qdoverlay(389): src_rect mdp_rect x=0 y=0 w=1583 h=89
07-24 10:23:31.835 E/qdoverlay(389): dst_rect mdp_rect x=108 y=200 w=1428 h=80
07-24 10:23:32.939 E/QCOM PowerHAL(868): Failed to acquire lock.
07-24 10:23:32.982 W/InputMethodService(1040): Window size has been changed. This may cause jankiness of resizing window: -1 -> -2
07-24 10:23:33.918 E/QCOM PowerHAL(868): Failed to acquire lock.
07-24 10:23:34.151 E/qdoverlay(389): Bad ov dump:  mdp_overlay z=2 fg=0 alpha=73 mask=-1 flags=0x20200 id=1
07-24 10:23:34.151 E/qdoverlay(389): src msmfb_img w=2176 h=89 format=13 MDP_RGBA_8888
07-24 10:23:34.151 E/qdoverlay(389): src_rect mdp_rect x=0 y=0 w=1568 h=89
07-24 10:23:34.151 E/qdoverlay(389): dst_rect mdp_rect x=76 y=200 w=1460 h=83
07-24 10:23:34.185 E/qdoverlay(389): Bad ov dump:  mdp_overlay z=1 fg=0 alpha=179 mask=-1 flags=0x20200 id=8
07-24 10:23:34.185 E/qdoverlay(389): src msmfb_img w=2176 h=89 format=13 MDP_RGBA_8888
07-24 10:23:34.185 E/qdoverlay(389): src_rect mdp_rect x=0 y=0 w=1547 h=89
07-24 10:23:34.185 E/qdoverlay(389): dst_rect mdp_rect x=32 y=200 w=1504 h=87
07-24 10:23:34.195 E/qdoverlay(389): Bad ov dump:  mdp_overlay z=1 fg=0 alpha=179 mask=-1 flags=0x20200 id=32
07-24 10:23:34.195 E/qdoverlay(389): src msmfb_img w=2176 h=89 format=13 MDP_RGBA_8888
07-24 10:23:34.195 E/qdoverlay(389): src_rect mdp_rect x=0 y=0 w=1547 h=89
07-24 10:23:34.195 E/qdoverlay(389): dst_rect mdp_rect x=32 y=200 w=1504 h=87
07-24 10:23:34.213 E/qdoverlay(389): Bad ov dump:  mdp_overlay z=1 fg=0 alpha=210 mask=-1 flags=0x20200 id=8
07-24 10:23:34.213 E/qdoverlay(389): src msmfb_img w=2176 h=89 format=13 MDP_RGBA_8888
07-24 10:23:34.213 E/qdoverlay(389): src_rect mdp_rect x=0 y=0 w=1542 h=88
07-24 10:23:34.213 E/qdoverlay(389): dst_rect mdp_rect x=20 y=200 w=1516 h=88
07-24 10:23:34.219 E/QCOM PowerHAL(868): Failed to acquire lock.
07-24 10:23:34.220 E/qdoverlay(389): Bad ov dump:  mdp_overlay z=1 fg=0 alpha=232 mask=-1 flags=0x20200 id=8
07-24 10:23:34.220 E/qdoverlay(389): src msmfb_img w=2176 h=89 format=13 MDP_RGBA_8888
07-24 10:23:34.220 E/qdoverlay(389): src_rect mdp_rect x=0 y=0 w=1538 h=88
07-24 10:23:34.220 E/qdoverlay(389): dst_rect mdp_rect x=12 y=200 w=1524 h=88
07-24 10:23:34.515 E/QCOM PowerHAL(868): Failed to acquire lock.
07-24 10:23:34.796 E/QCOM PowerHAL(868): Failed to acquire lock.
07-24 10:23:35.268 E/qdoverlay(389): Bad ov dump:  mdp_overlay z=1 fg=0 alpha=182 mask=-1 flags=0x20200 id=8
07-24 10:23:35.268 E/qdoverlay(389): src msmfb_img w=2176 h=580 format=13 MDP_RGBA_8888
07-24 10:23:35.268 E/qdoverlay(389): src_rect mdp_rect x=0 y=0 w=1549 h=580
07-24 10:23:35.268 E/qdoverlay(389): dst_rect mdp_rect x=36 y=200 w=1500 h=562
07-24 10:23:35.285 E/qdoverlay(389): Bad ov dump:  mdp_overlay z=1 fg=0 alpha=121 mask=-1 flags=0x20200 id=8
07-24 10:23:35.285 E/qdoverlay(389): src msmfb_img w=2176 h=580 format=13 MDP_RGBA_8888
07-24 10:23:35.285 E/qdoverlay(389): src_rect mdp_rect x=0 y=0 w=1561 h=580
07-24 10:23:35.285 E/qdoverlay(389): dst_rect mdp_rect x=62 y=200 w=1474 h=548
07-24 10:23:35.301 E/qdoverlay(389): Bad ov dump:  mdp_overlay z=1 fg=0 alpha=76 mask=-1 flags=0x20200 id=8
07-24 10:23:35.301 E/qdoverlay(389): src msmfb_img w=2176 h=580 format=13 MDP_RGBA_8888
07-24 10:23:35.301 E/qdoverlay(389): src_rect mdp_rect x=0 y=0 w=1569 h=580
07-24 10:23:35.301 E/qdoverlay(389): dst_rect mdp_rect x=81 y=200 w=1455 h=538
07-24 10:23:35.318 E/qdoverlay(389): Bad ov dump:  mdp_overlay z=1 fg=0 alpha=45 mask=-1 flags=0x20200 id=8
07-24 10:23:35.318 E/qdoverlay(389): src msmfb_img w=2176 h=580 format=13 MDP_RGBA_8888
07-24 10:23:35.318 E/qdoverlay(389): src_rect mdp_rect x=0 y=0 w=1575 h=580
07-24 10:23:35.318 E/qdoverlay(389): dst_rect mdp_rect x=92 y=200 w=1444 h=532
07-24 10:23:35.335 E/qdoverlay(389): Bad ov dump:  mdp_overlay z=1 fg=0 alpha=23 mask=-1 flags=0x20200 id=8
07-24 10:23:35.335 E/qdoverlay(389): src msmfb_img w=2176 h=580 format=13 MDP_RGBA_8888
07-24 10:23:35.335 E/qdoverlay(389): src_rect mdp_rect x=0 y=0 w=1579 h=580
07-24 10:23:35.335 E/qdoverlay(389): dst_rect mdp_rect x=100 y=200 w=1436 h=527
07-24 10:23:35.351 E/qdoverlay(389): Bad ov dump:  mdp_overlay z=1 fg=0 alpha=9 mask=-1 flags=0x20200 id=8
07-24 10:23:35.351 E/qdoverlay(389): src msmfb_img w=2176 h=580 format=13 MDP_RGBA_8888
07-24 10:23:35.351 E/qdoverlay(389): src_rect mdp_rect x=0 y=0 w=1581 h=580
07-24 10:23:35.351 E/qdoverlay(389): dst_rect mdp_rect x=105 y=200 w=1431 h=525
07-24 10:23:35.367 E/qdoverlay(389): Bad ov dump:  mdp_overlay z=1 fg=0 alpha=3 mask=-1 flags=0x20200 id=8
07-24 10:23:35.367 E/qdoverlay(389): src msmfb_img w=2176 h=580 format=13 MDP_RGBA_8888
07-24 10:23:35.367 E/qdoverlay(389): src_rect mdp_rect x=0 y=0 w=1583 h=580
07-24 10:23:35.367 E/qdoverlay(389): dst_rect mdp_rect x=108 y=200 w=1428 h=523
07-24 10:23:35.566 E/QCOM PowerHAL(868): Failed to acquire lock.
07-24 10:23:35.909 E/QCOM PowerHAL(868): Failed to acquire lock.
07-24 10:23:35.951 E/qdoverlay(389): Bad ov dump:  mdp_overlay z=1 fg=0 alpha=77 mask=-1 flags=0x20200 id=8
07-24 10:23:35.951 E/qdoverlay(389): src msmfb_img w=2176 h=551 format=13 MDP_RGBA_8888
07-24 10:23:35.951 E/qdoverlay(389): src_rect mdp_rect x=0 y=0 w=1566 h=551
07-24 10:23:35.951 E/qdoverlay(389): dst_rect mdp_rect x=75 y=200 w=1461 h=514
07-24 10:23:35.952 E/qdoverlay(389): Bad ov dump:  mdp_overlay z=1 fg=0 alpha=77 mask=-1 flags=0x20200 id=32
07-24 10:23:35.952 E/qdoverlay(389): src msmfb_img w=2176 h=551 format=13 MDP_RGBA_8888
07-24 10:23:35.952 E/qdoverlay(389): src_rect mdp_rect x=0 y=0 w=1566 h=551
07-24 10:23:35.952 E/qdoverlay(389): dst_rect mdp_rect x=75 y=200 w=1461 h=514
07-24 10:23:35.967 E/qdoverlay(389): Bad ov dump:  mdp_overlay z=1 fg=0 alpha=134 mask=-1 flags=0x20200 id=8
07-24 10:23:35.967 E/qdoverlay(389): src msmfb_img w=2176 h=551 format=13 MDP_RGBA_8888
07-24 10:23:35.968 E/qdoverlay(389): src_rect mdp_rect x=0 y=0 w=1555 h=551
07-24 10:23:35.968 E/qdoverlay(389): dst_rect mdp_rect x=50 y=200 w=1486 h=527
07-24 10:23:35.984 E/qdoverlay(389): Bad ov dump:  mdp_overlay z=1 fg=0 alpha=179 mask=-1 flags=0x20200 id=8
07-24 10:23:35.984 E/qdoverlay(389): src msmfb_img w=2176 h=551 format=13 MDP_RGBA_8888
07-24 10:23:35.984 E/qdoverlay(389): src_rect mdp_rect x=0 y=0 w=1547 h=551
07-24 10:23:35.984 E/qdoverlay(389): dst_rect mdp_rect x=32 y=200 w=1504 h=536
07-24 10:23:36.002 E/qdoverlay(389): Bad ov dump:  mdp_overlay z=1 fg=0 alpha=212 mask=-1 flags=0x20200 id=8
07-24 10:23:36.002 E/qdoverlay(389): src msmfb_img w=2176 h=551 format=13 MDP_RGBA_8888
07-24 10:23:36.002 E/qdoverlay(389): src_rect mdp_rect x=0 y=0 w=1541 h=551
07-24 10:23:36.002 E/qdoverlay(389): dst_rect mdp_rect x=20 y=200 w=1516 h=542
07-24 10:23:36.018 E/qdoverlay(389): Bad ov dump:  mdp_overlay z=1 fg=0 alpha=232 mask=-1 flags=0x20200 id=8
07-24 10:23:36.018 E/qdoverlay(389): src msmfb_img w=2176 h=551 format=13 MDP_RGBA_8888
07-24 10:23:36.018 E/qdoverlay(389): src_rect mdp_rect x=0 y=0 w=1538 h=551
07-24 10:23:36.018 E/qdoverlay(389): dst_rect mdp_rect x=12 y=200 w=1524 h=546
07-24 10:23:36.180 E/QCOM PowerHAL(868): Failed to acquire lock.
07-24 10:23:36.464 E/QCOM PowerHAL(868): Failed to acquire lock.
07-24 10:23:36.685 E/qdoverlay(389): Bad ov dump:  mdp_overlay z=1 fg=0 alpha=182 mask=-1 flags=0x20200 id=8
07-24 10:23:36.685 E/qdoverlay(389): src msmfb_img w=2176 h=287 format=13 MDP_RGBA_8888
07-24 10:23:36.685 E/qdoverlay(389): src_rect mdp_rect x=0 y=0 w=1549 h=287
07-24 10:23:36.685 E/qdoverlay(389): dst_rect mdp_rect x=36 y=200 w=1500 h=278
07-24 10:23:36.701 E/qdoverlay(389): Bad ov dump:  mdp_overlay z=1 fg=0 alpha=121 mask=-1 flags=0x20200 id=8
07-24 10:23:36.701 E/qdoverlay(389): src msmfb_img w=2176 h=287 format=13 MDP_RGBA_8888
07-24 10:23:36.701 E/qdoverlay(389): src_rect mdp_rect x=0 y=0 w=1561 h=287
07-24 10:23:36.701 E/qdoverlay(389): dst_rect mdp_rect x=62 y=200 w=1474 h=271
07-24 10:23:36.718 E/qdoverlay(389): Bad ov dump:  mdp_overlay z=1 fg=0 alpha=76 mask=-1 flags=0x20200 id=8
07-24 10:23:36.718 E/qdoverlay(389): src msmfb_img w=2176 h=287 format=13 MDP_RGBA_8888
07-24 10:23:36.718 E/qdoverlay(389): src_rect mdp_rect x=0 y=0 w=1569 h=287
07-24 10:23:36.718 E/qdoverlay(389): dst_rect mdp_rect x=81 y=200 w=1455 h=266
07-24 10:23:36.734 E/qdoverlay(389): Bad ov dump:  mdp_overlay z=1 fg=0 alpha=45 mask=-1 flags=0x20200 id=8
07-24 10:23:36.734 E/qdoverlay(389): src msmfb_img w=2176 h=287 format=13 MDP_RGBA_8888
07-24 10:23:36.734 E/qdoverlay(389): src_rect mdp_rect x=0 y=0 w=1575 h=287
07-24 10:23:36.734 E/qdoverlay(389): dst_rect mdp_rect x=92 y=200 w=1444 h=263
07-24 10:23:36.738 E/QCOM PowerHAL(868): Failed to acquire lock.
07-24 10:23:36.756 E/qdoverlay(389): Bad ov dump:  mdp_overlay z=1 fg=0 alpha=23 mask=-1 flags=0x20200 id=8
07-24 10:23:36.756 E/qdoverlay(389): src msmfb_img w=2176 h=287 format=13 MDP_RGBA_8888
07-24 10:23:36.756 E/qdoverlay(389): src_rect mdp_rect x=0 y=0 w=1579 h=287
07-24 10:23:36.756 E/qdoverlay(389): dst_rect mdp_rect x=100 y=200 w=1436 h=261
07-24 10:23:36.770 E/qdoverlay(389): Bad ov dump:  mdp_overlay z=1 fg=0 alpha=9 mask=-1 flags=0x20200 id=8
07-24 10:23:36.771 E/qdoverlay(389): src msmfb_img w=2176 h=287 format=13 MDP_RGBA_8888
07-24 10:23:36.771 E/qdoverlay(389): src_rect mdp_rect x=0 y=0 w=1581 h=287
07-24 10:23:36.771 E/qdoverlay(389): dst_rect mdp_rect x=105 y=200 w=1431 h=260
07-24 10:23:36.787 E/qdoverlay(389): Bad ov dump:  mdp_overlay z=1 fg=0 alpha=3 mask=-1 flags=0x20200 id=8
07-24 10:23:36.787 E/qdoverlay(389): src msmfb_img w=2176 h=287 format=13 MDP_RGBA_8888
07-24 10:23:36.787 E/qdoverlay(389): src_rect mdp_rect x=0 y=0 w=1583 h=287
07-24 10:23:36.787 E/qdoverlay(389): dst_rect mdp_rect x=108 y=200 w=1428 h=259
07-24 10:23:37.806 E/QCOM PowerHAL(868): Failed to acquire lock.
07-24 10:23:37.907 W/InputMethodService(1040): Window size has been changed. This may cause jankiness of resizing window: -1 -> -2
07-24 10:23:41.788 E/QCOM PowerHAL(868): Failed to acquire lock.
07-24 10:23:41.891 E/QCOM PowerHAL(868): Failed to acquire lock.
07-24 10:23:42.171 E/QCOM PowerHAL(868): Failed to acquire lock.
07-24 10:23:42.244 E/QCOM PowerHAL(868): Failed to acquire lock.
07-24 10:23:44.312 E/QCOM PowerHAL(868): Failed to acquire lock.
07-24 10:23:44.565 E/QCOM PowerHAL(868): Failed to acquire lock.
07-24 10:23:48.494 E/QCOM PowerHAL(868): Failed to acquire lock.
07-24 10:23:48.539 E/QCOM PowerHAL(868): Failed to acquire lock.
07-24 10:23:51.401 E/QCOM PowerHAL(868): Failed to acquire lock.
